*****************************************************************
Pin Report - Date: Thu Oct 18 17:06:52 2018 Pinchecksum: NOT-AVAILABLE
Product: Designer
Release: PolarFire v2.3
Version: 12.200.35.9
Design Name: TOP
Family: PolarFire
Die: MPF300TS_ES
Package: FCG1152
*****************************************************************

Port           |Pin  |Fixed |Function                                     |Bank     |I/O Std   |Direction          |User I/O Lock Down |Clamp Diode   |Resistor Pull   |Schmitt Trigger |Vcm Input Range    |On Die Termination |Odt Value (Ohm) |Input Delay |Slew              |Output Drive (mA) |Impedance (ohm)  |Output Load (pF)         |Source Termination (Ohm) |Output Delay |
---------------|-----|------|---------------------------------------------|---------|----------|-------------------|-------------------|--------------|----------------|----------------|-------------------|-------------------|----------------|------------|------------------|------------------|-----------------|-------------------------|-------------------------|-------------|
A[0]            AL27  Yes    HSIO72NB1                                     Bank1     SSTL15II   Output              No                  ON             ---              ---              ---                 ---                 30               ---          OFF                ---                34                5                         ---                       ---           
A[1]            AL26  Yes    HSIO72PB1/CCC_NE_CLKIN_N_11                   Bank1     SSTL15II   Output              No                  ON             ---              ---              ---                 ---                 30               ---          OFF                ---                34                5                         ---                       ---           
A[2]            AM27  Yes    HSIO73NB1                                     Bank1     SSTL15II   Output              No                  ON             ---              ---              ---                 ---                 30               ---          OFF                ---                34                5                         ---                       ---           
A[3]            AN27  Yes    HSIO73PB1/CCC_NE_PLL0_OUT1                    Bank1     SSTL15II   Output              No                  ON             ---              ---              ---                 ---                 30               ---          OFF                ---                34                5                         ---                       ---           
A[4]            AN26  Yes    HSIO76NB1                                     Bank1     SSTL15II   Output              No                  ON             ---              ---              ---                 ---                 30               ---          OFF                ---                34                5                         ---                       ---           
A[5]            AP25  Yes    HSIO76PB1                                     Bank1     SSTL15II   Output              No                  ON             ---              ---              ---                 ---                 30               ---          OFF                ---                34                5                         ---                       ---           
A[6]            AL25  Yes    HSIO77NB1                                     Bank1     SSTL15II   Output              No                  ON             ---              ---              ---                 ---                 30               ---          OFF                ---                34                5                         ---                       ---           
A[7]            AK25  Yes    HSIO77PB1                                     Bank1     SSTL15II   Output              No                  ON             ---              ---              ---                 ---                 30               ---          OFF                ---                34                5                         ---                       ---           
A[8]            AJ23  Yes    HSIO79NB1                                     Bank1     SSTL15II   Output              No                  ON             ---              ---              ---                 ---                 30               ---          OFF                ---                34                5                         ---                       ---           
A[9]            AH23  Yes    HSIO79PB1/CCC_NE_PLL1_OUT1                    Bank1     SSTL15II   Output              No                  ON             ---              ---              ---                 ---                 30               ---          OFF                ---                34                5                         ---                       ---           
A[10]           AJ25  Yes    HSIO81NB1/DQS                                 Bank1     SSTL15II   Output              No                  ON             ---              ---              ---                 ---                 30               ---          OFF                ---                34                5                         ---                       ---           
A[11]           AJ24  Yes    HSIO81PB1/DQS/CCC_NE_PLL1_OUT0                Bank1     SSTL15II   Output              No                  ON             ---              ---              ---                 ---                 30               ---          OFF                ---                34                5                         ---                       ---           
A[12]           AL22  Yes    HSIO82NB1                                     Bank1     SSTL15II   Output              No                  ON             ---              ---              ---                 ---                 30               ---          OFF                ---                34                5                         ---                       ---           
A[13]           AK23  Yes    HSIO82PB1                                     Bank1     SSTL15II   Output              No                  ON             ---              ---              ---                 ---                 30               ---          OFF                ---                34                5                         ---                       ---           
A[14]           AL24  Yes    HSIO83NB1                                     Bank1     SSTL15II   Output              No                  ON             ---              ---              ---                 ---                 30               ---          OFF                ---                34                5                         ---                       ---           
A[15]           AL23  Yes    HSIO83PB1                                     Bank1     SSTL15II   Output              No                  ON             ---              ---              ---                 ---                 30               ---          OFF                ---                34                5                         ---                       ---           
BA[0]           AE25  Yes    HSIO84PB1                                     Bank1     SSTL15II   Output              No                  ON             ---              ---              ---                 ---                 30               ---          OFF                ---                34                5                         ---                       ---           
BA[1]           AD23  Yes    HSIO85NB1                                     Bank1     SSTL15II   Output              No                  ON             ---              ---              ---                 ---                 30               ---          OFF                ---                34                5                         ---                       ---           
BA[2]           AD25  Yes    HSIO84NB1                                     Bank1     SSTL15II   Output              No                  ON             ---              ---              ---                 ---                 30               ---          OFF                ---                34                5                         ---                       ---           
CAS_N           AF25  Yes    HSIO86NB1                                     Bank1     SSTL15II   Output              No                  ON             ---              ---              ---                 ---                 30               ---          OFF                ---                34                5                         ---                       ---           
CK0             AP26  Yes    HSIO75PB1/DQS/CCC_NE_PLL0_OUT0                Bank1     SSTL15II   Output              No                  ON             ---              ---              ---                 ---                 30               ---          OFF                ---                34                5                         ---                       ---           
CK0_N           AP27  Yes    HSIO75NB1/DQS                                 Bank1     SSTL15II   Output              No                  ON             ---              ---              ---                 ---                 30               ---          OFF                ---                34                5                         ---                       ---           
CKE             AF22  Yes    HSIO87PB1/DQS                                 Bank1     SSTL15II   Output              No                  ON             ---              ---              ---                 ---                 30               ---          OFF                ---                34                5                         ---                       ---           
CS_N            AE22  Yes    HSIO87NB1/DQS                                 Bank1     SSTL15II   Output              No                  ON             ---              ---              ---                 ---                 30               ---          OFF                ---                34                5                         ---                       ---           
DM[0]           AN23  Yes    HSIO95NB1                                     Bank1     SSTL15II   Output              No                  ON             ---              ---              ---                 ---                 30               ---          OFF                ---                34                5                         ---                       OFF           
DM[1]           AL20  Yes    HSIO101PB1                                    Bank1     SSTL15II   Output              No                  ON             ---              ---              ---                 ---                 30               ---          OFF                ---                34                5                         ---                       OFF           
DQ[0]           AN22  Yes    HSIO90NB1                                     Bank1     SSTL15II   Inout               No                  ON             None             OFF              MID                 ON                  30               ---          OFF                ---                34                5                         ---                       ---           
DQ[1]           AN21  Yes    HSIO90PB1                                     Bank1     SSTL15II   Inout               No                  ON             None             OFF              MID                 ON                  30               ---          OFF                ---                34                5                         ---                       ---           
DQ[2]           AM24  Yes    HSIO91NB1                                     Bank1     SSTL15II   Inout               No                  ON             None             OFF              MID                 ON                  30               ---          OFF                ---                34                5                         ---                       ---           
DQ[3]           AN24  Yes    HSIO91PB1                                     Bank1     SSTL15II   Inout               No                  ON             None             OFF              MID                 ON                  30               ---          OFF                ---                34                5                         ---                       ---           
DQ[4]           AP21  Yes    HSIO92NB1                                     Bank1     SSTL15II   Inout               No                  ON             None             OFF              MID                 ON                  30               ---          OFF                ---                34                5                         ---                       ---           
DQ[5]           AP20  Yes    HSIO92PB1                                     Bank1     SSTL15II   Inout               No                  ON             None             OFF              MID                 ON                  30               ---          OFF                ---                34                5                         ---                       ---           
DQ[6]           AP19  Yes    HSIO94NB1                                     Bank1     SSTL15II   Inout               No                  ON             None             OFF              MID                 ON                  30               ---          OFF                ---                34                5                         ---                       ---           
DQ[7]           AN19  Yes    HSIO94PB1                                     Bank1     SSTL15II   Inout               No                  ON             None             OFF              MID                 ON                  30               ---          OFF                ---                34                5                         ---                       ---           
DQ[8]           AM21  Yes    HSIO96NB1                                     Bank1     SSTL15II   Inout               No                  ON             None             OFF              MID                 ON                  30               ---          OFF                ---                34                5                         ---                       ---           
DQ[9]           AK22  Yes    HSIO97NB1                                     Bank1     SSTL15II   Inout               No                  ON             None             OFF              MID                 ON                  30               ---          OFF                ---                34                5                         ---                       ---           
DQ[10]          AK21  Yes    HSIO97PB1                                     Bank1     SSTL15II   Inout               No                  ON             None             OFF              MID                 ON                  30               ---          OFF                ---                34                5                         ---                       ---           
DQ[11]          AK20  Yes    HSIO98NB1                                     Bank1     SSTL15II   Inout               No                  ON             None             OFF              MID                 ON                  30               ---          OFF                ---                34                5                         ---                       ---           
DQ[12]          AJ20  Yes    HSIO98PB1/CLKIN_N_6                           Bank1     SSTL15II   Inout               No                  ON             None             OFF              MID                 ON                  30               ---          OFF                ---                34                5                         ---                       ---           
DQ[13]          AH21  Yes    HSIO100NB1                                    Bank1     SSTL15II   Inout               No                  ON             None             OFF              MID                 ON                  30               ---          OFF                ---                34                5                         ---                       ---           
DQ[14]          AG21  Yes    HSIO100PB1                                    Bank1     SSTL15II   Inout               No                  ON             None             OFF              MID                 ON                  30               ---          OFF                ---                34                5                         ---                       ---           
DQ[15]          AM19  Yes    HSIO101NB1                                    Bank1     SSTL15II   Inout               No                  ON             None             OFF              MID                 ON                  30               ---          OFF                ---                34                5                         ---                       ---           
DQS[0]          AP23  Yes    HSIO93PB1/DQS                                 Bank1     SSTL15II   Inout               No                  ON             None             OFF              MID                 ON                  30               ---          OFF                ---                34                5                         ---                       ---           
DQS[1]          AH22  Yes    HSIO99PB1/DQS                                 Bank1     SSTL15II   Inout               No                  ON             None             OFF              MID                 ON                  30               ---          OFF                ---                34                5                         ---                       ---           
DQS_N[0]        AP24  Yes    HSIO93NB1/DQS                                 Bank1     SSTL15II   Inout               No                  ON             None             OFF              MID                 ON                  30               ---          OFF                ---                34                5                         ---                       ---           
DQS_N[1]        AJ21  Yes    HSIO99NB1/DQS                                 Bank1     SSTL15II   Inout               No                  ON             None             OFF              MID                 ON                  30               ---          OFF                ---                34                5                         ---                       ---           
GPIO_OUT[0]     F22   Yes    HSIO64NB6                                     Bank6     LVCMOS18   Output              No                  ON             ---              ---              ---                 ---                 120              ---          OFF                8                  ---               5                         ---                       OFF           
GPIO_OUT[1]     B26   Yes    HSIO71NB6                                     Bank6     LVCMOS18   Output              No                  ON             ---              ---              ---                 ---                 120              ---          OFF                8                  ---               5                         ---                       OFF           
GPIO_OUT[2]     C26   Yes    HSIO70NB6                                     Bank6     LVCMOS18   Output              No                  ON             ---              ---              ---                 ---                 120              ---          OFF                8                  ---               5                         ---                       OFF           
GPIO_OUT[3]     D25   Yes    HSIO70PB6/CCC_SE_PLL1_OUT1                    Bank6     LVCMOS18   Output              No                  ON             ---              ---              ---                 ---                 120              ---          OFF                8                  ---               5                         ---                       OFF           
INT_RESET_N     A24   Yes    HSIO66NB6                                     Bank6     LVCMOS18   Output              No                  ON             ---              ---              ---                 ---                 120              ---          OFF                8                  ---               5                         ---                       OFF           
ODT             AF23  Yes    HSIO88NB1                                     Bank1     SSTL15II   Output              No                  ON             ---              ---              ---                 ---                 30               ---          OFF                ---                34                5                         ---                       ---           
RAS_N           AE23  Yes    HSIO85PB1                                     Bank1     SSTL15II   Output              No                  ON             ---              ---              ---                 ---                 30               ---          OFF                ---                34                5                         ---                       ---           
RESET_N         K22   Yes    HSIO55PB6                                     Bank6     LVCMOS18   Input               No                  ON             Up               OFF              ---                 OFF                 120              OFF          ---                ---                ---               ---                       ---                       ---           
RESET_N_0       AG22  Yes    HSIO88PB1                                     Bank1     SSTL15II   Output              No                  ON             ---              ---              ---                 ---                 30               ---          OFF                ---                34                5                         ---                       ---           
SHIELD0         AM22  Yes    HSIO95PB1                                     Bank1     SHIELD15   Output              ---                 ---            ---              ---              ---                 ---                 ---              ---          ---                ---                ---               ---                       ---                       ---           
SHIELD1         AM20  Yes    HSIO96PB1/CLKIN_N_7                           Bank1     SHIELD15   Output              ---                 ---            ---              ---              ---                 ---                 ---              ---          ---                ---                ---               ---                       ---                       ---           
SPI_FLASH_HOLD  A22   Yes    HSIO53PB6                                     Bank6     LVCMOS18   Output              No                  ON             ---              ---              ---                 ---                 120              ---          OFF                8                  ---               5                         ---                       OFF           
SPI_FLASH_WP    A27   Yes    HSIO69PB6/CCC_SE_CLKIN_S_14/CCC_SE_PLL1_OUT0  Bank6     LVCMOS18   Output              No                  ON             ---              ---              ---                 ---                 120              ---          OFF                8                  ---               5                         ---                       OFF           
SPISCLKO        H19   Yes    HSIO39PB6                                     Bank6     LVCMOS18   Output              No                  ON             ---              ---              ---                 ---                 120              ---          OFF                8                  ---               5                         ---                       OFF           
SPISDI          C18   Yes    HSIO45PB6                                     Bank6     LVCMOS18   Input               No                  ON             Up               OFF              ---                 OFF                 120              OFF          ---                ---                ---               ---                       ---                       ---           
SPISDO          G19   Yes    HSIO39NB6                                     Bank6     LVCMOS18   Output              No                  ON             ---              ---              ---                 ---                 120              ---          OFF                8                  ---               5                         ---                       OFF           
SPISS           A20   Yes    HSIO47NB6                                     Bank6     LVCMOS18   Output              No                  ON             ---              ---              ---                 ---                 120              ---          OFF                8                  ---               5                         ---                       OFF           
TCK             J10   Fixed  TCK                                           ---       
TDI             K11   Fixed  TDI                                           ---       
TDO             K9    Fixed  TDO                                           ---       
TMS             J9    Fixed  TMS                                           ---       
TRSTB           N14   Fixed  TRSTB                                         ---       
UART_RX         H18   Yes    HSIO37PB6                                     Bank6     LVCMOS18   Input               No                  ON             Up               OFF              ---                 OFF                 120              OFF          ---                ---                ---               ---                       ---                       ---           
UART_TX         G17   Yes    HSIO37NB6                                     Bank6     LVCMOS18   Output              No                  ON             ---              ---              ---                 ---                 120              ---          OFF                8                  ---               5                         ---                       OFF           
WE_N            AF24  Yes    HSIO86PB1                                     Bank1     SSTL15II   Output              No                  ON             ---              ---              ---                 ---                 30               ---          OFF                ---                34                5                         ---                       ---           
