********************************************************************
I/O Bank Report - Date: Thu Sep 27 14:17:43 2018
Product: Designer
Release: PolarFire v2.3
Version: 12.200.35.9
Design Name: TOP
Family: PolarFire
Die: MPF300T_ES
Package: FCG484
********************************************************************


I/O Function:

    Type                                  | w/o register  | w/ register  | w/ DDR register
    --------------------------------------|---------------|--------------|----------------
    Input I/O                             | 2             | 0            | 0
    Output I/O                            | 34            | 0            | 0
    Bidirectional I/O                     | 16            | 0            | 0
    Differential Input I/O Pairs          | 0             | 0            | 0
    Differential Output I/O Pairs         | 1             | 0            | 0
    Differential Bidirectional I/O Pairs  | 2             | 0            | 0

I/O Technology:

                                    |   Voltages    |             I/Os              
    --------------------------------|-------|-------|-------|--------|--------------
    I/O Standard(s)                 | Vddi  | Vref  | Input | Output | Bidirectional
    --------------------------------|-------|-------|-------|--------|--------------
    HSTL12II (Output)               | 1.20v | N/A   | 0     | 27     | 0            
    LVCMOS18                        | 1.80v | N/A   | 2     | 5      | 0            
    POD12II (Input/Bidirectional)   | 1.20v | 0.75v | 0     | 0      | 20           
    POD12II (Output)                | 1.20v | N/A   | 0     | 2      | 0            
    SHIELD12                        | 1.20v | N/A   | 0     | 2      | 0            

I/O Bank Resource Usage:

          |   Voltages    | Single I/Os  | Diff I/O Pairs |        Vref I/Os        |  Type   
          |-------|-------|------|-------|-------|--------|------|-------|----------|---------
          | Vddi  | Vref  | Used | Total | Used  | Total  | Used | Total | Vref Pins|         
    ------|-------|-------|------|-------|-------|--------|------|-------|----------|---------
    Bank0 | 1.20v | 0.75v | 1    | 48    | 2     | 24     | 34   | 48    | 0        | HSIO    
    Bank1 | 1.20v | 0.75v | 1    | 48    | 1     | 24     | 9    | 48    | 0        | HSIO    
    Bank2 | N/A   | N/A   | 0    | 84    | 0     | 42     | N/A  | N/A   | N/A      | GPIO    
    Bank3 | 3.30v | N/A   | 0    | 0     | 0     | 0      | N/A  | N/A   | N/A      | JTAG    
    Bank4 | 1.80v | N/A   | 7    | 52    | 0     | 26     | N/A  | N/A   | N/A      | GPIO    
    Bank5 | N/A   | N/A   | 0    | 12    | 0     | 6      | N/A  | N/A   | N/A      | GPIO    
    Bank6 | N/A   | N/A   | 0    | 0     | 0     | 0      | N/A  | N/A   | N/A      | HSIO    
    Bank7 | N/A   | N/A   | 0    | 0     | 0     | 0      | N/A  | N/A   | N/A      | HSIO    


I/O Voltage Usage:

       Voltages    |     I/Os     
    -------|-------|------|-------
     Vddi  | Vref  | Used | Total 
    -------|-------|------|-------
     1.20v | N/A   | 51   | 96    
     1.80v | N/A   | 7    | 52    
     3.30v | N/A   | 0    | 0     
     1.20v | 0.75v | 16   | 96    

