09:56:59 **** Incremental Build of configuration Debug for project RV32_simple_gpio ****
make all 
Building file: ../main.c
Invoking: GNU RISC-V Cross C Compiler
riscv64-unknown-elf-gcc -march=rv32i -mabi=ilp32 -msmall-data-limit=8 -O0 -fmessage-length=0 -fsigned-char -ffunction-sections -fdata-sections  -g3 -I"C:\Microsemiprj_PF\apps\riscv_bootloader\UART_2_SPI_Bridge_everest2_sram\SoftConsole53\RV32_simple_gpio" -I"C:\Microsemiprj_PF\apps\riscv_bootloader\UART_2_SPI_Bridge_everest2_sram\SoftConsole53\RV32_simple_gpio\hal" -I"C:\Microsemiprj_PF\apps\riscv_bootloader\UART_2_SPI_Bridge_everest2_sram\SoftConsole53\RV32_simple_gpio\riscv_hal" -I"C:\Microsemiprj_PF\apps\riscv_bootloader\UART_2_SPI_Bridge_everest2_sram\SoftConsole53\RV32_simple_gpio\drivers\xmodem" -I"C:\Microsemiprj_PF\apps\riscv_bootloader\UART_2_SPI_Bridge_everest2_sram\SoftConsole53\RV32_simple_gpio\drivers\CoreGPIO" -I"C:\Microsemiprj_PF\apps\riscv_bootloader\UART_2_SPI_Bridge_everest2_sram\SoftConsole53\RV32_simple_gpio\drivers\CoreUARTapb" -I"C:\Microsemiprj_PF\apps\riscv_bootloader\UART_2_SPI_Bridge_everest2_sram\SoftConsole53\RV32_simple_gpio\drivers\CoreSPI" -I"C:\Microsemiprj_PF\apps\riscv_bootloader\UART_2_SPI_Bridge_everest2_sram\SoftConsole53\RV32_simple_gpio\drivers\mt25ql01gbbb" -std=gnu11 -MMD -MP -MF"main.d" -MT"main.o" -c -o "main.o" "../main.c"
../main.c: In function 'application_write':
../main.c:398:10: warning: assignment makes pointer from integer without a cast [-Wint-conversion]
  address = DDR3_base_address;
          ^
Finished building: ../main.c
 
Building target: RV32_simple_gpio.elf
Invoking: GNU RISC-V Cross C Linker
riscv64-unknown-elf-gcc -march=rv32i -mabi=ilp32 -msmall-data-limit=8 -O0 -fmessage-length=0 -fsigned-char -ffunction-sections -fdata-sections  -g3 -T "C:\Microsemiprj_PF\apps\riscv_bootloader\UART_2_SPI_Bridge_everest2_sram\SoftConsole53\RV32_simple_gpio\riscv_hal\microsemi-riscv-ram7000.ld" -nostartfiles -Xlinker --gc-sections -Wl,-Map,"RV32_simple_gpio.map" --specs=nano.specs -o "RV32_simple_gpio.elf"  ./riscv_hal/entry.o ./riscv_hal/init.o ./riscv_hal/riscv_hal.o ./riscv_hal/riscv_hal_stubs.o ./riscv_hal/syscall.o  ./hal/hal_irq.o ./hal/hw_reg_access.o  ./drivers/xmodem/xmodem.o  ./drivers/mt25ql01gbbb/mt25ql01gbbb.o  ./drivers/CoreUARTapb/core_uart_apb.o  ./drivers/CoreSPI/core_spi.o  ./drivers/CoreGPIO/core_gpio.o  ./main.o    
Finished building target: RV32_simple_gpio.elf
 
Invoking: GNU RISC-V Cross Create Flash Image
riscv64-unknown-elf-objcopy -O ihex "RV32_simple_gpio.elf"  "RV32_simple_gpio.hex"
Finished building: RV32_simple_gpio.hex
 
Invoking: GNU RISC-V Cross Print Size
riscv64-unknown-elf-size --format=berkeley "RV32_simple_gpio.elf"
   text	   data	    bss	    dec	    hex	filename
  14128	    128	  12400	  26656	   6820	RV32_simple_gpio.elf
Finished building: RV32_simple_gpio.siz
 

09:57:06 Build Finished (took 7s.618ms)

