Compile Report
Microsemi Corporation - Microsemi Libero Software Release PolarFire v2.2 (Version 12.200.30.10)
Date: Fri Sep 07 16:46:11 2018

Device Selection
+------------------------+-------------+
| Family                 | PolarFire   |
| Device                 | MPF300TS_ES |
| Package                | FCG1152     |
| Speed Grade            | -1          |
| Core Voltage           | 1.0V        |
| Part Range             | EXT         |
| Default I/O technology | LVCMOS 1.8V |
| Restrict Probe Pins    | Yes         |
+------------------------+-------------+

Source Files
+---------+-------------------------------------------------------------------------------------------+
| Topcell | TOP                                                                                       |
| Format  | Verilog                                                                                   |
| Source  | C:\Microsemiprj_PF\apps\riscv_bootloader\UART_2_SPI_Bridge_everest2_sram\synthesis\TOP.vm |
+---------+-------------------------------------------------------------------------------------------+

Options
+----------------------------------------------------+----+
| Limit the number of high fanout nets to display to | 10 |
+----------------------------------------------------+----+

Resource Usage
+---------------------------+-------+--------+------------+
| Type                      | Used  | Total  | Percentage |
+---------------------------+-------+--------+------------+
| 4LUT                      | 15315 | 299544 | 5.11       |
| DFF                       | 8461  | 299544 | 2.82       |
| I/O Register              | 0     | 1536   | 0.00       |
| User I/O                  | 12    | 512    | 2.34       |
| -- Single-ended I/O       | 12    | 512    | 2.34       |
| -- Differential I/O Pairs | 0     | 256    | 0.00       |
| uSRAM                     | 8     | 2772   | 0.29       |
| LSRAM                     | 76    | 952    | 7.98       |
| Math                      | 2     | 924    | 0.22       |
| H-Chip Global             | 4     | 48     | 8.33       |
| PLL                       | 1     | 8      | 12.50      |
| DLL                       | 0     | 8      | 0.00       |
| CRN_INT                   | 1     | 24     | 4.17       |
| UJTAG                     | 1     | 1      | 100.00     |
| INIT                      | 1     | 1      | 100.00     |
| OSC_RC160MHZ              | 1     | 1      | 100.00     |
| Transceiver Lanes         | 0     | 16     | 0.00       |
| Transceiver PCIe          | 0     | 2      | 0.00       |
| ICB_CLKINT                | 3     | 72     | 4.17       |
+---------------------------+-------+--------+------------+

Detailed Logic Resource Usage
+-----------------------+-------+------+
| Type                  | 4LUT  | DFF  |
+-----------------------+-------+------+
| Fabric Logic          | 12411 | 5557 |
| uSRAM Interface Logic | 96    | 96   |
| LSRAM Interface Logic | 2736  | 2736 |
| Math Interface Logic  | 72    | 72   |
| Total Used            | 15315 | 8461 |
+-----------------------+-------+------+

Detailed Carry Chains Resource Usage
+--------+------+
| Length | Used |
| 2      | 71   |
| 5      | 2    |
| 6      | 3    |
| 7      | 3    |
| 8      | 4    |
| 9      | 4    |
| 10     | 7    |
| 11     | 4    |
| 14     | 2    |
| 17     | 4    |
| 30     | 2    |
| 32     | 3    |
| 33     | 7    |
| 49     | 1    |
| 58     | 2    |
| 64     | 1    |
| 65     | 1    |
| Total  | 121  |
+--------+------+

Detailed Math Chains Resource Usage
+--------+------+
| Length | Used |
| 2      | 1    |
| Total  | 1    |
+--------+------+

I/O Function
+-------------------------------+--------------+-------------+-----------------+
| Type                          | w/o register | w/ register | w/ DDR register |
+-------------------------------+--------------+-------------+-----------------+
| Input I/O                     | 3            | 0           | 0               |
| Output I/O                    | 9            | 0           | 0               |
| Bidirectional I/O             | 0            | 0           | 0               |
| Differential Input I/O Pairs  | 0            | 0           | 0               |
| Differential Output I/O Pairs | 0            | 0           | 0               |
+-------------------------------+--------------+-------------+-----------------+

Nets assigned to chip global resources
+--------+---------+----------------------------------------------------------------------------+
| Fanout | Type    | Name                                                                       |
+--------+---------+----------------------------------------------------------------------------+
| 5409   | INT_NET | Net   : CLOCKS_RESETS_0_CLK100                                             |
|        |         | Driver: CLOCKS_RESETS_0/CCC_100MHz_0/CCC_100MHz_0/clkint_0/U0_RGB1         |
|        |         | Source: NETLIST                                                            |
| 292    | INT_NET | Net   : PROCESSOR_0/JTAG_DEBUG_0_TGT_TCK                                   |
|        |         | Driver: PROCESSOR_0/JTAG_DEBUG_0/JTAG_DEBUG_0/tck_clkint/U0_RGB1           |
|        |         | Source: NETLIST                                                            |
| 17     | INT_NET | Net   : PROCESSOR_0/JTAG_DEBUG_0/JTAG_DEBUG_0/udrck_clkint                 |
|        |         | Driver: PROCESSOR_0/JTAG_DEBUG_0/JTAG_DEBUG_0/genblk1.udrck_clkint/U0_RGB1 |
|        |         | Source: NETLIST                                                            |
| 1      | INT_NET | Net   : CLOCKS_RESETS_0/RCOSC_0_RCOSC_160MHZ_GL                            |
|        |         | Driver: CLOCKS_RESETS_0/RCOSC_0/RCOSC_0/I_OSC_160_INT/U0_RGB1              |
|        |         | Source: NETLIST                                                            |
+--------+---------+----------------------------------------------------------------------------+

Nets assigned to row global resources
+--------+------+------+
| Fanout | Type | Name |
+--------+------+------+
+--------+------+------+

High fanout nets
+--------+---------+-------------------------------------------------------------------------------------------------------------------------------------------------------------------------------------------------------------------------------------------------+
| Fanout | Type    | Name                                                                                                                                                                                                                                            |
+--------+---------+-------------------------------------------------------------------------------------------------------------------------------------------------------------------------------------------------------------------------------------------------+
| 1751   | INT_NET | Net   : INT_RESET_N_c                                                                                                                                                                                                                           |
|        |         | Driver: CLOCKS_RESETS_0/reset_synchronizer_0/genblk1.reset_sync_reg[1]                                                                                                                                                                          |
| 595    | INT_NET | Net   : PROCESSOR_0/Mi_V_Processor_0/Mi_V_Processor_0/ChiselTop0/debug_1/dmInner/_T_164                                                                                                                                                         |
|        |         | Driver: PROCESSOR_0/Mi_V_Processor_0/Mi_V_Processor_0/ChiselTop0/debug_1/dmInner/Mi_V_Processor_Mi_V_Processor_0_MIV_RV32IMA_L1_AHB_RESET_CATCH_AND_SYNC/reset_n_catch_reg/reg_0/q                                                              |
| 291    | INT_NET | Net   : PROCESSOR_0/Mi_V_Processor_0/Mi_V_Processor_0/ChiselTop0/debug_1/dmInner/TLAsyncCrossingSink_io_out_0_a_bits_address[2]                                                                                                                 |
|        |         | Driver: PROCESSOR_0/Mi_V_Processor_0/Mi_V_Processor_0/ChiselTop0/debug_1/dmInner/Mi_V_Processor_Mi_V_Processor_0_MIV_RV32IMA_L1_AHB_TL_ASYNC_CROSSING_SINK/Mi_V_Processor_Mi_V_Processor_0_MIV_RV32IMA_L1_AHB_ASYNC_QUEUE_SINK/_T_36_address[2] |
| 251    | INT_NET | Net   : PROCESSOR_0/Mi_V_Processor_0/Mi_V_Processor_0/ChiselTop0/debug_1/dmInner/TLAsyncCrossingSink_io_out_0_a_bits_address[7]                                                                                                                 |
|        |         | Driver: PROCESSOR_0/Mi_V_Processor_0/Mi_V_Processor_0/ChiselTop0/debug_1/dmInner/Mi_V_Processor_Mi_V_Processor_0_MIV_RV32IMA_L1_AHB_TL_ASYNC_CROSSING_SINK/Mi_V_Processor_Mi_V_Processor_0_MIV_RV32IMA_L1_AHB_ASYNC_QUEUE_SINK/_T_36_address[7] |
| 231    | INT_NET | Net   : PROCESSOR_0/Mi_V_Processor_0/Mi_V_Processor_0/ChiselTop0/debug_1/dmInner/TLAsyncCrossingSink_io_out_0_a_bits_address[3]                                                                                                                 |
|        |         | Driver: PROCESSOR_0/Mi_V_Processor_0/Mi_V_Processor_0/ChiselTop0/debug_1/dmInner/Mi_V_Processor_Mi_V_Processor_0_MIV_RV32IMA_L1_AHB_TL_ASYNC_CROSSING_SINK/Mi_V_Processor_Mi_V_Processor_0_MIV_RV32IMA_L1_AHB_ASYNC_QUEUE_SINK/_T_36_address[3] |
| 162    | INT_NET | Net   : CFG0_GND_INST_NET                                                                                                                                                                                                                       |
|        |         | Driver: CFG0_GND_INST                                                                                                                                                                                                                           |
| 130    | INT_NET | Net   : PROCESSOR_0/Mi_V_Processor_0/Mi_V_Processor_0/ChiselTop0/tile/rocket/core_io_imem_flush_icache                                                                                                                                          |
|        |         | Driver: PROCESSOR_0/Mi_V_Processor_0/Mi_V_Processor_0/ChiselTop0/tile/rocket/core/io_imem_flush_icache                                                                                                                                          |
| 128    | INT_NET | Net   : PROCESSOR_0/Mi_V_Processor_0/Mi_V_Processor_0/ChiselTop0/tile/rocket/frontend/icache/un1__GEN_14_2_sqmuxa_or                                                                                                                            |
|        |         | Driver: PROCESSOR_0/Mi_V_Processor_0/Mi_V_Processor_0/ChiselTop0/tile/rocket/frontend/icache/refill_one_beat_RNI769K                                                                                                                            |
| 117    | INT_NET | Net   : PROCESSOR_0/Mi_V_Processor_0/Mi_V_Processor_0/ChiselTop0/tile/rocket/core/csr/un1__GEN_243_Z                                                                                                                                            |
|        |         | Driver: PROCESSOR_0/Mi_V_Processor_0/Mi_V_Processor_0/ChiselTop0/tile/rocket/core/csr/un1__GEN_243                                                                                                                                              |
| 117    | INT_NET | Net   : PROCESSOR_0/Mi_V_Processor_0/Mi_V_Processor_0/ChiselTop0/tile/rocket/core/csr/un1__GEN_243_1_Z                                                                                                                                          |
|        |         | Driver: PROCESSOR_0/Mi_V_Processor_0/Mi_V_Processor_0/ChiselTop0/tile/rocket/core/csr/un1__GEN_243_1                                                                                                                                            |
+--------+---------+-------------------------------------------------------------------------------------------------------------------------------------------------------------------------------------------------------------------------------------------------+

High fanout nets (through buffer trees)
+--------+---------+-------------------------------------------------------------------------------------------------------------------------------------------------------------------------------------------------------------------------------------------------+
| Fanout | Type    | Name                                                                                                                                                                                                                                            |
+--------+---------+-------------------------------------------------------------------------------------------------------------------------------------------------------------------------------------------------------------------------------------------------+
| 1751   | INT_NET | Net   : INT_RESET_N_c                                                                                                                                                                                                                           |
|        |         | Driver: CLOCKS_RESETS_0/reset_synchronizer_0/genblk1.reset_sync_reg[1]                                                                                                                                                                          |
| 595    | INT_NET | Net   : PROCESSOR_0/Mi_V_Processor_0/Mi_V_Processor_0/ChiselTop0/debug_1/dmInner/_T_164                                                                                                                                                         |
|        |         | Driver: PROCESSOR_0/Mi_V_Processor_0/Mi_V_Processor_0/ChiselTop0/debug_1/dmInner/Mi_V_Processor_Mi_V_Processor_0_MIV_RV32IMA_L1_AHB_RESET_CATCH_AND_SYNC/reset_n_catch_reg/reg_0/q                                                              |
| 291    | INT_NET | Net   : PROCESSOR_0/Mi_V_Processor_0/Mi_V_Processor_0/ChiselTop0/debug_1/dmInner/TLAsyncCrossingSink_io_out_0_a_bits_address[2]                                                                                                                 |
|        |         | Driver: PROCESSOR_0/Mi_V_Processor_0/Mi_V_Processor_0/ChiselTop0/debug_1/dmInner/Mi_V_Processor_Mi_V_Processor_0_MIV_RV32IMA_L1_AHB_TL_ASYNC_CROSSING_SINK/Mi_V_Processor_Mi_V_Processor_0_MIV_RV32IMA_L1_AHB_ASYNC_QUEUE_SINK/_T_36_address[2] |
| 251    | INT_NET | Net   : PROCESSOR_0/Mi_V_Processor_0/Mi_V_Processor_0/ChiselTop0/debug_1/dmInner/TLAsyncCrossingSink_io_out_0_a_bits_address[7]                                                                                                                 |
|        |         | Driver: PROCESSOR_0/Mi_V_Processor_0/Mi_V_Processor_0/ChiselTop0/debug_1/dmInner/Mi_V_Processor_Mi_V_Processor_0_MIV_RV32IMA_L1_AHB_TL_ASYNC_CROSSING_SINK/Mi_V_Processor_Mi_V_Processor_0_MIV_RV32IMA_L1_AHB_ASYNC_QUEUE_SINK/_T_36_address[7] |
| 231    | INT_NET | Net   : PROCESSOR_0/Mi_V_Processor_0/Mi_V_Processor_0/ChiselTop0/debug_1/dmInner/TLAsyncCrossingSink_io_out_0_a_bits_address[3]                                                                                                                 |
|        |         | Driver: PROCESSOR_0/Mi_V_Processor_0/Mi_V_Processor_0/ChiselTop0/debug_1/dmInner/Mi_V_Processor_Mi_V_Processor_0_MIV_RV32IMA_L1_AHB_TL_ASYNC_CROSSING_SINK/Mi_V_Processor_Mi_V_Processor_0_MIV_RV32IMA_L1_AHB_ASYNC_QUEUE_SINK/_T_36_address[3] |
| 162    | INT_NET | Net   : CFG0_GND_INST_NET                                                                                                                                                                                                                       |
|        |         | Driver: CFG0_GND_INST                                                                                                                                                                                                                           |
| 130    | INT_NET | Net   : PROCESSOR_0/Mi_V_Processor_0/Mi_V_Processor_0/ChiselTop0/tile/rocket/core_io_imem_flush_icache                                                                                                                                          |
|        |         | Driver: PROCESSOR_0/Mi_V_Processor_0/Mi_V_Processor_0/ChiselTop0/tile/rocket/core/io_imem_flush_icache                                                                                                                                          |
| 128    | INT_NET | Net   : PROCESSOR_0/Mi_V_Processor_0/Mi_V_Processor_0/ChiselTop0/tile/rocket/frontend/icache/un1__GEN_14_2_sqmuxa_or                                                                                                                            |
|        |         | Driver: PROCESSOR_0/Mi_V_Processor_0/Mi_V_Processor_0/ChiselTop0/tile/rocket/frontend/icache/refill_one_beat_RNI769K                                                                                                                            |
| 117    | INT_NET | Net   : PROCESSOR_0/Mi_V_Processor_0/Mi_V_Processor_0/ChiselTop0/tile/rocket/core/csr/un1__GEN_243_Z                                                                                                                                            |
|        |         | Driver: PROCESSOR_0/Mi_V_Processor_0/Mi_V_Processor_0/ChiselTop0/tile/rocket/core/csr/un1__GEN_243                                                                                                                                              |
| 117    | INT_NET | Net   : PROCESSOR_0/Mi_V_Processor_0/Mi_V_Processor_0/ChiselTop0/tile/rocket/core/csr/un1__GEN_243_1_Z                                                                                                                                          |
|        |         | Driver: PROCESSOR_0/Mi_V_Processor_0/Mi_V_Processor_0/ChiselTop0/tile/rocket/core/csr/un1__GEN_243_1                                                                                                                                            |
+--------+---------+-------------------------------------------------------------------------------------------------------------------------------------------------------------------------------------------------------------------------------------------------+

