Archive member included to satisfy reference by file (symbol)

c:/microsemi/softconsole_v5.3/riscv-unknown-elf-gcc/bin/../lib/gcc/riscv64-unknown-elf/7.2.0/rv32i/ilp32\libgcc.a(div.o)
                              ./riscv_hal/riscv_hal.o (__udivsi3)
c:/microsemi/softconsole_v5.3/riscv-unknown-elf-gcc/bin/../lib/gcc/riscv64-unknown-elf/7.2.0/../../../../riscv64-unknown-elf/lib/rv32i/ilp32\libg_nano.a(lib_a-memset.o)
                              ./drivers/CoreSPI/core_spi.o (memset)
c:/microsemi/softconsole_v5.3/riscv-unknown-elf-gcc/bin/../lib/gcc/riscv64-unknown-elf/7.2.0/../../../../riscv64-unknown-elf/lib/rv32i/ilp32\libg_nano.a(lib_a-sysisatty.o)
                              ./riscv_hal/syscall.o (isatty)
c:/microsemi/softconsole_v5.3/riscv-unknown-elf-gcc/bin/../lib/gcc/riscv64-unknown-elf/7.2.0/../../../../riscv64-unknown-elf/lib/rv32i/ilp32\libg_nano.a(lib_a-syswrite.o)
                              ./riscv_hal/syscall.o (write)
c:/microsemi/softconsole_v5.3/riscv-unknown-elf-gcc/bin/../lib/gcc/riscv64-unknown-elf/7.2.0/../../../../riscv64-unknown-elf/lib/rv32i/ilp32\libg_nano.a(lib_a-writer.o)
                              c:/microsemi/softconsole_v5.3/riscv-unknown-elf-gcc/bin/../lib/gcc/riscv64-unknown-elf/7.2.0/../../../../riscv64-unknown-elf/lib/rv32i/ilp32\libg_nano.a(lib_a-syswrite.o) (_write_r)
c:/microsemi/softconsole_v5.3/riscv-unknown-elf-gcc/bin/../lib/gcc/riscv64-unknown-elf/7.2.0/../../../../riscv64-unknown-elf/lib/rv32i/ilp32\libg_nano.a(lib_a-impure.o)
                              c:/microsemi/softconsole_v5.3/riscv-unknown-elf-gcc/bin/../lib/gcc/riscv64-unknown-elf/7.2.0/../../../../riscv64-unknown-elf/lib/rv32i/ilp32\libg_nano.a(lib_a-syswrite.o) (_impure_ptr)

Allocating common symbols
Common symbol       size              file

errno               0x4               ./riscv_hal/syscall.o
g_uart              0x8               ./main.o
g_flash_core_spi    0x4c              ./drivers/mt25ql01gbbb/mt25ql01gbbb.o
g_gpio0             0x8               ./main.o

Discarded input sections

 .text          0x0000000000000000        0x0 ./riscv_hal/entry.o
 .data          0x0000000000000000        0x0 ./riscv_hal/entry.o
 .bss           0x0000000000000000        0x0 ./riscv_hal/entry.o
 .group         0x0000000000000000        0x8 ./riscv_hal/init.o
 .group         0x0000000000000000        0x8 ./riscv_hal/init.o
 .group         0x0000000000000000        0x8 ./riscv_hal/init.o
 .group         0x0000000000000000        0x8 ./riscv_hal/init.o
 .group         0x0000000000000000        0x8 ./riscv_hal/init.o
 .group         0x0000000000000000        0x8 ./riscv_hal/init.o
 .group         0x0000000000000000        0x8 ./riscv_hal/init.o
 .group         0x0000000000000000        0x8 ./riscv_hal/init.o
 .group         0x0000000000000000        0x8 ./riscv_hal/init.o
 .group         0x0000000000000000        0x8 ./riscv_hal/init.o
 .group         0x0000000000000000        0x8 ./riscv_hal/init.o
 .group         0x0000000000000000        0x8 ./riscv_hal/init.o
 .group         0x0000000000000000        0x8 ./riscv_hal/init.o
 .group         0x0000000000000000        0x8 ./riscv_hal/init.o
 .group         0x0000000000000000        0x8 ./riscv_hal/init.o
 .group         0x0000000000000000        0x8 ./riscv_hal/init.o
 .group         0x0000000000000000        0x8 ./riscv_hal/init.o
 .group         0x0000000000000000        0x8 ./riscv_hal/init.o
 .group         0x0000000000000000        0x8 ./riscv_hal/init.o
 .group         0x0000000000000000        0x8 ./riscv_hal/init.o
 .group         0x0000000000000000        0x8 ./riscv_hal/init.o
 .group         0x0000000000000000        0x8 ./riscv_hal/init.o
 .group         0x0000000000000000        0x8 ./riscv_hal/init.o
 .group         0x0000000000000000        0x8 ./riscv_hal/init.o
 .group         0x0000000000000000        0x8 ./riscv_hal/init.o
 .group         0x0000000000000000        0x8 ./riscv_hal/init.o
 .group         0x0000000000000000        0x8 ./riscv_hal/init.o
 .group         0x0000000000000000        0x8 ./riscv_hal/init.o
 .group         0x0000000000000000        0x8 ./riscv_hal/init.o
 .group         0x0000000000000000        0x8 ./riscv_hal/init.o
 .group         0x0000000000000000        0x8 ./riscv_hal/init.o
 .group         0x0000000000000000        0x8 ./riscv_hal/init.o
 .group         0x0000000000000000        0x8 ./riscv_hal/init.o
 .group         0x0000000000000000        0x8 ./riscv_hal/init.o
 .text          0x0000000000000000        0x0 ./riscv_hal/init.o
 .data          0x0000000000000000        0x0 ./riscv_hal/init.o
 .bss           0x0000000000000000        0x0 ./riscv_hal/init.o
 .group         0x0000000000000000        0x8 ./riscv_hal/riscv_hal.o
 .group         0x0000000000000000        0x8 ./riscv_hal/riscv_hal.o
 .group         0x0000000000000000        0x8 ./riscv_hal/riscv_hal.o
 .group         0x0000000000000000        0x8 ./riscv_hal/riscv_hal.o
 .group         0x0000000000000000        0x8 ./riscv_hal/riscv_hal.o
 .group         0x0000000000000000        0x8 ./riscv_hal/riscv_hal.o
 .group         0x0000000000000000        0x8 ./riscv_hal/riscv_hal.o
 .group         0x0000000000000000        0x8 ./riscv_hal/riscv_hal.o
 .group         0x0000000000000000        0x8 ./riscv_hal/riscv_hal.o
 .group         0x0000000000000000        0x8 ./riscv_hal/riscv_hal.o
 .group         0x0000000000000000        0x8 ./riscv_hal/riscv_hal.o
 .group         0x0000000000000000        0x8 ./riscv_hal/riscv_hal.o
 .group         0x0000000000000000        0x8 ./riscv_hal/riscv_hal.o
 .group         0x0000000000000000        0x8 ./riscv_hal/riscv_hal.o
 .group         0x0000000000000000        0x8 ./riscv_hal/riscv_hal.o
 .group         0x0000000000000000        0x8 ./riscv_hal/riscv_hal.o
 .group         0x0000000000000000        0x8 ./riscv_hal/riscv_hal.o
 .group         0x0000000000000000        0x8 ./riscv_hal/riscv_hal.o
 .group         0x0000000000000000        0x8 ./riscv_hal/riscv_hal.o
 .group         0x0000000000000000        0x8 ./riscv_hal/riscv_hal.o
 .group         0x0000000000000000        0x8 ./riscv_hal/riscv_hal.o
 .group         0x0000000000000000        0x8 ./riscv_hal/riscv_hal.o
 .group         0x0000000000000000        0x8 ./riscv_hal/riscv_hal.o
 .group         0x0000000000000000        0x8 ./riscv_hal/riscv_hal.o
 .group         0x0000000000000000        0x8 ./riscv_hal/riscv_hal.o
 .group         0x0000000000000000        0x8 ./riscv_hal/riscv_hal.o
 .group         0x0000000000000000        0x8 ./riscv_hal/riscv_hal.o
 .group         0x0000000000000000        0x8 ./riscv_hal/riscv_hal.o
 .group         0x0000000000000000        0x8 ./riscv_hal/riscv_hal.o
 .group         0x0000000000000000        0x8 ./riscv_hal/riscv_hal.o
 .group         0x0000000000000000        0x8 ./riscv_hal/riscv_hal.o
 .group         0x0000000000000000        0x8 ./riscv_hal/riscv_hal.o
 .group         0x0000000000000000        0x8 ./riscv_hal/riscv_hal.o
 .group         0x0000000000000000        0x8 ./riscv_hal/riscv_hal.o
 .group         0x0000000000000000        0x8 ./riscv_hal/riscv_hal.o
 .group         0x0000000000000000        0x8 ./riscv_hal/riscv_hal.o
 .text          0x0000000000000000        0x0 ./riscv_hal/riscv_hal.o
 .data          0x0000000000000000        0x0 ./riscv_hal/riscv_hal.o
 .bss           0x0000000000000000        0x0 ./riscv_hal/riscv_hal.o
 .text.__enable_irq
                0x0000000000000000       0x24 ./riscv_hal/riscv_hal.o
 .text.SysTick_Config
                0x0000000000000000      0x114 ./riscv_hal/riscv_hal.o
 .debug_macro   0x0000000000000000      0x730 ./riscv_hal/riscv_hal.o
 .debug_macro   0x0000000000000000       0x22 ./riscv_hal/riscv_hal.o
 .debug_macro   0x0000000000000000       0x4c ./riscv_hal/riscv_hal.o
 .debug_macro   0x0000000000000000       0x8d ./riscv_hal/riscv_hal.o
 .debug_macro   0x0000000000000000       0x34 ./riscv_hal/riscv_hal.o
 .debug_macro   0x0000000000000000       0x9c ./riscv_hal/riscv_hal.o
 .debug_macro   0x0000000000000000       0x16 ./riscv_hal/riscv_hal.o
 .debug_macro   0x0000000000000000      0x10e ./riscv_hal/riscv_hal.o
 .debug_macro   0x0000000000000000       0x8d ./riscv_hal/riscv_hal.o
 .debug_macro   0x0000000000000000       0x57 ./riscv_hal/riscv_hal.o
 .debug_macro   0x0000000000000000       0x52 ./riscv_hal/riscv_hal.o
 .debug_macro   0x0000000000000000       0x1f ./riscv_hal/riscv_hal.o
 .debug_macro   0x0000000000000000       0x43 ./riscv_hal/riscv_hal.o
 .debug_macro   0x0000000000000000       0x20 ./riscv_hal/riscv_hal.o
 .debug_macro   0x0000000000000000      0x187 ./riscv_hal/riscv_hal.o
 .debug_macro   0x0000000000000000      0x30d ./riscv_hal/riscv_hal.o
 .debug_macro   0x0000000000000000       0x16 ./riscv_hal/riscv_hal.o
 .debug_macro   0x0000000000000000       0x29 ./riscv_hal/riscv_hal.o
 .debug_macro   0x0000000000000000       0xef ./riscv_hal/riscv_hal.o
 .debug_macro   0x0000000000000000       0x6a ./riscv_hal/riscv_hal.o
 .debug_macro   0x0000000000000000      0x1df ./riscv_hal/riscv_hal.o
 .debug_macro   0x0000000000000000       0x16 ./riscv_hal/riscv_hal.o
 .debug_macro   0x0000000000000000       0x10 ./riscv_hal/riscv_hal.o
 .debug_macro   0x0000000000000000       0x35 ./riscv_hal/riscv_hal.o
 .debug_macro   0x0000000000000000       0x1c ./riscv_hal/riscv_hal.o
 .debug_macro   0x0000000000000000       0x52 ./riscv_hal/riscv_hal.o
 .debug_macro   0x0000000000000000       0x40 ./riscv_hal/riscv_hal.o
 .debug_macro   0x0000000000000000       0x10 ./riscv_hal/riscv_hal.o
 .debug_macro   0x0000000000000000       0x40 ./riscv_hal/riscv_hal.o
 .debug_macro   0x0000000000000000       0xd7 ./riscv_hal/riscv_hal.o
 .debug_macro   0x0000000000000000       0x1c ./riscv_hal/riscv_hal.o
 .debug_macro   0x0000000000000000       0x3d ./riscv_hal/riscv_hal.o
 .debug_macro   0x0000000000000000      0x51a ./riscv_hal/riscv_hal.o
 .debug_macro   0x0000000000000000      0x2dc ./riscv_hal/riscv_hal.o
 .group         0x0000000000000000        0x8 ./riscv_hal/riscv_hal_stubs.o
 .group         0x0000000000000000        0x8 ./riscv_hal/riscv_hal_stubs.o
 .group         0x0000000000000000        0x8 ./riscv_hal/riscv_hal_stubs.o
 .group         0x0000000000000000        0x8 ./riscv_hal/riscv_hal_stubs.o
 .group         0x0000000000000000        0x8 ./riscv_hal/riscv_hal_stubs.o
 .group         0x0000000000000000        0x8 ./riscv_hal/riscv_hal_stubs.o
 .group         0x0000000000000000        0x8 ./riscv_hal/riscv_hal_stubs.o
 .group         0x0000000000000000        0x8 ./riscv_hal/riscv_hal_stubs.o
 .group         0x0000000000000000        0x8 ./riscv_hal/riscv_hal_stubs.o
 .group         0x0000000000000000        0x8 ./riscv_hal/riscv_hal_stubs.o
 .group         0x0000000000000000        0x8 ./riscv_hal/riscv_hal_stubs.o
 .group         0x0000000000000000        0x8 ./riscv_hal/riscv_hal_stubs.o
 .group         0x0000000000000000        0x8 ./riscv_hal/riscv_hal_stubs.o
 .group         0x0000000000000000        0x8 ./riscv_hal/riscv_hal_stubs.o
 .group         0x0000000000000000        0x8 ./riscv_hal/riscv_hal_stubs.o
 .group         0x0000000000000000        0x8 ./riscv_hal/riscv_hal_stubs.o
 .group         0x0000000000000000        0x8 ./riscv_hal/riscv_hal_stubs.o
 .group         0x0000000000000000        0x8 ./riscv_hal/riscv_hal_stubs.o
 .group         0x0000000000000000        0x8 ./riscv_hal/riscv_hal_stubs.o
 .group         0x0000000000000000        0x8 ./riscv_hal/riscv_hal_stubs.o
 .group         0x0000000000000000        0x8 ./riscv_hal/riscv_hal_stubs.o
 .group         0x0000000000000000        0x8 ./riscv_hal/riscv_hal_stubs.o
 .group         0x0000000000000000        0x8 ./riscv_hal/riscv_hal_stubs.o
 .group         0x0000000000000000        0x8 ./riscv_hal/riscv_hal_stubs.o
 .group         0x0000000000000000        0x8 ./riscv_hal/riscv_hal_stubs.o
 .group         0x0000000000000000        0x8 ./riscv_hal/riscv_hal_stubs.o
 .text          0x0000000000000000        0x0 ./riscv_hal/riscv_hal_stubs.o
 .data          0x0000000000000000        0x0 ./riscv_hal/riscv_hal_stubs.o
 .bss           0x0000000000000000        0x0 ./riscv_hal/riscv_hal_stubs.o
 .debug_macro   0x0000000000000000      0x730 ./riscv_hal/riscv_hal_stubs.o
 .debug_macro   0x0000000000000000       0x22 ./riscv_hal/riscv_hal_stubs.o
 .debug_macro   0x0000000000000000       0x4c ./riscv_hal/riscv_hal_stubs.o
 .debug_macro   0x0000000000000000       0x8d ./riscv_hal/riscv_hal_stubs.o
 .debug_macro   0x0000000000000000       0x34 ./riscv_hal/riscv_hal_stubs.o
 .debug_macro   0x0000000000000000       0x9c ./riscv_hal/riscv_hal_stubs.o
 .debug_macro   0x0000000000000000       0x57 ./riscv_hal/riscv_hal_stubs.o
 .debug_macro   0x0000000000000000      0x30d ./riscv_hal/riscv_hal_stubs.o
 .debug_macro   0x0000000000000000       0x10 ./riscv_hal/riscv_hal_stubs.o
 .debug_macro   0x0000000000000000       0x52 ./riscv_hal/riscv_hal_stubs.o
 .debug_macro   0x0000000000000000       0x1f ./riscv_hal/riscv_hal_stubs.o
 .debug_macro   0x0000000000000000       0x43 ./riscv_hal/riscv_hal_stubs.o
 .debug_macro   0x0000000000000000       0x20 ./riscv_hal/riscv_hal_stubs.o
 .debug_macro   0x0000000000000000       0x6a ./riscv_hal/riscv_hal_stubs.o
 .debug_macro   0x0000000000000000       0x1c ./riscv_hal/riscv_hal_stubs.o
 .debug_macro   0x0000000000000000       0x52 ./riscv_hal/riscv_hal_stubs.o
 .debug_macro   0x0000000000000000       0x40 ./riscv_hal/riscv_hal_stubs.o
 .debug_macro   0x0000000000000000       0x10 ./riscv_hal/riscv_hal_stubs.o
 .debug_macro   0x0000000000000000       0x40 ./riscv_hal/riscv_hal_stubs.o
 .debug_macro   0x0000000000000000       0xd7 ./riscv_hal/riscv_hal_stubs.o
 .debug_macro   0x0000000000000000       0x1c ./riscv_hal/riscv_hal_stubs.o
 .debug_macro   0x0000000000000000       0x3d ./riscv_hal/riscv_hal_stubs.o
 .debug_macro   0x0000000000000000      0x51a ./riscv_hal/riscv_hal_stubs.o
 .group         0x0000000000000000        0x8 ./riscv_hal/syscall.o
 .group         0x0000000000000000        0x8 ./riscv_hal/syscall.o
 .group         0x0000000000000000        0x8 ./riscv_hal/syscall.o
 .group         0x0000000000000000        0x8 ./riscv_hal/syscall.o
 .group         0x0000000000000000        0x8 ./riscv_hal/syscall.o
 .group         0x0000000000000000        0x8 ./riscv_hal/syscall.o
 .group         0x0000000000000000        0x8 ./riscv_hal/syscall.o
 .group         0x0000000000000000        0x8 ./riscv_hal/syscall.o
 .group         0x0000000000000000        0x8 ./riscv_hal/syscall.o
 .group         0x0000000000000000        0x8 ./riscv_hal/syscall.o
 .group         0x0000000000000000        0x8 ./riscv_hal/syscall.o
 .group         0x0000000000000000        0x8 ./riscv_hal/syscall.o
 .group         0x0000000000000000        0x8 ./riscv_hal/syscall.o
 .group         0x0000000000000000        0x8 ./riscv_hal/syscall.o
 .group         0x0000000000000000        0x8 ./riscv_hal/syscall.o
 .group         0x0000000000000000        0x8 ./riscv_hal/syscall.o
 .group         0x0000000000000000        0x8 ./riscv_hal/syscall.o
 .group         0x0000000000000000        0x8 ./riscv_hal/syscall.o
 .group         0x0000000000000000        0x8 ./riscv_hal/syscall.o
 .group         0x0000000000000000        0x8 ./riscv_hal/syscall.o
 .group         0x0000000000000000        0x8 ./riscv_hal/syscall.o
 .group         0x0000000000000000        0x8 ./riscv_hal/syscall.o
 .group         0x0000000000000000        0x8 ./riscv_hal/syscall.o
 .group         0x0000000000000000        0x8 ./riscv_hal/syscall.o
 .group         0x0000000000000000        0x8 ./riscv_hal/syscall.o
 .group         0x0000000000000000        0x8 ./riscv_hal/syscall.o
 .group         0x0000000000000000        0x8 ./riscv_hal/syscall.o
 .group         0x0000000000000000        0x8 ./riscv_hal/syscall.o
 .group         0x0000000000000000        0x8 ./riscv_hal/syscall.o
 .group         0x0000000000000000        0x8 ./riscv_hal/syscall.o
 .group         0x0000000000000000        0x8 ./riscv_hal/syscall.o
 .group         0x0000000000000000        0x8 ./riscv_hal/syscall.o
 .group         0x0000000000000000        0x8 ./riscv_hal/syscall.o
 .group         0x0000000000000000        0x8 ./riscv_hal/syscall.o
 .group         0x0000000000000000        0x8 ./riscv_hal/syscall.o
 .group         0x0000000000000000        0x8 ./riscv_hal/syscall.o
 .group         0x0000000000000000        0x8 ./riscv_hal/syscall.o
 .group         0x0000000000000000        0x8 ./riscv_hal/syscall.o
 .group         0x0000000000000000        0x8 ./riscv_hal/syscall.o
 .group         0x0000000000000000        0x8 ./riscv_hal/syscall.o
 .group         0x0000000000000000        0x8 ./riscv_hal/syscall.o
 .group         0x0000000000000000        0x8 ./riscv_hal/syscall.o
 .group         0x0000000000000000        0x8 ./riscv_hal/syscall.o
 .group         0x0000000000000000        0x8 ./riscv_hal/syscall.o
 .group         0x0000000000000000        0x8 ./riscv_hal/syscall.o
 .group         0x0000000000000000        0x8 ./riscv_hal/syscall.o
 .group         0x0000000000000000        0x8 ./riscv_hal/syscall.o
 .text          0x0000000000000000        0x0 ./riscv_hal/syscall.o
 .data          0x0000000000000000        0x0 ./riscv_hal/syscall.o
 .bss           0x0000000000000000        0x0 ./riscv_hal/syscall.o
 .sbss.__env    0x0000000000000000        0x4 ./riscv_hal/syscall.o
 .sdata.environ
                0x0000000000000000        0x4 ./riscv_hal/syscall.o
 .rodata        0x0000000000000000        0x3 ./riscv_hal/syscall.o
 .text.write_hex
                0x0000000000000000       0xf0 ./riscv_hal/syscall.o
 .sdata.curbrk.3484
                0x0000000000000000        0x4 ./riscv_hal/syscall.o
 .text._sbrk    0x0000000000000000       0x8c ./riscv_hal/syscall.o
 .text._isatty  0x0000000000000000       0x50 ./riscv_hal/syscall.o
 .text.stub     0x0000000000000000       0x30 ./riscv_hal/syscall.o
 .text._open    0x0000000000000000       0x40 ./riscv_hal/syscall.o
 .text._openat  0x0000000000000000       0x44 ./riscv_hal/syscall.o
 .text._close   0x0000000000000000       0x38 ./riscv_hal/syscall.o
 .text._execve  0x0000000000000000       0x40 ./riscv_hal/syscall.o
 .text._fork    0x0000000000000000       0x34 ./riscv_hal/syscall.o
 .text._fstat   0x0000000000000000       0x64 ./riscv_hal/syscall.o
 .text._getpid  0x0000000000000000       0x20 ./riscv_hal/syscall.o
 .text._kill    0x0000000000000000       0x3c ./riscv_hal/syscall.o
 .text._link    0x0000000000000000       0x3c ./riscv_hal/syscall.o
 .text._lseek   0x0000000000000000       0x5c ./riscv_hal/syscall.o
 .text._read    0x0000000000000000       0x40 ./riscv_hal/syscall.o
 .text._stat    0x0000000000000000       0x3c ./riscv_hal/syscall.o
 .text._times   0x0000000000000000       0x38 ./riscv_hal/syscall.o
 .text._unlink  0x0000000000000000       0x38 ./riscv_hal/syscall.o
 .text._wait    0x0000000000000000       0x38 ./riscv_hal/syscall.o
 .text._write   0x0000000000000000       0x40 ./riscv_hal/syscall.o
 .debug_macro   0x0000000000000000      0x730 ./riscv_hal/syscall.o
 .debug_macro   0x0000000000000000       0x22 ./riscv_hal/syscall.o
 .debug_macro   0x0000000000000000       0xef ./riscv_hal/syscall.o
 .debug_macro   0x0000000000000000       0x6a ./riscv_hal/syscall.o
 .debug_macro   0x0000000000000000      0x1df ./riscv_hal/syscall.o
 .debug_macro   0x0000000000000000       0x34 ./riscv_hal/syscall.o
 .debug_macro   0x0000000000000000       0x9c ./riscv_hal/syscall.o
 .debug_macro   0x0000000000000000       0x16 ./riscv_hal/syscall.o
 .debug_macro   0x0000000000000000      0x10e ./riscv_hal/syscall.o
 .debug_macro   0x0000000000000000       0x8d ./riscv_hal/syscall.o
 .debug_macro   0x0000000000000000       0x52 ./riscv_hal/syscall.o
 .debug_macro   0x0000000000000000       0x1f ./riscv_hal/syscall.o
 .debug_macro   0x0000000000000000       0x43 ./riscv_hal/syscall.o
 .debug_macro   0x0000000000000000       0x20 ./riscv_hal/syscall.o
 .debug_macro   0x0000000000000000      0x187 ./riscv_hal/syscall.o
 .debug_macro   0x0000000000000000      0x30d ./riscv_hal/syscall.o
 .debug_macro   0x0000000000000000       0x16 ./riscv_hal/syscall.o
 .debug_macro   0x0000000000000000       0x29 ./riscv_hal/syscall.o
 .debug_macro   0x0000000000000000       0x16 ./riscv_hal/syscall.o
 .debug_macro   0x0000000000000000       0x10 ./riscv_hal/syscall.o
 .debug_macro   0x0000000000000000       0x35 ./riscv_hal/syscall.o
 .debug_macro   0x0000000000000000       0x1c ./riscv_hal/syscall.o
 .debug_macro   0x0000000000000000       0x52 ./riscv_hal/syscall.o
 .debug_macro   0x0000000000000000       0x40 ./riscv_hal/syscall.o
 .debug_macro   0x0000000000000000       0x10 ./riscv_hal/syscall.o
 .debug_macro   0x0000000000000000       0x40 ./riscv_hal/syscall.o
 .debug_macro   0x0000000000000000       0xd7 ./riscv_hal/syscall.o
 .debug_macro   0x0000000000000000       0x1c ./riscv_hal/syscall.o
 .debug_macro   0x0000000000000000       0x3d ./riscv_hal/syscall.o
 .debug_macro   0x0000000000000000      0x51a ./riscv_hal/syscall.o
 .debug_macro   0x0000000000000000      0x2dc ./riscv_hal/syscall.o
 COMMON         0x0000000000000000        0x4 ./riscv_hal/syscall.o
 .group         0x0000000000000000        0x8 ./hal/hal_irq.o
 .group         0x0000000000000000        0x8 ./hal/hal_irq.o
 .group         0x0000000000000000        0x8 ./hal/hal_irq.o
 .group         0x0000000000000000        0x8 ./hal/hal_irq.o
 .group         0x0000000000000000        0x8 ./hal/hal_irq.o
 .group         0x0000000000000000        0x8 ./hal/hal_irq.o
 .group         0x0000000000000000        0x8 ./hal/hal_irq.o
 .group         0x0000000000000000        0x8 ./hal/hal_irq.o
 .group         0x0000000000000000        0x8 ./hal/hal_irq.o
 .group         0x0000000000000000        0x8 ./hal/hal_irq.o
 .group         0x0000000000000000        0x8 ./hal/hal_irq.o
 .text          0x0000000000000000        0x0 ./hal/hal_irq.o
 .data          0x0000000000000000        0x0 ./hal/hal_irq.o
 .bss           0x0000000000000000        0x0 ./hal/hal_irq.o
 .text.HAL_enable_interrupts
                0x0000000000000000       0x2c ./hal/hal_irq.o
 .text.HAL_restore_interrupts
                0x0000000000000000       0x28 ./hal/hal_irq.o
 .debug_macro   0x0000000000000000      0x730 ./hal/hal_irq.o
 .debug_macro   0x0000000000000000       0x22 ./hal/hal_irq.o
 .debug_macro   0x0000000000000000       0x87 ./hal/hal_irq.o
 .debug_macro   0x0000000000000000       0x51 ./hal/hal_irq.o
 .debug_macro   0x0000000000000000       0xef ./hal/hal_irq.o
 .debug_macro   0x0000000000000000       0x6a ./hal/hal_irq.o
 .debug_macro   0x0000000000000000      0x1df ./hal/hal_irq.o
 .debug_macro   0x0000000000000000      0x2dc ./hal/hal_irq.o
 .debug_macro   0x0000000000000000       0x28 ./hal/hal_irq.o
 .debug_macro   0x0000000000000000       0x10 ./hal/hal_irq.o
 .data          0x0000000000000000        0x0 ./hal/hw_reg_access.o
 .bss           0x0000000000000000        0x0 ./hal/hw_reg_access.o
 .group         0x0000000000000000        0x8 ./drivers/xmodem/xmodem.o
 .group         0x0000000000000000        0x8 ./drivers/xmodem/xmodem.o
 .group         0x0000000000000000        0x8 ./drivers/xmodem/xmodem.o
 .group         0x0000000000000000        0x8 ./drivers/xmodem/xmodem.o
 .group         0x0000000000000000        0x8 ./drivers/xmodem/xmodem.o
 .group         0x0000000000000000        0x8 ./drivers/xmodem/xmodem.o
 .group         0x0000000000000000        0x8 ./drivers/xmodem/xmodem.o
 .group         0x0000000000000000        0x8 ./drivers/xmodem/xmodem.o
 .text          0x0000000000000000        0x0 ./drivers/xmodem/xmodem.o
 .data          0x0000000000000000        0x0 ./drivers/xmodem/xmodem.o
 .bss           0x0000000000000000        0x0 ./drivers/xmodem/xmodem.o
 .debug_macro   0x0000000000000000      0x730 ./drivers/xmodem/xmodem.o
 .debug_macro   0x0000000000000000       0x22 ./drivers/xmodem/xmodem.o
 .debug_macro   0x0000000000000000       0x87 ./drivers/xmodem/xmodem.o
 .debug_macro   0x0000000000000000       0x51 ./drivers/xmodem/xmodem.o
 .debug_macro   0x0000000000000000       0xef ./drivers/xmodem/xmodem.o
 .debug_macro   0x0000000000000000       0x6a ./drivers/xmodem/xmodem.o
 .debug_macro   0x0000000000000000      0x1df ./drivers/xmodem/xmodem.o
 .group         0x0000000000000000        0x8 ./drivers/mt25ql01gbbb/mt25ql01gbbb.o
 .group         0x0000000000000000        0x8 ./drivers/mt25ql01gbbb/mt25ql01gbbb.o
 .group         0x0000000000000000        0x8 ./drivers/mt25ql01gbbb/mt25ql01gbbb.o
 .group         0x0000000000000000        0x8 ./drivers/mt25ql01gbbb/mt25ql01gbbb.o
 .group         0x0000000000000000        0x8 ./drivers/mt25ql01gbbb/mt25ql01gbbb.o
 .group         0x0000000000000000        0x8 ./drivers/mt25ql01gbbb/mt25ql01gbbb.o
 .group         0x0000000000000000        0x8 ./drivers/mt25ql01gbbb/mt25ql01gbbb.o
 .group         0x0000000000000000        0x8 ./drivers/mt25ql01gbbb/mt25ql01gbbb.o
 .group         0x0000000000000000        0x8 ./drivers/mt25ql01gbbb/mt25ql01gbbb.o
 .group         0x0000000000000000        0x8 ./drivers/mt25ql01gbbb/mt25ql01gbbb.o
 .group         0x0000000000000000        0x8 ./drivers/mt25ql01gbbb/mt25ql01gbbb.o
 .group         0x0000000000000000        0x8 ./drivers/mt25ql01gbbb/mt25ql01gbbb.o
 .group         0x0000000000000000        0x8 ./drivers/mt25ql01gbbb/mt25ql01gbbb.o
 .group         0x0000000000000000        0x8 ./drivers/mt25ql01gbbb/mt25ql01gbbb.o
 .group         0x0000000000000000        0x8 ./drivers/mt25ql01gbbb/mt25ql01gbbb.o
 .group         0x0000000000000000        0x8 ./drivers/mt25ql01gbbb/mt25ql01gbbb.o
 .group         0x0000000000000000        0x8 ./drivers/mt25ql01gbbb/mt25ql01gbbb.o
 .group         0x0000000000000000        0x8 ./drivers/mt25ql01gbbb/mt25ql01gbbb.o
 .group         0x0000000000000000        0x8 ./drivers/mt25ql01gbbb/mt25ql01gbbb.o
 .group         0x0000000000000000        0x8 ./drivers/mt25ql01gbbb/mt25ql01gbbb.o
 .group         0x0000000000000000        0x8 ./drivers/mt25ql01gbbb/mt25ql01gbbb.o
 .group         0x0000000000000000        0x8 ./drivers/mt25ql01gbbb/mt25ql01gbbb.o
 .group         0x0000000000000000        0x8 ./drivers/mt25ql01gbbb/mt25ql01gbbb.o
 .text          0x0000000000000000        0x0 ./drivers/mt25ql01gbbb/mt25ql01gbbb.o
 .data          0x0000000000000000        0x0 ./drivers/mt25ql01gbbb/mt25ql01gbbb.o
 .bss           0x0000000000000000        0x0 ./drivers/mt25ql01gbbb/mt25ql01gbbb.o
 .text.FLASH_chip_erase
                0x0000000000000000       0xbc ./drivers/mt25ql01gbbb/mt25ql01gbbb.o
 .text.FLASH_erase_64k_block
                0x0000000000000000       0xfc ./drivers/mt25ql01gbbb/mt25ql01gbbb.o
 .text.FLASH_get_status
                0x0000000000000000       0x54 ./drivers/mt25ql01gbbb/mt25ql01gbbb.o
 .debug_macro   0x0000000000000000      0x730 ./drivers/mt25ql01gbbb/mt25ql01gbbb.o
 .debug_macro   0x0000000000000000       0x22 ./drivers/mt25ql01gbbb/mt25ql01gbbb.o
 .debug_macro   0x0000000000000000       0x87 ./drivers/mt25ql01gbbb/mt25ql01gbbb.o
 .debug_macro   0x0000000000000000       0x51 ./drivers/mt25ql01gbbb/mt25ql01gbbb.o
 .debug_macro   0x0000000000000000       0xef ./drivers/mt25ql01gbbb/mt25ql01gbbb.o
 .debug_macro   0x0000000000000000       0x6a ./drivers/mt25ql01gbbb/mt25ql01gbbb.o
 .debug_macro   0x0000000000000000      0x1df ./drivers/mt25ql01gbbb/mt25ql01gbbb.o
 .debug_macro   0x0000000000000000       0x52 ./drivers/mt25ql01gbbb/mt25ql01gbbb.o
 .debug_macro   0x0000000000000000       0x34 ./drivers/mt25ql01gbbb/mt25ql01gbbb.o
 .debug_macro   0x0000000000000000       0x9c ./drivers/mt25ql01gbbb/mt25ql01gbbb.o
 .debug_macro   0x0000000000000000       0x16 ./drivers/mt25ql01gbbb/mt25ql01gbbb.o
 .debug_macro   0x0000000000000000      0x10e ./drivers/mt25ql01gbbb/mt25ql01gbbb.o
 .debug_macro   0x0000000000000000       0x8d ./drivers/mt25ql01gbbb/mt25ql01gbbb.o
 .debug_macro   0x0000000000000000       0x52 ./drivers/mt25ql01gbbb/mt25ql01gbbb.o
 .debug_macro   0x0000000000000000       0x1f ./drivers/mt25ql01gbbb/mt25ql01gbbb.o
 .debug_macro   0x0000000000000000       0x43 ./drivers/mt25ql01gbbb/mt25ql01gbbb.o
 .debug_macro   0x0000000000000000       0x20 ./drivers/mt25ql01gbbb/mt25ql01gbbb.o
 .debug_macro   0x0000000000000000      0x187 ./drivers/mt25ql01gbbb/mt25ql01gbbb.o
 .debug_macro   0x0000000000000000      0x30d ./drivers/mt25ql01gbbb/mt25ql01gbbb.o
 .debug_macro   0x0000000000000000       0x16 ./drivers/mt25ql01gbbb/mt25ql01gbbb.o
 .debug_macro   0x0000000000000000       0x29 ./drivers/mt25ql01gbbb/mt25ql01gbbb.o
 .group         0x0000000000000000        0x8 ./drivers/CoreUARTapb/core_uart_apb.o
 .group         0x0000000000000000        0x8 ./drivers/CoreUARTapb/core_uart_apb.o
 .group         0x0000000000000000        0x8 ./drivers/CoreUARTapb/core_uart_apb.o
 .group         0x0000000000000000        0x8 ./drivers/CoreUARTapb/core_uart_apb.o
 .group         0x0000000000000000        0x8 ./drivers/CoreUARTapb/core_uart_apb.o
 .group         0x0000000000000000        0x8 ./drivers/CoreUARTapb/core_uart_apb.o
 .group         0x0000000000000000        0x8 ./drivers/CoreUARTapb/core_uart_apb.o
 .group         0x0000000000000000        0x8 ./drivers/CoreUARTapb/core_uart_apb.o
 .group         0x0000000000000000        0x8 ./drivers/CoreUARTapb/core_uart_apb.o
 .group         0x0000000000000000        0x8 ./drivers/CoreUARTapb/core_uart_apb.o
 .group         0x0000000000000000        0x8 ./drivers/CoreUARTapb/core_uart_apb.o
 .text          0x0000000000000000        0x0 ./drivers/CoreUARTapb/core_uart_apb.o
 .data          0x0000000000000000        0x0 ./drivers/CoreUARTapb/core_uart_apb.o
 .bss           0x0000000000000000        0x0 ./drivers/CoreUARTapb/core_uart_apb.o
 .text.UART_fill_tx_fifo
                0x0000000000000000       0xe8 ./drivers/CoreUARTapb/core_uart_apb.o
 .text.UART_polled_tx_string
                0x0000000000000000       0xb8 ./drivers/CoreUARTapb/core_uart_apb.o
 .text.UART_get_rx_status
                0x0000000000000000       0x54 ./drivers/CoreUARTapb/core_uart_apb.o
 .debug_macro   0x0000000000000000      0x730 ./drivers/CoreUARTapb/core_uart_apb.o
 .debug_macro   0x0000000000000000       0x22 ./drivers/CoreUARTapb/core_uart_apb.o
 .debug_macro   0x0000000000000000       0x87 ./drivers/CoreUARTapb/core_uart_apb.o
 .debug_macro   0x0000000000000000       0x51 ./drivers/CoreUARTapb/core_uart_apb.o
 .debug_macro   0x0000000000000000       0xef ./drivers/CoreUARTapb/core_uart_apb.o
 .debug_macro   0x0000000000000000       0x6a ./drivers/CoreUARTapb/core_uart_apb.o
 .debug_macro   0x0000000000000000      0x1df ./drivers/CoreUARTapb/core_uart_apb.o
 .debug_macro   0x0000000000000000       0x64 ./drivers/CoreUARTapb/core_uart_apb.o
 .debug_macro   0x0000000000000000       0x40 ./drivers/CoreUARTapb/core_uart_apb.o
 .group         0x0000000000000000        0x8 ./drivers/CoreSPI/core_spi.o
 .group         0x0000000000000000        0x8 ./drivers/CoreSPI/core_spi.o
 .group         0x0000000000000000        0x8 ./drivers/CoreSPI/core_spi.o
 .group         0x0000000000000000        0x8 ./drivers/CoreSPI/core_spi.o
 .group         0x0000000000000000        0x8 ./drivers/CoreSPI/core_spi.o
 .group         0x0000000000000000        0x8 ./drivers/CoreSPI/core_spi.o
 .group         0x0000000000000000        0x8 ./drivers/CoreSPI/core_spi.o
 .group         0x0000000000000000        0x8 ./drivers/CoreSPI/core_spi.o
 .group         0x0000000000000000        0x8 ./drivers/CoreSPI/core_spi.o
 .group         0x0000000000000000        0x8 ./drivers/CoreSPI/core_spi.o
 .group         0x0000000000000000        0x8 ./drivers/CoreSPI/core_spi.o
 .group         0x0000000000000000        0x8 ./drivers/CoreSPI/core_spi.o
 .group         0x0000000000000000        0x8 ./drivers/CoreSPI/core_spi.o
 .group         0x0000000000000000        0x8 ./drivers/CoreSPI/core_spi.o
 .group         0x0000000000000000        0x8 ./drivers/CoreSPI/core_spi.o
 .group         0x0000000000000000        0x8 ./drivers/CoreSPI/core_spi.o
 .group         0x0000000000000000        0x8 ./drivers/CoreSPI/core_spi.o
 .group         0x0000000000000000        0x8 ./drivers/CoreSPI/core_spi.o
 .group         0x0000000000000000        0x8 ./drivers/CoreSPI/core_spi.o
 .group         0x0000000000000000        0x8 ./drivers/CoreSPI/core_spi.o
 .group         0x0000000000000000        0x8 ./drivers/CoreSPI/core_spi.o
 .group         0x0000000000000000        0x8 ./drivers/CoreSPI/core_spi.o
 .group         0x0000000000000000        0x8 ./drivers/CoreSPI/core_spi.o
 .text          0x0000000000000000        0x0 ./drivers/CoreSPI/core_spi.o
 .data          0x0000000000000000        0x0 ./drivers/CoreSPI/core_spi.o
 .bss           0x0000000000000000        0x0 ./drivers/CoreSPI/core_spi.o
 .text.SPI_configure_slave_mode
                0x0000000000000000       0xc4 ./drivers/CoreSPI/core_spi.o
 .text.SPI_transfer_frame
                0x0000000000000000       0xec ./drivers/CoreSPI/core_spi.o
 .text.SPI_set_frame_rx_handler
                0x0000000000000000      0x1cc ./drivers/CoreSPI/core_spi.o
 .text.SPI_set_slave_tx_frame
                0x0000000000000000      0x1d0 ./drivers/CoreSPI/core_spi.o
 .text.SPI_set_slave_block_buffers
                0x0000000000000000      0x2ac ./drivers/CoreSPI/core_spi.o
 .text.SPI_set_cmd_handler
                0x0000000000000000      0x100 ./drivers/CoreSPI/core_spi.o
 .text.SPI_set_cmd_response
                0x0000000000000000       0x74 ./drivers/CoreSPI/core_spi.o
 .text.SPI_enable
                0x0000000000000000       0x50 ./drivers/CoreSPI/core_spi.o
 .text.SPI_disable
                0x0000000000000000       0x50 ./drivers/CoreSPI/core_spi.o
 .text.SPI_isr  0x0000000000000000      0x774 ./drivers/CoreSPI/core_spi.o
 .text.fill_slave_tx_fifo
                0x0000000000000000      0x14c ./drivers/CoreSPI/core_spi.o
 .text.read_slave_rx_fifo
                0x0000000000000000      0x160 ./drivers/CoreSPI/core_spi.o
 .debug_macro   0x0000000000000000      0x730 ./drivers/CoreSPI/core_spi.o
 .debug_macro   0x0000000000000000       0x22 ./drivers/CoreSPI/core_spi.o
 .debug_macro   0x0000000000000000       0x87 ./drivers/CoreSPI/core_spi.o
 .debug_macro   0x0000000000000000       0x51 ./drivers/CoreSPI/core_spi.o
 .debug_macro   0x0000000000000000       0xef ./drivers/CoreSPI/core_spi.o
 .debug_macro   0x0000000000000000       0x6a ./drivers/CoreSPI/core_spi.o
 .debug_macro   0x0000000000000000      0x1df ./drivers/CoreSPI/core_spi.o
 .debug_macro   0x0000000000000000       0x12 ./drivers/CoreSPI/core_spi.o
 .debug_macro   0x0000000000000000       0x64 ./drivers/CoreSPI/core_spi.o
 .debug_macro   0x0000000000000000       0x16 ./drivers/CoreSPI/core_spi.o
 .debug_macro   0x0000000000000000       0x52 ./drivers/CoreSPI/core_spi.o
 .debug_macro   0x0000000000000000       0x34 ./drivers/CoreSPI/core_spi.o
 .debug_macro   0x0000000000000000       0x9c ./drivers/CoreSPI/core_spi.o
 .debug_macro   0x0000000000000000       0x52 ./drivers/CoreSPI/core_spi.o
 .debug_macro   0x0000000000000000       0x1f ./drivers/CoreSPI/core_spi.o
 .debug_macro   0x0000000000000000       0x43 ./drivers/CoreSPI/core_spi.o
 .debug_macro   0x0000000000000000       0x20 ./drivers/CoreSPI/core_spi.o
 .debug_macro   0x0000000000000000      0x187 ./drivers/CoreSPI/core_spi.o
 .debug_macro   0x0000000000000000      0x30d ./drivers/CoreSPI/core_spi.o
 .debug_macro   0x0000000000000000       0x35 ./drivers/CoreSPI/core_spi.o
 .group         0x0000000000000000        0x8 ./drivers/CoreGPIO/core_gpio.o
 .group         0x0000000000000000        0x8 ./drivers/CoreGPIO/core_gpio.o
 .group         0x0000000000000000        0x8 ./drivers/CoreGPIO/core_gpio.o
 .group         0x0000000000000000        0x8 ./drivers/CoreGPIO/core_gpio.o
 .group         0x0000000000000000        0x8 ./drivers/CoreGPIO/core_gpio.o
 .group         0x0000000000000000        0x8 ./drivers/CoreGPIO/core_gpio.o
 .group         0x0000000000000000        0x8 ./drivers/CoreGPIO/core_gpio.o
 .group         0x0000000000000000        0x8 ./drivers/CoreGPIO/core_gpio.o
 .group         0x0000000000000000        0x8 ./drivers/CoreGPIO/core_gpio.o
 .group         0x0000000000000000        0x8 ./drivers/CoreGPIO/core_gpio.o
 .group         0x0000000000000000        0x8 ./drivers/CoreGPIO/core_gpio.o
 .text          0x0000000000000000        0x0 ./drivers/CoreGPIO/core_gpio.o
 .data          0x0000000000000000        0x0 ./drivers/CoreGPIO/core_gpio.o
 .bss           0x0000000000000000        0x0 ./drivers/CoreGPIO/core_gpio.o
 .text.GPIO_get_inputs
                0x0000000000000000      0x194 ./drivers/CoreGPIO/core_gpio.o
 .text.GPIO_set_output
                0x0000000000000000      0x254 ./drivers/CoreGPIO/core_gpio.o
 .text.GPIO_drive_inout
                0x0000000000000000      0x168 ./drivers/CoreGPIO/core_gpio.o
 .text.GPIO_enable_irq
                0x0000000000000000       0x88 ./drivers/CoreGPIO/core_gpio.o
 .text.GPIO_disable_irq
                0x0000000000000000       0x88 ./drivers/CoreGPIO/core_gpio.o
 .text.GPIO_clear_irq
                0x0000000000000000      0x150 ./drivers/CoreGPIO/core_gpio.o
 .text.GPIO_get_irq_sources
                0x0000000000000000      0x194 ./drivers/CoreGPIO/core_gpio.o
 .text.GPIO_clear_all_irq_sources
                0x0000000000000000      0x148 ./drivers/CoreGPIO/core_gpio.o
 .debug_macro   0x0000000000000000      0x730 ./drivers/CoreGPIO/core_gpio.o
 .debug_macro   0x0000000000000000       0x22 ./drivers/CoreGPIO/core_gpio.o
 .debug_macro   0x0000000000000000       0x87 ./drivers/CoreGPIO/core_gpio.o
 .debug_macro   0x0000000000000000       0x51 ./drivers/CoreGPIO/core_gpio.o
 .debug_macro   0x0000000000000000       0xef ./drivers/CoreGPIO/core_gpio.o
 .debug_macro   0x0000000000000000       0x6a ./drivers/CoreGPIO/core_gpio.o
 .debug_macro   0x0000000000000000      0x1df ./drivers/CoreGPIO/core_gpio.o
 .debug_macro   0x0000000000000000       0x64 ./drivers/CoreGPIO/core_gpio.o
 .debug_macro   0x0000000000000000       0x16 ./drivers/CoreGPIO/core_gpio.o
 .group         0x0000000000000000        0x8 ./main.o
 .group         0x0000000000000000        0x8 ./main.o
 .group         0x0000000000000000        0x8 ./main.o
 .group         0x0000000000000000        0x8 ./main.o
 .group         0x0000000000000000        0x8 ./main.o
 .group         0x0000000000000000        0x8 ./main.o
 .group         0x0000000000000000        0x8 ./main.o
 .group         0x0000000000000000        0x8 ./main.o
 .group         0x0000000000000000        0x8 ./main.o
 .group         0x0000000000000000        0x8 ./main.o
 .group         0x0000000000000000        0x8 ./main.o
 .group         0x0000000000000000        0x8 ./main.o
 .group         0x0000000000000000        0x8 ./main.o
 .group         0x0000000000000000        0x8 ./main.o
 .group         0x0000000000000000        0x8 ./main.o
 .group         0x0000000000000000        0x8 ./main.o
 .group         0x0000000000000000        0x8 ./main.o
 .group         0x0000000000000000        0x8 ./main.o
 .group         0x0000000000000000        0x8 ./main.o
 .group         0x0000000000000000        0x8 ./main.o
 .group         0x0000000000000000        0x8 ./main.o
 .group         0x0000000000000000        0x8 ./main.o
 .group         0x0000000000000000        0x8 ./main.o
 .group         0x0000000000000000        0x8 ./main.o
 .group         0x0000000000000000        0x8 ./main.o
 .group         0x0000000000000000        0x8 ./main.o
 .group         0x0000000000000000        0x8 ./main.o
 .group         0x0000000000000000        0x8 ./main.o
 .group         0x0000000000000000        0x8 ./main.o
 .group         0x0000000000000000        0x8 ./main.o
 .group         0x0000000000000000        0x8 ./main.o
 .group         0x0000000000000000        0x8 ./main.o
 .group         0x0000000000000000        0x8 ./main.o
 .group         0x0000000000000000        0x8 ./main.o
 .group         0x0000000000000000        0x8 ./main.o
 .group         0x0000000000000000        0x8 ./main.o
 .group         0x0000000000000000        0x8 ./main.o
 .group         0x0000000000000000        0x8 ./main.o
 .group         0x0000000000000000        0x8 ./main.o
 .group         0x0000000000000000        0x8 ./main.o
 .group         0x0000000000000000        0x8 ./main.o
 .group         0x0000000000000000        0x8 ./main.o
 .group         0x0000000000000000        0x8 ./main.o
 .text          0x0000000000000000        0x0 ./main.o
 .data          0x0000000000000000        0x0 ./main.o
 .bss           0x0000000000000000        0x0 ./main.o
 .data.g_message
                0x0000000000000000       0x1f ./main.o
 .bss.g_tx_buf  0x0000000000000000      0x400 ./main.o
 .text.FATAL_ERROR
                0x0000000000000000       0x20 ./main.o
 .text.xmodem_flash_write
                0x0000000000000000      0x21c ./main.o
 .text.led_blink
                0x0000000000000000       0x68 ./main.o
 .debug_macro   0x0000000000000000      0x730 ./main.o
 .debug_macro   0x0000000000000000       0x22 ./main.o
 .debug_macro   0x0000000000000000       0x4c ./main.o
 .debug_macro   0x0000000000000000       0x8d ./main.o
 .debug_macro   0x0000000000000000       0x34 ./main.o
 .debug_macro   0x0000000000000000       0x9c ./main.o
 .debug_macro   0x0000000000000000       0x57 ./main.o
 .debug_macro   0x0000000000000000      0x30d ./main.o
 .debug_macro   0x0000000000000000       0x10 ./main.o
 .debug_macro   0x0000000000000000       0x52 ./main.o
 .debug_macro   0x0000000000000000       0x1f ./main.o
 .debug_macro   0x0000000000000000       0x43 ./main.o
 .debug_macro   0x0000000000000000       0x20 ./main.o
 .debug_macro   0x0000000000000000      0x187 ./main.o
 .debug_macro   0x0000000000000000       0x10 ./main.o
 .debug_macro   0x0000000000000000       0x6a ./main.o
 .debug_macro   0x0000000000000000       0x1c ./main.o
 .debug_macro   0x0000000000000000       0x52 ./main.o
 .debug_macro   0x0000000000000000       0x40 ./main.o
 .debug_macro   0x0000000000000000       0x10 ./main.o
 .debug_macro   0x0000000000000000       0x40 ./main.o
 .debug_macro   0x0000000000000000       0xd7 ./main.o
 .debug_macro   0x0000000000000000       0x1c ./main.o
 .debug_macro   0x0000000000000000       0x3d ./main.o
 .debug_macro   0x0000000000000000       0x16 ./main.o
 .debug_macro   0x0000000000000000       0xef ./main.o
 .debug_macro   0x0000000000000000      0x1df ./main.o
 .debug_macro   0x0000000000000000       0x64 ./main.o
 .debug_macro   0x0000000000000000      0x2dc ./main.o
 .debug_macro   0x0000000000000000       0x28 ./main.o
 .debug_macro   0x0000000000000000       0x10 ./main.o
 .debug_macro   0x0000000000000000       0x58 ./main.o
 .debug_macro   0x0000000000000000       0x40 ./main.o
 .debug_macro   0x0000000000000000       0x16 ./main.o
 .debug_macro   0x0000000000000000       0x35 ./main.o
 .debug_macro   0x0000000000000000       0x16 ./main.o
 .debug_macro   0x0000000000000000       0x29 ./main.o
 .text          0x0000000000000000       0xb4 c:/microsemi/softconsole_v5.3/riscv-unknown-elf-gcc/bin/../lib/gcc/riscv64-unknown-elf/7.2.0/rv32i/ilp32\libgcc.a(div.o)
 .data          0x0000000000000000        0x0 c:/microsemi/softconsole_v5.3/riscv-unknown-elf-gcc/bin/../lib/gcc/riscv64-unknown-elf/7.2.0/rv32i/ilp32\libgcc.a(div.o)
 .bss           0x0000000000000000        0x0 c:/microsemi/softconsole_v5.3/riscv-unknown-elf-gcc/bin/../lib/gcc/riscv64-unknown-elf/7.2.0/rv32i/ilp32\libgcc.a(div.o)
 .data          0x0000000000000000        0x0 c:/microsemi/softconsole_v5.3/riscv-unknown-elf-gcc/bin/../lib/gcc/riscv64-unknown-elf/7.2.0/../../../../riscv64-unknown-elf/lib/rv32i/ilp32\libg_nano.a(lib_a-memset.o)
 .bss           0x0000000000000000        0x0 c:/microsemi/softconsole_v5.3/riscv-unknown-elf-gcc/bin/../lib/gcc/riscv64-unknown-elf/7.2.0/../../../../riscv64-unknown-elf/lib/rv32i/ilp32\libg_nano.a(lib_a-memset.o)
 .text          0x0000000000000000        0x0 c:/microsemi/softconsole_v5.3/riscv-unknown-elf-gcc/bin/../lib/gcc/riscv64-unknown-elf/7.2.0/../../../../riscv64-unknown-elf/lib/rv32i/ilp32\libg_nano.a(lib_a-sysisatty.o)
 .data          0x0000000000000000        0x0 c:/microsemi/softconsole_v5.3/riscv-unknown-elf-gcc/bin/../lib/gcc/riscv64-unknown-elf/7.2.0/../../../../riscv64-unknown-elf/lib/rv32i/ilp32\libg_nano.a(lib_a-sysisatty.o)
 .bss           0x0000000000000000        0x0 c:/microsemi/softconsole_v5.3/riscv-unknown-elf-gcc/bin/../lib/gcc/riscv64-unknown-elf/7.2.0/../../../../riscv64-unknown-elf/lib/rv32i/ilp32\libg_nano.a(lib_a-sysisatty.o)
 .text.isatty   0x0000000000000000        0x8 c:/microsemi/softconsole_v5.3/riscv-unknown-elf-gcc/bin/../lib/gcc/riscv64-unknown-elf/7.2.0/../../../../riscv64-unknown-elf/lib/rv32i/ilp32\libg_nano.a(lib_a-sysisatty.o)
 .debug_frame   0x0000000000000000       0x20 c:/microsemi/softconsole_v5.3/riscv-unknown-elf-gcc/bin/../lib/gcc/riscv64-unknown-elf/7.2.0/../../../../riscv64-unknown-elf/lib/rv32i/ilp32\libg_nano.a(lib_a-sysisatty.o)
 .text          0x0000000000000000        0x0 c:/microsemi/softconsole_v5.3/riscv-unknown-elf-gcc/bin/../lib/gcc/riscv64-unknown-elf/7.2.0/../../../../riscv64-unknown-elf/lib/rv32i/ilp32\libg_nano.a(lib_a-syswrite.o)
 .data          0x0000000000000000        0x0 c:/microsemi/softconsole_v5.3/riscv-unknown-elf-gcc/bin/../lib/gcc/riscv64-unknown-elf/7.2.0/../../../../riscv64-unknown-elf/lib/rv32i/ilp32\libg_nano.a(lib_a-syswrite.o)
 .bss           0x0000000000000000        0x0 c:/microsemi/softconsole_v5.3/riscv-unknown-elf-gcc/bin/../lib/gcc/riscv64-unknown-elf/7.2.0/../../../../riscv64-unknown-elf/lib/rv32i/ilp32\libg_nano.a(lib_a-syswrite.o)
 .text.write    0x0000000000000000       0x20 c:/microsemi/softconsole_v5.3/riscv-unknown-elf-gcc/bin/../lib/gcc/riscv64-unknown-elf/7.2.0/../../../../riscv64-unknown-elf/lib/rv32i/ilp32\libg_nano.a(lib_a-syswrite.o)
 .debug_frame   0x0000000000000000       0x20 c:/microsemi/softconsole_v5.3/riscv-unknown-elf-gcc/bin/../lib/gcc/riscv64-unknown-elf/7.2.0/../../../../riscv64-unknown-elf/lib/rv32i/ilp32\libg_nano.a(lib_a-syswrite.o)
 .text          0x0000000000000000        0x0 c:/microsemi/softconsole_v5.3/riscv-unknown-elf-gcc/bin/../lib/gcc/riscv64-unknown-elf/7.2.0/../../../../riscv64-unknown-elf/lib/rv32i/ilp32\libg_nano.a(lib_a-writer.o)
 .data          0x0000000000000000        0x0 c:/microsemi/softconsole_v5.3/riscv-unknown-elf-gcc/bin/../lib/gcc/riscv64-unknown-elf/7.2.0/../../../../riscv64-unknown-elf/lib/rv32i/ilp32\libg_nano.a(lib_a-writer.o)
 .bss           0x0000000000000000        0x0 c:/microsemi/softconsole_v5.3/riscv-unknown-elf-gcc/bin/../lib/gcc/riscv64-unknown-elf/7.2.0/../../../../riscv64-unknown-elf/lib/rv32i/ilp32\libg_nano.a(lib_a-writer.o)
 .text._write_r
                0x0000000000000000       0x58 c:/microsemi/softconsole_v5.3/riscv-unknown-elf-gcc/bin/../lib/gcc/riscv64-unknown-elf/7.2.0/../../../../riscv64-unknown-elf/lib/rv32i/ilp32\libg_nano.a(lib_a-writer.o)
 .debug_frame   0x0000000000000000       0x30 c:/microsemi/softconsole_v5.3/riscv-unknown-elf-gcc/bin/../lib/gcc/riscv64-unknown-elf/7.2.0/../../../../riscv64-unknown-elf/lib/rv32i/ilp32\libg_nano.a(lib_a-writer.o)
 .text          0x0000000000000000        0x0 c:/microsemi/softconsole_v5.3/riscv-unknown-elf-gcc/bin/../lib/gcc/riscv64-unknown-elf/7.2.0/../../../../riscv64-unknown-elf/lib/rv32i/ilp32\libg_nano.a(lib_a-impure.o)
 .data          0x0000000000000000        0x0 c:/microsemi/softconsole_v5.3/riscv-unknown-elf-gcc/bin/../lib/gcc/riscv64-unknown-elf/7.2.0/../../../../riscv64-unknown-elf/lib/rv32i/ilp32\libg_nano.a(lib_a-impure.o)
 .bss           0x0000000000000000        0x0 c:/microsemi/softconsole_v5.3/riscv-unknown-elf-gcc/bin/../lib/gcc/riscv64-unknown-elf/7.2.0/../../../../riscv64-unknown-elf/lib/rv32i/ilp32\libg_nano.a(lib_a-impure.o)
 .data.impure_data
                0x0000000000000000       0x60 c:/microsemi/softconsole_v5.3/riscv-unknown-elf-gcc/bin/../lib/gcc/riscv64-unknown-elf/7.2.0/../../../../riscv64-unknown-elf/lib/rv32i/ilp32\libg_nano.a(lib_a-impure.o)
 .sdata._global_impure_ptr
                0x0000000000000000        0x4 c:/microsemi/softconsole_v5.3/riscv-unknown-elf-gcc/bin/../lib/gcc/riscv64-unknown-elf/7.2.0/../../../../riscv64-unknown-elf/lib/rv32i/ilp32\libg_nano.a(lib_a-impure.o)
 .sdata._impure_ptr
                0x0000000000000000        0x4 c:/microsemi/softconsole_v5.3/riscv-unknown-elf-gcc/bin/../lib/gcc/riscv64-unknown-elf/7.2.0/../../../../riscv64-unknown-elf/lib/rv32i/ilp32\libg_nano.a(lib_a-impure.o)

Memory Configuration

Name             Origin             Length             Attributes
ram              0x0000000070000000 0x0000000000010000 xrw
*default*        0x0000000000000000 0xffffffffffffffff

Linker script and memory map

LOAD ./riscv_hal/entry.o
LOAD ./riscv_hal/init.o
LOAD ./riscv_hal/riscv_hal.o
LOAD ./riscv_hal/riscv_hal_stubs.o
LOAD ./riscv_hal/syscall.o
LOAD ./hal/hal_irq.o
LOAD ./hal/hw_reg_access.o
LOAD ./drivers/xmodem/xmodem.o
LOAD ./drivers/mt25ql01gbbb/mt25ql01gbbb.o
LOAD ./drivers/CoreUARTapb/core_uart_apb.o
LOAD ./drivers/CoreSPI/core_spi.o
LOAD ./drivers/CoreGPIO/core_gpio.o
LOAD ./main.o
LOAD c:/microsemi/softconsole_v5.3/riscv-unknown-elf-gcc/bin/../lib/gcc/riscv64-unknown-elf/7.2.0/rv32i/ilp32\libgcc.a
LOAD c:/microsemi/softconsole_v5.3/riscv-unknown-elf-gcc/bin/../lib/gcc/riscv64-unknown-elf/7.2.0/../../../../riscv64-unknown-elf/lib/rv32i/ilp32\libg_nano.a
LOAD c:/microsemi/softconsole_v5.3/riscv-unknown-elf-gcc/bin/../lib/gcc/riscv64-unknown-elf/7.2.0/../../../../riscv64-unknown-elf/lib/rv32i/ilp32\libc_nano.a
LOAD c:/microsemi/softconsole_v5.3/riscv-unknown-elf-gcc/bin/../lib/gcc/riscv64-unknown-elf/7.2.0/rv32i/ilp32\libgcc.a
START GROUP
LOAD c:/microsemi/softconsole_v5.3/riscv-unknown-elf-gcc/bin/../lib/gcc/riscv64-unknown-elf/7.2.0/rv32i/ilp32\libgcc.a
LOAD c:/microsemi/softconsole_v5.3/riscv-unknown-elf-gcc/bin/../lib/gcc/riscv64-unknown-elf/7.2.0/../../../../riscv64-unknown-elf/lib/rv32i/ilp32\libc_nano.a
END GROUP
                0x0000000070000000                RAM_START_ADDRESS = 0x70000000
                0x0000000000010000                RAM_SIZE = 0x10000
                0x0000000000001000                STACK_SIZE = 0x1000
                0x0000000000001000                HEAP_SIZE = 0x1000

.text           0x0000000070000000     0x3730
 *(SORT(.text.entry))
 .text.entry    0x0000000070000000      0x160 ./riscv_hal/entry.o
                0x0000000070000000                _start
                0x0000000070000160                . = ALIGN (0x10)
 *(.text .text.* .gnu.linkonce.t.*)
 .text.copy_section
                0x0000000070000160       0x60 ./riscv_hal/init.o
 .text.zero_section
                0x00000000700001c0       0x50 ./riscv_hal/init.o
 .text._init    0x0000000070000210       0xa0 ./riscv_hal/init.o
                0x0000000070000210                _init
 .text._fini    0x00000000700002b0       0x1c ./riscv_hal/init.o
                0x00000000700002b0                _fini
 .text.PLIC_DisableIRQ
                0x00000000700002cc       0xb8 ./riscv_hal/riscv_hal.o
 .text.PLIC_ClaimIRQ
                0x0000000070000384       0x44 ./riscv_hal/riscv_hal.o
 .text.PLIC_CompleteIRQ
                0x00000000700003c8       0x4c ./riscv_hal/riscv_hal.o
 .text.__disable_irq
                0x0000000070000414       0x30 ./riscv_hal/riscv_hal.o
                0x0000000070000414                __disable_irq
 .text.handle_m_timer_interrupt
                0x0000000070000444       0xa8 ./riscv_hal/riscv_hal.o
 .text.handle_m_ext_interrupt
                0x00000000700004ec       0x70 ./riscv_hal/riscv_hal.o
 .text.handle_m_soft_interrupt
                0x000000007000055c       0x30 ./riscv_hal/riscv_hal.o
 .text.handle_trap
                0x000000007000058c       0xfc ./riscv_hal/riscv_hal.o
                0x000000007000058c                handle_trap
 .text.Software_IRQHandler
                0x0000000070000688       0x18 ./riscv_hal/riscv_hal_stubs.o
                0x0000000070000688                Software_IRQHandler
 .text.SysTick_Handler
                0x00000000700006a0       0x1c ./riscv_hal/riscv_hal_stubs.o
                0x00000000700006a0                SysTick_Handler
 .text.Invalid_IRQHandler
                0x00000000700006bc       0x20 ./riscv_hal/riscv_hal_stubs.o
                0x00000000700006bc                Invalid_IRQHandler
 .text.External_1_IRQHandler
                0x00000000700006dc       0x20 ./riscv_hal/riscv_hal_stubs.o
                0x00000000700006dc                External_1_IRQHandler
 .text.External_2_IRQHandler
                0x00000000700006fc       0x20 ./riscv_hal/riscv_hal_stubs.o
                0x00000000700006fc                External_2_IRQHandler
 .text.External_3_IRQHandler
                0x000000007000071c       0x20 ./riscv_hal/riscv_hal_stubs.o
                0x000000007000071c                External_3_IRQHandler
 .text.External_4_IRQHandler
                0x000000007000073c       0x20 ./riscv_hal/riscv_hal_stubs.o
                0x000000007000073c                External_4_IRQHandler
 .text.External_5_IRQHandler
                0x000000007000075c       0x20 ./riscv_hal/riscv_hal_stubs.o
                0x000000007000075c                External_5_IRQHandler
 .text.External_6_IRQHandler
                0x000000007000077c       0x20 ./riscv_hal/riscv_hal_stubs.o
                0x000000007000077c                External_6_IRQHandler
 .text.External_7_IRQHandler
                0x000000007000079c       0x20 ./riscv_hal/riscv_hal_stubs.o
                0x000000007000079c                External_7_IRQHandler
 .text.External_8_IRQHandler
                0x00000000700007bc       0x20 ./riscv_hal/riscv_hal_stubs.o
                0x00000000700007bc                External_8_IRQHandler
 .text.External_9_IRQHandler
                0x00000000700007dc       0x20 ./riscv_hal/riscv_hal_stubs.o
                0x00000000700007dc                External_9_IRQHandler
 .text.External_10_IRQHandler
                0x00000000700007fc       0x20 ./riscv_hal/riscv_hal_stubs.o
                0x00000000700007fc                External_10_IRQHandler
 .text.External_11_IRQHandler
                0x000000007000081c       0x20 ./riscv_hal/riscv_hal_stubs.o
                0x000000007000081c                External_11_IRQHandler
 .text.External_12_IRQHandler
                0x000000007000083c       0x20 ./riscv_hal/riscv_hal_stubs.o
                0x000000007000083c                External_12_IRQHandler
 .text.External_13_IRQHandler
                0x000000007000085c       0x20 ./riscv_hal/riscv_hal_stubs.o
                0x000000007000085c                External_13_IRQHandler
 .text.External_14_IRQHandler
                0x000000007000087c       0x20 ./riscv_hal/riscv_hal_stubs.o
                0x000000007000087c                External_14_IRQHandler
 .text.External_15_IRQHandler
                0x000000007000089c       0x20 ./riscv_hal/riscv_hal_stubs.o
                0x000000007000089c                External_15_IRQHandler
 .text.External_16_IRQHandler
                0x00000000700008bc       0x20 ./riscv_hal/riscv_hal_stubs.o
                0x00000000700008bc                External_16_IRQHandler
 .text.External_17_IRQHandler
                0x00000000700008dc       0x20 ./riscv_hal/riscv_hal_stubs.o
                0x00000000700008dc                External_17_IRQHandler
 .text.External_18_IRQHandler
                0x00000000700008fc       0x20 ./riscv_hal/riscv_hal_stubs.o
                0x00000000700008fc                External_18_IRQHandler
 .text.External_19_IRQHandler
                0x000000007000091c       0x20 ./riscv_hal/riscv_hal_stubs.o
                0x000000007000091c                External_19_IRQHandler
 .text.External_20_IRQHandler
                0x000000007000093c       0x20 ./riscv_hal/riscv_hal_stubs.o
                0x000000007000093c                External_20_IRQHandler
 .text.External_21_IRQHandler
                0x000000007000095c       0x20 ./riscv_hal/riscv_hal_stubs.o
                0x000000007000095c                External_21_IRQHandler
 .text.External_22_IRQHandler
                0x000000007000097c       0x20 ./riscv_hal/riscv_hal_stubs.o
                0x000000007000097c                External_22_IRQHandler
 .text.External_23_IRQHandler
                0x000000007000099c       0x20 ./riscv_hal/riscv_hal_stubs.o
                0x000000007000099c                External_23_IRQHandler
 .text.External_24_IRQHandler
                0x00000000700009bc       0x20 ./riscv_hal/riscv_hal_stubs.o
                0x00000000700009bc                External_24_IRQHandler
 .text.External_25_IRQHandler
                0x00000000700009dc       0x20 ./riscv_hal/riscv_hal_stubs.o
                0x00000000700009dc                External_25_IRQHandler
 .text.External_26_IRQHandler
                0x00000000700009fc       0x20 ./riscv_hal/riscv_hal_stubs.o
                0x00000000700009fc                External_26_IRQHandler
 .text.External_27_IRQHandler
                0x0000000070000a1c       0x20 ./riscv_hal/riscv_hal_stubs.o
                0x0000000070000a1c                External_27_IRQHandler
 .text.External_28_IRQHandler
                0x0000000070000a3c       0x20 ./riscv_hal/riscv_hal_stubs.o
                0x0000000070000a3c                External_28_IRQHandler
 .text.External_29_IRQHandler
                0x0000000070000a5c       0x20 ./riscv_hal/riscv_hal_stubs.o
                0x0000000070000a5c                External_29_IRQHandler
 .text.External_30_IRQHandler
                0x0000000070000a7c       0x20 ./riscv_hal/riscv_hal_stubs.o
                0x0000000070000a7c                External_30_IRQHandler
 .text.External_31_IRQHandler
                0x0000000070000a9c       0x20 ./riscv_hal/riscv_hal_stubs.o
                0x0000000070000a9c                External_31_IRQHandler
 .text._exit    0x0000000070000abc       0x14 ./riscv_hal/syscall.o
                0x0000000070000abc                _exit
 .text.HAL_disable_interrupts
                0x0000000070000ad0       0x3c ./hal/hal_irq.o
                0x0000000070000ad0                HAL_disable_interrupts
 .text          0x0000000070000b0c       0xd8 ./hal/hw_reg_access.o
                0x0000000070000b0c                HW_set_32bit_reg
                0x0000000070000b14                HW_get_32bit_reg
                0x0000000070000b1c                HW_set_32bit_reg_field
                0x0000000070000b44                HW_get_32bit_reg_field
                0x0000000070000b54                HW_set_16bit_reg
                0x0000000070000b5c                HW_get_16bit_reg
                0x0000000070000b64                HW_set_16bit_reg_field
                0x0000000070000b8c                HW_get_16bit_reg_field
                0x0000000070000b9c                HW_set_8bit_reg
                0x0000000070000ba4                HW_get_8bit_reg
                0x0000000070000bac                HW_set_8bit_reg_field
                0x0000000070000bd4                HW_get_8bit_reg_field
 .text.usart_serial_putchar
                0x0000000070000be4       0x4c ./drivers/xmodem/xmodem.o
                0x0000000070000be4                usart_serial_putchar
 .text.usart_serial_getchar
                0x0000000070000c30       0x48 ./drivers/xmodem/xmodem.o
                0x0000000070000c30                usart_serial_getchar
 .text.xmodem_get_bytes
                0x0000000070000c78      0x108 ./drivers/xmodem/xmodem.o
 .text.xmodem_get_packet
                0x0000000070000d80       0xe4 ./drivers/xmodem/xmodem.o
 .text.xmodem_send_packet
                0x0000000070000e64      0x17c ./drivers/xmodem/xmodem.o
 .text.xmodem_receive_file
                0x0000000070000fe0      0x144 ./drivers/xmodem/xmodem.o
                0x0000000070000fe0                xmodem_receive_file
 .text.xmodem_send_file
                0x0000000070001124      0x16c ./drivers/xmodem/xmodem.o
                0x0000000070001124                xmodem_send_file
 .text.FLASH_init
                0x0000000070001290       0x44 ./drivers/mt25ql01gbbb/mt25ql01gbbb.o
                0x0000000070001290                FLASH_init
 .text.FLASH_read_device_id
                0x00000000700012d4       0x9c ./drivers/mt25ql01gbbb/mt25ql01gbbb.o
                0x00000000700012d4                FLASH_read_device_id
 .text.FLASH_read
                0x0000000070001370       0xc0 ./drivers/mt25ql01gbbb/mt25ql01gbbb.o
                0x0000000070001370                FLASH_read
 .text.FLASH_global_unprotect
                0x0000000070001430       0xa4 ./drivers/mt25ql01gbbb/mt25ql01gbbb.o
                0x0000000070001430                FLASH_global_unprotect
 .text.FLASH_erase_4k_block
                0x00000000700014d4       0xe8 ./drivers/mt25ql01gbbb/mt25ql01gbbb.o
                0x00000000700014d4                FLASH_erase_4k_block
 .text.write_cmd_data
                0x00000000700015bc       0xfc ./drivers/mt25ql01gbbb/mt25ql01gbbb.o
                0x00000000700015bc                write_cmd_data
 .text.FLASH_program
                0x00000000700016b8      0x244 ./drivers/mt25ql01gbbb/mt25ql01gbbb.o
                0x00000000700016b8                FLASH_program
 .text.wait_ready
                0x00000000700018fc       0x68 ./drivers/mt25ql01gbbb/mt25ql01gbbb.o
 .text.wait_ready_erase
                0x0000000070001964       0x70 ./drivers/mt25ql01gbbb/mt25ql01gbbb.o
 .text.UART_init
                0x00000000700019d4      0x118 ./drivers/CoreUARTapb/core_uart_apb.o
                0x00000000700019d4                UART_init
 .text.UART_send
                0x0000000070001aec       0xb4 ./drivers/CoreUARTapb/core_uart_apb.o
                0x0000000070001aec                UART_send
 .text.UART_get_rx
                0x0000000070001ba0      0x130 ./drivers/CoreUARTapb/core_uart_apb.o
                0x0000000070001ba0                UART_get_rx
 .text.SPI_init
                0x0000000070001cd0      0x120 ./drivers/CoreSPI/core_spi.o
                0x0000000070001cd0                SPI_init
 .text.SPI_configure_master_mode
                0x0000000070001df0       0xb0 ./drivers/CoreSPI/core_spi.o
                0x0000000070001df0                SPI_configure_master_mode
 .text.SPI_set_slave_select
                0x0000000070001ea0       0xe0 ./drivers/CoreSPI/core_spi.o
                0x0000000070001ea0                SPI_set_slave_select
 .text.SPI_clear_slave_select
                0x0000000070001f80       0xe4 ./drivers/CoreSPI/core_spi.o
                0x0000000070001f80                SPI_clear_slave_select
 .text.SPI_transfer_block
                0x0000000070002064      0x5c4 ./drivers/CoreSPI/core_spi.o
                0x0000000070002064                SPI_transfer_block
 .text.recover_from_rx_overflow
                0x0000000070002628       0x90 ./drivers/CoreSPI/core_spi.o
 .text.GPIO_init
                0x00000000700026b8      0x174 ./drivers/CoreGPIO/core_gpio.o
                0x00000000700026b8                GPIO_init
 .text.GPIO_config
                0x000000007000282c       0x68 ./drivers/CoreGPIO/core_gpio.o
                0x000000007000282c                GPIO_config
 .text.GPIO_set_outputs
                0x0000000070002894      0x14c ./drivers/CoreGPIO/core_gpio.o
                0x0000000070002894                GPIO_set_outputs
 .text.GPIO_get_outputs
                0x00000000700029e0      0x178 ./drivers/CoreGPIO/core_gpio.o
                0x00000000700029e0                GPIO_get_outputs
 .text.PLIC_init
                0x0000000070002b58       0xd0 ./main.o
 .text.main     0x0000000070002c28      0x18c ./main.o
                0x0000000070002c28                main
 .text.erase_flash_chunks
                0x0000000070002db4      0x170 ./main.o
                0x0000000070002db4                erase_flash_chunks
 .text.read_device_id
                0x0000000070002f24       0x8c ./main.o
                0x0000000070002f24                read_device_id
 .text.xmodem_flash_write2
                0x0000000070002fb0      0x214 ./main.o
                0x0000000070002fb0                xmodem_flash_write2
 .text.application_write
                0x00000000700031c4      0x1a4 ./main.o
                0x00000000700031c4                application_write
 .text.xmodem_flash_read
                0x0000000070003368      0x19c ./main.o
                0x0000000070003368                xmodem_flash_read
 .text.led_invert
                0x0000000070003504       0x5c ./main.o
                0x0000000070003504                led_invert
 .text.Bootloader_JumpToApplication
                0x0000000070003560       0x78 ./main.o
 .text          0x00000000700035d8       0xdc c:/microsemi/softconsole_v5.3/riscv-unknown-elf-gcc/bin/../lib/gcc/riscv64-unknown-elf/7.2.0/../../../../riscv64-unknown-elf/lib/rv32i/ilp32\libg_nano.a(lib_a-memset.o)
                0x00000000700035d8                memset
 *(.plt)
                0x00000000700036c0                . = ALIGN (0x10)
 *fill*         0x00000000700036b4        0xc 
 *crtbegin.o(.ctors)
 *(EXCLUDE_FILE(*crtend.o) .ctors)
 *(SORT(.ctors.*))
 *crtend.o(.ctors)
 *crtbegin.o(.dtors)
 *(EXCLUDE_FILE(*crtend.o) .dtors)
 *(SORT(.dtors.*))
 *crtend.o(.dtors)
 *(.rodata .rodata.* .gnu.linkonce.r.*)
 .rodata        0x00000000700036c0        0x6 ./riscv_hal/init.o
 *fill*         0x00000000700036c6        0x2 
 .rodata.main   0x00000000700036c8       0x5c ./main.o
 *(.gcc_except_table)
 *(.eh_frame_hdr)
 *(.eh_frame)
 *(.init)
 *(.fini)
                [!provide]                        PROVIDE (__preinit_array_start, .)
 *(.preinit_array)
                [!provide]                        PROVIDE (__preinit_array_end, .)
                [!provide]                        PROVIDE (__init_array_start, .)
 *(SORT(.init_array.*))
 *(.init_array)
                [!provide]                        PROVIDE (__init_array_end, .)
                [!provide]                        PROVIDE (__fini_array_start, .)
 *(.fini_array)
 *(SORT(.fini_array.*))
                [!provide]                        PROVIDE (__fini_array_end, .)
                0x0000000070003730                . = ALIGN (0x10)
 *fill*         0x0000000070003724        0xc 

.rela.dyn       0x0000000070003730        0x0
 .rela.text.entry
                0x0000000070003730        0x0 ./riscv_hal/entry.o
 .rela.text._init
                0x0000000070003730        0x0 ./riscv_hal/entry.o
 .rela.text.SysTick_Config
                0x0000000070003730        0x0 ./riscv_hal/entry.o
 .rela.text.handle_m_timer_interrupt
                0x0000000070003730        0x0 ./riscv_hal/entry.o
 .rela.data.ext_irq_handler_table
                0x0000000070003730        0x0 ./riscv_hal/entry.o
 .rela.text.handle_m_soft_interrupt
                0x0000000070003730        0x0 ./riscv_hal/entry.o
 .rela.text.Software_IRQHandler
                0x0000000070003730        0x0 ./riscv_hal/entry.o
 .rela.text.write_hex
                0x0000000070003730        0x0 ./riscv_hal/entry.o
 .rela.sdata.curbrk.3484
                0x0000000070003730        0x0 ./riscv_hal/entry.o
 .rela.text._sbrk
                0x0000000070003730        0x0 ./riscv_hal/entry.o
 .rela.text._isatty
                0x0000000070003730        0x0 ./riscv_hal/entry.o
 .rela.text.stub
                0x0000000070003730        0x0 ./riscv_hal/entry.o
 .rela.text._fstat
                0x0000000070003730        0x0 ./riscv_hal/entry.o
 .rela.text.usart_serial_putchar
                0x0000000070003730        0x0 ./riscv_hal/entry.o
 .rela.text.usart_serial_getchar
                0x0000000070003730        0x0 ./riscv_hal/entry.o
 .rela.text.xmodem_receive_file
                0x0000000070003730        0x0 ./riscv_hal/entry.o
 .rela.text.FLASH_init
                0x0000000070003730        0x0 ./riscv_hal/entry.o
 .rela.text.FLASH_read_device_id
                0x0000000070003730        0x0 ./riscv_hal/entry.o
 .rela.text.FLASH_read
                0x0000000070003730        0x0 ./riscv_hal/entry.o
 .rela.text.FLASH_global_unprotect
                0x0000000070003730        0x0 ./riscv_hal/entry.o
 .rela.text.FLASH_chip_erase
                0x0000000070003730        0x0 ./riscv_hal/entry.o
 .rela.text.FLASH_erase_4k_block
                0x0000000070003730        0x0 ./riscv_hal/entry.o
 .rela.text.FLASH_erase_64k_block
                0x0000000070003730        0x0 ./riscv_hal/entry.o
 .rela.text.write_cmd_data
                0x0000000070003730        0x0 ./riscv_hal/entry.o
 .rela.text.FLASH_program
                0x0000000070003730        0x0 ./riscv_hal/entry.o
 .rela.text.FLASH_get_status
                0x0000000070003730        0x0 ./riscv_hal/entry.o
 .rela.text.wait_ready
                0x0000000070003730        0x0 ./riscv_hal/entry.o
 .rela.text.wait_ready_erase
                0x0000000070003730        0x0 ./riscv_hal/entry.o
 .rela.text.SPI_init
                0x0000000070003730        0x0 ./riscv_hal/entry.o
 .rela.text.main
                0x0000000070003730        0x0 ./riscv_hal/entry.o
 .rela.text.erase_flash_chunks
                0x0000000070003730        0x0 ./riscv_hal/entry.o
 .rela.text.read_device_id
                0x0000000070003730        0x0 ./riscv_hal/entry.o
 .rela.text.xmodem_flash_write
                0x0000000070003730        0x0 ./riscv_hal/entry.o
 .rela.text.xmodem_flash_write2
                0x0000000070003730        0x0 ./riscv_hal/entry.o
 .rela.text.xmodem_flash_read
                0x0000000070003730        0x0 ./riscv_hal/entry.o
 .rela.text.led_invert
                0x0000000070003730        0x0 ./riscv_hal/entry.o
 .rela.text.write
                0x0000000070003730        0x0 ./riscv_hal/entry.o
 .rela.text._write_r
                0x0000000070003730        0x0 ./riscv_hal/entry.o
 .rela.data.impure_data
                0x0000000070003730        0x0 ./riscv_hal/entry.o

.sdata          0x0000000070003730        0x0
                0x0000000070003730                __sdata_load = LOADADDR (.sdata)
                0x0000000070003730                __sdata_start = .
                0x0000000070003f30                PROVIDE (__global_pointer$, (. + 0x800))
 *(.srodata.cst16)
 *(.srodata.cst8)
 *(.srodata.cst4)
 *(.srodata.cst2)
 *(.srodata*)
 *(.sdata .sdata.* .gnu.linkonce.s.*)
                0x0000000070003730                . = ALIGN (0x10)
                0x0000000070003730                __sdata_end = .

.data           0x0000000070003730       0x80
                0x0000000070003730                __data_load = LOADADDR (.data)
                0x0000000070003730                __data_start = .
 *(.got.plt)
 *(.got)
 *(.shdata)
 *(.data .data.* .gnu.linkonce.d.*)
 .data.ext_irq_handler_table
                0x0000000070003730       0x80 ./riscv_hal/riscv_hal.o
                0x0000000070003730                ext_irq_handler_table
                0x00000000700037b0                . = ALIGN (0x10)
                0x00000000700037b0                __data_end = .

.sbss           0x00000000700037b0       0x10
                0x00000000700037b0                __sbss_start = .
 *(.sbss .sbss.* .gnu.linkonce.sb.*)
 .sbss.g_systick_increment
                0x00000000700037b0        0x8 ./riscv_hal/riscv_hal.o
 .sbss.g_delay_count
                0x00000000700037b8        0x4 ./main.o
 *(.scommon)
                0x00000000700037c0                . = ALIGN (0x10)
 *fill*         0x00000000700037bc        0x4 
                0x00000000700037c0                __sbss_end = .

.bss            0x00000000700037c0     0x1060
                0x00000000700037c0                __bss_start = .
 *(.shbss)
 *(.bss .bss.* .gnu.linkonce.b.*)
 .bss.g_flash_buf
                0x00000000700037c0     0x1000 ./main.o
 *(COMMON)
 COMMON         0x00000000700047c0       0x4c ./drivers/mt25ql01gbbb/mt25ql01gbbb.o
                0x00000000700047c0                g_flash_core_spi
 COMMON         0x000000007000480c       0x10 ./main.o
                0x000000007000480c                g_uart
                0x0000000070004814                g_gpio0
                0x0000000070004820                . = ALIGN (0x10)
 *fill*         0x000000007000481c        0x4 
                0x0000000070004820                __bss_end = .
                0x0000000070004820                _end = .

.heap           0x0000000070004820     0x1000
                0x0000000070004820                __heap_start = .
                0x0000000070005820                . = (. + HEAP_SIZE)
 *fill*         0x0000000070004820     0x1000 
                0x0000000070005820                __heap_end = .
                0x0000000070005820                . = ALIGN (0x10)
                0x0000000070005820                _heap_end = __heap_end

.stack          0x0000000070005820     0x1000
                0x0000000070005820                __stack_bottom = .
                0x0000000070006820                . = (. + STACK_SIZE)
 *fill*         0x0000000070005820     0x1000 
                0x0000000070006820                __stack_top = .
OUTPUT(bootloader_python.elf elf32-littleriscv)

.debug_line     0x0000000000000000     0x5307
 .debug_line    0x0000000000000000      0x237 ./riscv_hal/entry.o
 .debug_line    0x0000000000000237      0x404 ./riscv_hal/init.o
 .debug_line    0x000000000000063b      0x58f ./riscv_hal/riscv_hal.o
 .debug_line    0x0000000000000bca      0x6b5 ./riscv_hal/riscv_hal_stubs.o
 .debug_line    0x000000000000127f      0x6e4 ./riscv_hal/syscall.o
 .debug_line    0x0000000000001963      0x31e ./hal/hal_irq.o
 .debug_line    0x0000000000001c81      0x185 ./hal/hw_reg_access.o
 .debug_line    0x0000000000001e06      0x68c ./drivers/xmodem/xmodem.o
 .debug_line    0x0000000000002492      0x886 ./drivers/mt25ql01gbbb/mt25ql01gbbb.o
 .debug_line    0x0000000000002d18      0x53b ./drivers/CoreUARTapb/core_uart_apb.o
 .debug_line    0x0000000000003253      0xd2c ./drivers/CoreSPI/core_spi.o
 .debug_line    0x0000000000003f7f      0x7da ./drivers/CoreGPIO/core_gpio.o
 .debug_line    0x0000000000004759      0xbae ./main.o

.debug_info     0x0000000000000000     0x6c3d
 .debug_info    0x0000000000000000       0x26 ./riscv_hal/entry.o
 .debug_info    0x0000000000000026      0xa5f ./riscv_hal/init.o
 .debug_info    0x0000000000000a85      0xfe7 ./riscv_hal/riscv_hal.o
 .debug_info    0x0000000000001a6c      0x3a4 ./riscv_hal/riscv_hal_stubs.o
 .debug_info    0x0000000000001e10     0x1069 ./riscv_hal/syscall.o
 .debug_info    0x0000000000002e79       0xf0 ./hal/hal_irq.o
 .debug_info    0x0000000000002f69       0x26 ./hal/hw_reg_access.o
 .debug_info    0x0000000000002f8f      0x426 ./drivers/xmodem/xmodem.o
 .debug_info    0x00000000000033b5      0xe54 ./drivers/mt25ql01gbbb/mt25ql01gbbb.o
 .debug_info    0x0000000000004209      0x31f ./drivers/CoreUARTapb/core_uart_apb.o
 .debug_info    0x0000000000004528      0xfc4 ./drivers/CoreSPI/core_spi.o
 .debug_info    0x00000000000054ec      0x5f9 ./drivers/CoreGPIO/core_gpio.o
 .debug_info    0x0000000000005ae5     0x1158 ./main.o

.debug_abbrev   0x0000000000000000     0x1537
 .debug_abbrev  0x0000000000000000       0x14 ./riscv_hal/entry.o
 .debug_abbrev  0x0000000000000014      0x232 ./riscv_hal/init.o
 .debug_abbrev  0x0000000000000246      0x2ec ./riscv_hal/riscv_hal.o
 .debug_abbrev  0x0000000000000532       0x9e ./riscv_hal/riscv_hal_stubs.o
 .debug_abbrev  0x00000000000005d0      0x2b8 ./riscv_hal/syscall.o
 .debug_abbrev  0x0000000000000888       0xbe ./hal/hal_irq.o
 .debug_abbrev  0x0000000000000946       0x14 ./hal/hw_reg_access.o
 .debug_abbrev  0x000000000000095a      0x14b ./drivers/xmodem/xmodem.o
 .debug_abbrev  0x0000000000000aa5      0x2b6 ./drivers/mt25ql01gbbb/mt25ql01gbbb.o
 .debug_abbrev  0x0000000000000d5b      0x10c ./drivers/CoreUARTapb/core_uart_apb.o
 .debug_abbrev  0x0000000000000e67      0x269 ./drivers/CoreSPI/core_spi.o
 .debug_abbrev  0x00000000000010d0      0x160 ./drivers/CoreGPIO/core_gpio.o
 .debug_abbrev  0x0000000000001230      0x307 ./main.o

.debug_aranges  0x0000000000000000      0x5a0
 .debug_aranges
                0x0000000000000000       0x20 ./riscv_hal/entry.o
 .debug_aranges
                0x0000000000000020       0x38 ./riscv_hal/init.o
 .debug_aranges
                0x0000000000000058       0x68 ./riscv_hal/riscv_hal.o
 .debug_aranges
                0x00000000000000c0      0x128 ./riscv_hal/riscv_hal_stubs.o
 .debug_aranges
                0x00000000000001e8       0xc0 ./riscv_hal/syscall.o
 .debug_aranges
                0x00000000000002a8       0x30 ./hal/hal_irq.o
 .debug_aranges
                0x00000000000002d8       0x20 ./hal/hw_reg_access.o
 .debug_aranges
                0x00000000000002f8       0x50 ./drivers/xmodem/xmodem.o
 .debug_aranges
                0x0000000000000348       0x78 ./drivers/mt25ql01gbbb/mt25ql01gbbb.o
 .debug_aranges
                0x00000000000003c0       0x48 ./drivers/CoreUARTapb/core_uart_apb.o
 .debug_aranges
                0x0000000000000408       0xa8 ./drivers/CoreSPI/core_spi.o
 .debug_aranges
                0x00000000000004b0       0x78 ./drivers/CoreGPIO/core_gpio.o
 .debug_aranges
                0x0000000000000528       0x78 ./main.o

.debug_str      0x0000000000000000     0xdfd5
 .debug_str     0x0000000000000000       0x8f ./riscv_hal/entry.o
 .debug_str     0x000000000000008f     0x8a85 ./riscv_hal/init.o
                                       0x8d6c (size before relaxing)
 .debug_str     0x0000000000008b14      0x53b ./riscv_hal/riscv_hal.o
                                       0x921a (size before relaxing)
 .debug_str     0x000000000000904f      0x316 ./riscv_hal/riscv_hal_stubs.o
                                       0x65d8 (size before relaxing)
 .debug_str     0x0000000000009365     0x12f4 ./riscv_hal/syscall.o
                                       0xa01d (size before relaxing)
 .debug_str     0x000000000000a659      0x788 ./hal/hal_irq.o
                                       0x4aaf (size before relaxing)
 .debug_str     0x000000000000ade1       0x17 ./hal/hw_reg_access.o
                                         0x91 (size before relaxing)
 .debug_str     0x000000000000adf8      0x2f6 ./drivers/xmodem/xmodem.o
                                       0x36a2 (size before relaxing)
 .debug_str     0x000000000000b0ee      0x7fa ./drivers/mt25ql01gbbb/mt25ql01gbbb.o
                                       0x6ac6 (size before relaxing)
 .debug_str     0x000000000000b8e8      0x6f2 ./drivers/CoreUARTapb/core_uart_apb.o
                                       0x4306 (size before relaxing)
 .debug_str     0x000000000000bfda     0x13a6 ./drivers/CoreSPI/core_spi.o
                                       0x7f13 (size before relaxing)
 .debug_str     0x000000000000d380      0x9d7 ./drivers/CoreGPIO/core_gpio.o
                                       0x4519 (size before relaxing)
 .debug_str     0x000000000000dd57      0x27e ./main.o
                                       0x991d (size before relaxing)

.debug_ranges   0x0000000000000000      0x4b0
 .debug_ranges  0x0000000000000000       0x28 ./riscv_hal/init.o
 .debug_ranges  0x0000000000000028       0x58 ./riscv_hal/riscv_hal.o
 .debug_ranges  0x0000000000000080      0x118 ./riscv_hal/riscv_hal_stubs.o
 .debug_ranges  0x0000000000000198       0xb0 ./riscv_hal/syscall.o
 .debug_ranges  0x0000000000000248       0x20 ./hal/hal_irq.o
 .debug_ranges  0x0000000000000268       0x40 ./drivers/xmodem/xmodem.o
 .debug_ranges  0x00000000000002a8       0x68 ./drivers/mt25ql01gbbb/mt25ql01gbbb.o
 .debug_ranges  0x0000000000000310       0x38 ./drivers/CoreUARTapb/core_uart_apb.o
 .debug_ranges  0x0000000000000348       0x98 ./drivers/CoreSPI/core_spi.o
 .debug_ranges  0x00000000000003e0       0x68 ./drivers/CoreGPIO/core_gpio.o
 .debug_ranges  0x0000000000000448       0x68 ./main.o

.debug_macro    0x0000000000000000     0x45bd
 .debug_macro   0x0000000000000000      0x1d7 ./riscv_hal/init.o
 .debug_macro   0x00000000000001d7      0x730 ./riscv_hal/init.o
 .debug_macro   0x0000000000000907       0x22 ./riscv_hal/init.o
 .debug_macro   0x0000000000000929       0x4c ./riscv_hal/init.o
 .debug_macro   0x0000000000000975       0x8d ./riscv_hal/init.o
 .debug_macro   0x0000000000000a02       0x34 ./riscv_hal/init.o
 .debug_macro   0x0000000000000a36       0x9c ./riscv_hal/init.o
 .debug_macro   0x0000000000000ad2       0x16 ./riscv_hal/init.o
 .debug_macro   0x0000000000000ae8      0x10e ./riscv_hal/init.o
 .debug_macro   0x0000000000000bf6       0x8d ./riscv_hal/init.o
 .debug_macro   0x0000000000000c83       0x57 ./riscv_hal/init.o
 .debug_macro   0x0000000000000cda       0x52 ./riscv_hal/init.o
 .debug_macro   0x0000000000000d2c       0x1f ./riscv_hal/init.o
 .debug_macro   0x0000000000000d4b       0x43 ./riscv_hal/init.o
 .debug_macro   0x0000000000000d8e       0x20 ./riscv_hal/init.o
 .debug_macro   0x0000000000000dae      0x187 ./riscv_hal/init.o
 .debug_macro   0x0000000000000f35      0x30d ./riscv_hal/init.o
 .debug_macro   0x0000000000001242       0x16 ./riscv_hal/init.o
 .debug_macro   0x0000000000001258       0x29 ./riscv_hal/init.o
 .debug_macro   0x0000000000001281       0xef ./riscv_hal/init.o
 .debug_macro   0x0000000000001370       0x6a ./riscv_hal/init.o
 .debug_macro   0x00000000000013da      0x1df ./riscv_hal/init.o
 .debug_macro   0x00000000000015b9       0x16 ./riscv_hal/init.o
 .debug_macro   0x00000000000015cf       0x10 ./riscv_hal/init.o
 .debug_macro   0x00000000000015df       0x35 ./riscv_hal/init.o
 .debug_macro   0x0000000000001614       0x1c ./riscv_hal/init.o
 .debug_macro   0x0000000000001630       0x52 ./riscv_hal/init.o
 .debug_macro   0x0000000000001682       0x40 ./riscv_hal/init.o
 .debug_macro   0x00000000000016c2       0x10 ./riscv_hal/init.o
 .debug_macro   0x00000000000016d2       0x40 ./riscv_hal/init.o
 .debug_macro   0x0000000000001712       0xd7 ./riscv_hal/init.o
 .debug_macro   0x00000000000017e9       0x1c ./riscv_hal/init.o
 .debug_macro   0x0000000000001805       0x3d ./riscv_hal/init.o
 .debug_macro   0x0000000000001842      0x51a ./riscv_hal/init.o
 .debug_macro   0x0000000000001d5c      0x2dc ./riscv_hal/init.o
 .debug_macro   0x0000000000002038      0x207 ./riscv_hal/riscv_hal.o
 .debug_macro   0x000000000000223f       0x28 ./riscv_hal/riscv_hal.o
 .debug_macro   0x0000000000002267       0x10 ./riscv_hal/riscv_hal.o
 .debug_macro   0x0000000000002277      0x167 ./riscv_hal/riscv_hal_stubs.o
 .debug_macro   0x00000000000023de       0x10 ./riscv_hal/riscv_hal_stubs.o
 .debug_macro   0x00000000000023ee       0xcf ./riscv_hal/riscv_hal_stubs.o
 .debug_macro   0x00000000000024bd       0xbe ./riscv_hal/riscv_hal_stubs.o
 .debug_macro   0x000000000000257b      0x292 ./riscv_hal/syscall.o
 .debug_macro   0x000000000000280d       0x87 ./riscv_hal/syscall.o
 .debug_macro   0x0000000000002894       0x51 ./riscv_hal/syscall.o
 .debug_macro   0x00000000000028e5       0x52 ./riscv_hal/syscall.o
 .debug_macro   0x0000000000002937       0x10 ./riscv_hal/syscall.o
 .debug_macro   0x0000000000002947      0x241 ./riscv_hal/syscall.o
 .debug_macro   0x0000000000002b88       0x16 ./riscv_hal/syscall.o
 .debug_macro   0x0000000000002b9e       0x10 ./riscv_hal/syscall.o
 .debug_macro   0x0000000000002bae       0x10 ./riscv_hal/syscall.o
 .debug_macro   0x0000000000002bbe       0x35 ./riscv_hal/syscall.o
 .debug_macro   0x0000000000002bf3      0x122 ./riscv_hal/syscall.o
 .debug_macro   0x0000000000002d15       0x1c ./riscv_hal/syscall.o
 .debug_macro   0x0000000000002d31       0x10 ./riscv_hal/syscall.o
 .debug_macro   0x0000000000002d41       0x10 ./riscv_hal/syscall.o
 .debug_macro   0x0000000000002d51       0x16 ./riscv_hal/syscall.o
 .debug_macro   0x0000000000002d67      0x176 ./riscv_hal/syscall.o
 .debug_macro   0x0000000000002edd       0x16 ./riscv_hal/syscall.o
 .debug_macro   0x0000000000002ef3       0xad ./hal/hal_irq.o
 .debug_macro   0x0000000000002fa0       0x64 ./hal/hal_irq.o
 .debug_macro   0x0000000000003004       0xac ./drivers/xmodem/xmodem.o
 .debug_macro   0x00000000000030b0       0x40 ./drivers/xmodem/xmodem.o
 .debug_macro   0x00000000000030f0      0x1e1 ./drivers/mt25ql01gbbb/mt25ql01gbbb.o
 .debug_macro   0x00000000000032d1       0x12 ./drivers/mt25ql01gbbb/mt25ql01gbbb.o
 .debug_macro   0x00000000000032e3       0x58 ./drivers/mt25ql01gbbb/mt25ql01gbbb.o
 .debug_macro   0x000000000000333b       0xe1 ./drivers/CoreUARTapb/core_uart_apb.o
 .debug_macro   0x000000000000341c      0x106 ./drivers/CoreUARTapb/core_uart_apb.o
 .debug_macro   0x0000000000003522       0x16 ./drivers/CoreUARTapb/core_uart_apb.o
 .debug_macro   0x0000000000003538      0x1a8 ./drivers/CoreSPI/core_spi.o
 .debug_macro   0x00000000000036e0      0x3ec ./drivers/CoreSPI/core_spi.o
 .debug_macro   0x0000000000003acc      0x174 ./drivers/CoreSPI/core_spi.o
 .debug_macro   0x0000000000003c40       0x10 ./drivers/CoreSPI/core_spi.o
 .debug_macro   0x0000000000003c50       0xcf ./drivers/CoreGPIO/core_gpio.o
 .debug_macro   0x0000000000003d1f      0x11c ./drivers/CoreGPIO/core_gpio.o
 .debug_macro   0x0000000000003e3b       0x64 ./drivers/CoreGPIO/core_gpio.o
 .debug_macro   0x0000000000003e9f      0x2ae ./main.o
 .debug_macro   0x000000000000414d       0x16 ./main.o
 .debug_macro   0x0000000000004163       0x97 ./main.o
 .debug_macro   0x00000000000041fa       0xfd ./main.o
 .debug_macro   0x00000000000042f7      0x18b ./main.o
 .debug_macro   0x0000000000004482      0x122 ./main.o
 .debug_macro   0x00000000000045a4       0x19 ./main.o

.comment        0x0000000000000000       0x58
 .comment       0x0000000000000000       0x58 ./riscv_hal/init.o
                                         0x59 (size before relaxing)
 .comment       0x0000000000000058       0x59 ./riscv_hal/riscv_hal.o
 .comment       0x0000000000000058       0x59 ./riscv_hal/riscv_hal_stubs.o
 .comment       0x0000000000000058       0x59 ./riscv_hal/syscall.o
 .comment       0x0000000000000058       0x59 ./hal/hal_irq.o
 .comment       0x0000000000000058       0x59 ./drivers/xmodem/xmodem.o
 .comment       0x0000000000000058       0x59 ./drivers/mt25ql01gbbb/mt25ql01gbbb.o
 .comment       0x0000000000000058       0x59 ./drivers/CoreUARTapb/core_uart_apb.o
 .comment       0x0000000000000058       0x59 ./drivers/CoreSPI/core_spi.o
 .comment       0x0000000000000058       0x59 ./drivers/CoreGPIO/core_gpio.o
 .comment       0x0000000000000058       0x59 ./main.o

.debug_frame    0x0000000000000000     0x13e0
 .debug_frame   0x0000000000000000       0x94 ./riscv_hal/init.o
 .debug_frame   0x0000000000000094      0x16c ./riscv_hal/riscv_hal.o
 .debug_frame   0x0000000000000200      0x44c ./riscv_hal/riscv_hal_stubs.o
 .debug_frame   0x000000000000064c      0x2ec ./riscv_hal/syscall.o
 .debug_frame   0x0000000000000938       0x78 ./hal/hal_irq.o
 .debug_frame   0x00000000000009b0      0x118 ./drivers/xmodem/xmodem.o
 .debug_frame   0x0000000000000ac8      0x1c8 ./drivers/mt25ql01gbbb/mt25ql01gbbb.o
 .debug_frame   0x0000000000000c90       0xf0 ./drivers/CoreUARTapb/core_uart_apb.o
 .debug_frame   0x0000000000000d80      0x2b8 ./drivers/CoreSPI/core_spi.o
 .debug_frame   0x0000000000001038      0x1e4 ./drivers/CoreGPIO/core_gpio.o
 .debug_frame   0x000000000000121c      0x1c4 ./main.o
