********************************************************************
I/O Bank Report - Date: Thu Sep 06 14:48:43 2018
Product: Designer
Release: PolarFire v2.2
Version: 12.200.30.10
Design Name: TOP
Family: PolarFire
Die: MPF300TS_ES
Package: FCG1152
********************************************************************


I/O Function:

    Type                                  | w/o register  | w/ register  | w/ DDR register
    --------------------------------------|---------------|--------------|----------------
    Input I/O                             | 3             | 0            | 0
    Output I/O                            | 39            | 0            | 0
    Bidirectional I/O                     | 16            | 0            | 0
    Differential Input I/O Pairs          | 0             | 0            | 0
    Differential Output I/O Pairs         | 1             | 0            | 0
    Differential Bidirectional I/O Pairs  | 2             | 0            | 0

I/O Technology:

                                    |   Voltages    |             I/Os              
    --------------------------------|-------|-------|-------|--------|--------------
    I/O Standard(s)                 | Vddi  | Vref  | Input | Output | Bidirectional
    --------------------------------|-------|-------|-------|--------|--------------
    LVCMOS18                        | 1.80v | N/A   | 3     | 9      | 0            
    SHIELD15                        | 1.50v | N/A   | 0     | 2      | 0            
    SSTL15II (Input/Bidirectional)  | 1.50v | 0.75v | 0     | 0      | 20           
    SSTL15II (Output)               | 1.50v | N/A   | 0     | 30     | 0            

I/O Bank Resource Usage:

          |   Voltages    | Single I/Os  | Diff I/O Pairs |        Vref I/Os        |  Type   
          |-------|-------|------|-------|-------|--------|------|-------|----------|---------
          | Vddi  | Vref  | Used | Total | Used  | Total  | Used | Total | Vref Pins|         
    ------|-------|-------|------|-------|-------|--------|------|-------|----------|---------
    Bank0 | N/A   | N/A   | 0    | 72    | 0     | 36     | N/A  | N/A   | N/A      | HSIO    
    Bank1 | 1.80v | N/A   | 5    | 60    | 0     | 30     | N/A  | N/A   | N/A      | HSIO    
    Bank2 | N/A   | N/A   | 0    | 96    | 0     | 48     | N/A  | N/A   | N/A      | GPIO    
    Bank3 | 3.30v | N/A   | 0    | 0     | 0     | 0      | N/A  | N/A   | N/A      | JTAG    
    Bank4 | 1.80v | N/A   | 7    | 92    | 0     | 46     | N/A  | N/A   | N/A      | GPIO    
    Bank5 | N/A   | N/A   | 0    | 48    | 0     | 24     | N/A  | N/A   | N/A      | GPIO    
    Bank6 | 1.50v | 0.75v | 2    | 72    | 3     | 36     | 44   | 72    | 0        | HSIO    
    Bank7 | N/A   | N/A   | 0    | 72    | 0     | 36     | N/A  | N/A   | N/A      | HSIO    


I/O Voltage Usage:

       Voltages    |     I/Os     
    -------|-------|------|-------
     Vddi  | Vref  | Used | Total 
    -------|-------|------|-------
     1.50v | N/A   | 52   | 72    
     1.80v | N/A   | 12   | 152   
     3.30v | N/A   | 0    | 0     
     1.50v | 0.75v | 16   | 72    

