*****************************************************************
Pin Report - Date: Thu Sep 06 14:48:43 2018 Pinchecksum: NOT-AVAILABLE
Product: Designer
Release: PolarFire v2.2
Version: 12.200.30.10
Design Name: TOP
Family: PolarFire
Die: MPF300TS_ES
Package: FCG1152
*****************************************************************

Port        |Pin  |Fixed |Function                       |Bank     |I/O Std   |Direction          |User I/O Lock Down             |I/O state in Flash*Freeze mode |Clamp Diode   |Resistor Pull   |Schmitt Trigger |Vcm Input Range    |On Die Termination |Odt Value (Ohm) |Input Delay |Slew              |Output Drive (mA) |Impedance (ohm)  |Output Load (pF)         |Source Termination (Ohm) |Output Delay |
------------|-----|------|-------------------------------|---------|----------|-------------------|-------------------------------|-------------------------------|--------------|----------------|----------------|-------------------|-------------------|----------------|------------|------------------|------------------|-----------------|-------------------------|-------------------------|-------------|
A[0]         B26   Yes    HSIO71NB6                       Bank6     SSTL15II   Output              No                              LAST_VALUE                      ON             ---              ---              ---                 ---                 30               ---          OFF                ---                34                5                         ---                       ---           
A[1]         C27   Yes    HSIO71PB6/CCC_SE_CLKIN_S_15     Bank6     SSTL15II   Output              No                              LAST_VALUE                      ON             ---              ---              ---                 ---                 30               ---          OFF                ---                34                5                         ---                       ---           
A[2]         C26   Yes    HSIO70NB6                       Bank6     SSTL15II   Output              No                              LAST_VALUE                      ON             ---              ---              ---                 ---                 30               ---          OFF                ---                34                5                         ---                       ---           
A[3]         D25   Yes    HSIO70PB6/CCC_SE_PLL1_OUT1      Bank6     SSTL15II   Output              No                              LAST_VALUE                      ON             ---              ---              ---                 ---                 30               ---          OFF                ---                34                5                         ---                       ---           
A[4]         C24   Yes    HSIO67NB6                       Bank6     SSTL15II   Output              No                              LAST_VALUE                      ON             ---              ---              ---                 ---                 30               ---          OFF                ---                34                5                         ---                       ---           
A[5]         D24   Yes    HSIO67PB6                       Bank6     SSTL15II   Output              No                              LAST_VALUE                      ON             ---              ---              ---                 ---                 30               ---          OFF                ---                34                5                         ---                       ---           
A[6]         A24   Yes    HSIO66NB6                       Bank6     SSTL15II   Output              No                              LAST_VALUE                      ON             ---              ---              ---                 ---                 30               ---          OFF                ---                34                5                         ---                       ---           
A[7]         B24   Yes    HSIO66PB6                       Bank6     SSTL15II   Output              No                              LAST_VALUE                      ON             ---              ---              ---                 ---                 30               ---          OFF                ---                34                5                         ---                       ---           
A[8]         F22   Yes    HSIO64NB6                       Bank6     SSTL15II   Output              No                              LAST_VALUE                      ON             ---              ---              ---                 ---                 30               ---          OFF                ---                34                5                         ---                       ---           
A[9]         G22   Yes    HSIO64PB6/CCC_SE_PLL0_OUT1      Bank6     SSTL15II   Output              No                              LAST_VALUE                      ON             ---              ---              ---                 ---                 30               ---          OFF                ---                34                5                         ---                       ---           
A[10]        F24   Yes    HSIO62NB6/DQS                   Bank6     SSTL15II   Output              No                              LAST_VALUE                      ON             ---              ---              ---                 ---                 30               ---          OFF                ---                34                5                         ---                       ---           
A[11]        F23   Yes    HSIO62PB6/DQS/CCC_SE_PLL0_OUT0  Bank6     SSTL15II   Output              No                              LAST_VALUE                      ON             ---              ---              ---                 ---                 30               ---          OFF                ---                34                5                         ---                       ---           
A[12]        H24   Yes    HSIO61NB6                       Bank6     SSTL15II   Output              No                              LAST_VALUE                      ON             ---              ---              ---                 ---                 30               ---          OFF                ---                34                5                         ---                       ---           
A[13]        G24   Yes    HSIO61PB6                       Bank6     SSTL15II   Output              No                              LAST_VALUE                      ON             ---              ---              ---                 ---                 30               ---          OFF                ---                34                5                         ---                       ---           
A[14]        H22   Yes    HSIO60NB6                       Bank6     SSTL15II   Output              No                              LAST_VALUE                      ON             ---              ---              ---                 ---                 30               ---          OFF                ---                34                5                         ---                       ---           
A[15]        H23   Yes    HSIO60PB6                       Bank6     SSTL15II   Output              No                              LAST_VALUE                      ON             ---              ---              ---                 ---                 30               ---          OFF                ---                34                5                         ---                       ---           
BA[0]        J25   Yes    HSIO59PB6                       Bank6     SSTL15II   Output              No                              LAST_VALUE                      ON             ---              ---              ---                 ---                 30               ---          OFF                ---                34                5                         ---                       ---           
BA[1]        L24   Yes    HSIO58NB6                       Bank6     SSTL15II   Output              No                              LAST_VALUE                      ON             ---              ---              ---                 ---                 30               ---          OFF                ---                34                5                         ---                       ---           
BA[2]        K25   Yes    HSIO59NB6                       Bank6     SSTL15II   Output              No                              LAST_VALUE                      ON             ---              ---              ---                 ---                 30               ---          OFF                ---                34                5                         ---                       ---           
CAS_N        J24   Yes    HSIO57NB6                       Bank6     SSTL15II   Output              No                              LAST_VALUE                      ON             ---              ---              ---                 ---                 30               ---          OFF                ---                34                5                         ---                       ---           
CK0          A25   Yes    HSIO68PB6/DQS/CCC_SE_PLL1_OUT0  Bank6     SSTL15II   Output              No                              LAST_VALUE                      ON             ---              ---              ---                 ---                 30               ---          OFF                ---                34                5                         ---                       ---           
CK0_N        B25   Yes    HSIO68NB6/DQS                   Bank6     SSTL15II   Output              No                              LAST_VALUE                      ON             ---              ---              ---                 ---                 30               ---          OFF                ---                34                5                         ---                       ---           
CKE          M22   Yes    HSIO56PB6/DQS                   Bank6     SSTL15II   Output              No                              LAST_VALUE                      ON             ---              ---              ---                 ---                 30               ---          OFF                ---                34                5                         ---                       ---           
CS_N         M23   Yes    HSIO56NB6/DQS                   Bank6     SSTL15II   Output              No                              LAST_VALUE                      ON             ---              ---              ---                 ---                 30               ---          OFF                ---                34                5                         ---                       ---           
DM[0]        D21   Yes    HSIO48NB6                       Bank6     SSTL15II   Output              No                              LAST_VALUE                      ON             ---              ---              ---                 ---                 30               ---          OFF                ---                34                5                         ---                       OFF           
DM[1]        D20   Yes    HSIO42NB6                       Bank6     SSTL15II   Output              No                              LAST_VALUE                      ON             ---              ---              ---                 ---                 30               ---          OFF                ---                34                5                         ---                       OFF           
DQ[0]        A23   Yes    HSIO53NB6                       Bank6     SSTL15II   Inout               No                              LAST_VALUE                      ON             None             OFF              MID                 ON                  30               ---          OFF                ---                34                5                         ---                       ---           
DQ[1]        A22   Yes    HSIO53PB6                       Bank6     SSTL15II   Inout               No                              LAST_VALUE                      ON             None             OFF              MID                 ON                  30               ---          OFF                ---                34                5                         ---                       ---           
DQ[2]        C23   Yes    HSIO52NB6                       Bank6     SSTL15II   Inout               No                              LAST_VALUE                      ON             None             OFF              MID                 ON                  30               ---          OFF                ---                34                5                         ---                       ---           
DQ[3]        D23   Yes    HSIO52PB6                       Bank6     SSTL15II   Inout               No                              LAST_VALUE                      ON             None             OFF              MID                 ON                  30               ---          OFF                ---                34                5                         ---                       ---           
DQ[4]        E23   Yes    HSIO51NB6                       Bank6     SSTL15II   Inout               No                              LAST_VALUE                      ON             None             OFF              MID                 ON                  30               ---          OFF                ---                34                5                         ---                       ---           
DQ[5]        E22   Yes    HSIO51PB6                       Bank6     SSTL15II   Inout               No                              LAST_VALUE                      ON             None             OFF              MID                 ON                  30               ---          OFF                ---                34                5                         ---                       ---           
DQ[6]        B21   Yes    HSIO49NB6                       Bank6     SSTL15II   Inout               No                              LAST_VALUE                      ON             None             OFF              MID                 ON                  30               ---          OFF                ---                34                5                         ---                       ---           
DQ[7]        C21   Yes    HSIO49PB6                       Bank6     SSTL15II   Inout               No                              LAST_VALUE                      ON             None             OFF              MID                 ON                  30               ---          OFF                ---                34                5                         ---                       ---           
DQ[8]        A20   Yes    HSIO47NB6                       Bank6     SSTL15II   Inout               No                              LAST_VALUE                      ON             None             OFF              MID                 ON                  30               ---          OFF                ---                34                5                         ---                       ---           
DQ[9]        B20   Yes    HSIO47PB6                       Bank6     SSTL15II   Inout               No                              LAST_VALUE                      ON             None             OFF              MID                 ON                  30               ---          OFF                ---                34                5                         ---                       ---           
DQ[10]       A19   Yes    HSIO46NB6                       Bank6     SSTL15II   Inout               No                              LAST_VALUE                      ON             None             OFF              MID                 ON                  30               ---          OFF                ---                34                5                         ---                       ---           
DQ[11]       B19   Yes    HSIO46PB6                       Bank6     SSTL15II   Inout               No                              LAST_VALUE                      ON             None             OFF              MID                 ON                  30               ---          OFF                ---                34                5                         ---                       ---           
DQ[12]       C19   Yes    HSIO45NB6                       Bank6     SSTL15II   Inout               No                              LAST_VALUE                      ON             None             OFF              MID                 ON                  30               ---          OFF                ---                34                5                         ---                       ---           
DQ[13]       C18   Yes    HSIO45PB6                       Bank6     SSTL15II   Inout               No                              LAST_VALUE                      ON             None             OFF              MID                 ON                  30               ---          OFF                ---                34                5                         ---                       ---           
DQ[14]       B17   Yes    HSIO43NB6                       Bank6     SSTL15II   Inout               No                              LAST_VALUE                      ON             None             OFF              MID                 ON                  30               ---          OFF                ---                34                5                         ---                       ---           
DQ[15]       C17   Yes    HSIO43PB6                       Bank6     SSTL15II   Inout               No                              LAST_VALUE                      ON             None             OFF              MID                 ON                  30               ---          OFF                ---                34                5                         ---                       ---           
DQS[0]       C22   Yes    HSIO50PB6/DQS                   Bank6     SSTL15II   Inout               No                              LAST_VALUE                      ON             None             OFF              MID                 ON                  30               ---          OFF                ---                34                5                         ---                       ---           
DQS[1]       A17   Yes    HSIO44PB6/DQS                   Bank6     SSTL15II   Inout               No                              LAST_VALUE                      ON             None             OFF              MID                 ON                  30               ---          OFF                ---                34                5                         ---                       ---           
DQS_N[0]     B22   Yes    HSIO50NB6/DQS                   Bank6     SSTL15II   Inout               No                              LAST_VALUE                      ON             None             OFF              MID                 ON                  30               ---          OFF                ---                34                5                         ---                       ---           
DQS_N[1]     A18   Yes    HSIO44NB6/DQS                   Bank6     SSTL15II   Inout               No                              LAST_VALUE                      ON             None             OFF              MID                 ON                  30               ---          OFF                ---                34                5                         ---                       ---           
GPIO_OUT[0]  U11   Yes    GPIO206NB4                      Bank4     LVCMOS18   Output              No                              LAST_VALUE                      ON             ---              ---              ---                 ---                 120              ---          OFF                8                  ---               5                         ---                       OFF           
GPIO_OUT[1]  T5    Yes    GPIO217PB4/DQS                  Bank4     LVCMOS18   Output              No                              LAST_VALUE                      ON             ---              ---              ---                 ---                 120              ---          OFF                8                  ---               5                         ---                       OFF           
GPIO_OUT[2]  W8    Yes    GPIO199PB4/DQS                  Bank4     LVCMOS18   Output              No                              LAST_VALUE                      ON             ---              ---              ---                 ---                 120              ---          OFF                8                  ---               5                         ---                       OFF           
GPIO_OUT[3]  W9    Yes    GPIO201NB4                      Bank4     LVCMOS18   Output              No                              LAST_VALUE                      ON             ---              ---              ---                 ---                 120              ---          OFF                8                  ---               5                         ---                       OFF           
INT_RESET_N  AE23  Yes    HSIO85PB1                       Bank1     LVCMOS18   Output              No                              LAST_VALUE                      ON             ---              ---              ---                 ---                 120              ---          OFF                8                  ---               5                         ---                       OFF           
ODT          L22   Yes    HSIO55NB6                       Bank6     SSTL15II   Output              No                              LAST_VALUE                      ON             ---              ---              ---                 ---                 30               ---          OFF                ---                34                5                         ---                       ---           
RAS_N        L25   Yes    HSIO58PB6                       Bank6     SSTL15II   Output              No                              LAST_VALUE                      ON             ---              ---              ---                 ---                 30               ---          OFF                ---                34                5                         ---                       ---           
RESET_N      T3    Yes    GPIO209PB4                      Bank4     LVCMOS18   Input               No                              LAST_VALUE                      ON             Up               OFF              ---                 OFF                 120              OFF          ---                ---                ---               ---                       ---                       ---           
RESET_N_0    K22   Yes    HSIO55PB6                       Bank6     SSTL15II   Output              No                              LAST_VALUE                      ON             ---              ---              ---                 ---                 30               ---          OFF                ---                34                5                         ---                       ---           
SHIELD0      E21   Yes    HSIO48PB6                       Bank6     SHIELD15   Output              ---                             ---                             ---            ---              ---              ---                 ---                 ---              ---          ---                ---                ---               ---                       ---                       ---           
SHIELD1      D19   Yes    HSIO42PB6                       Bank6     SHIELD15   Output              ---                             ---                             ---            ---              ---              ---                 ---                 ---              ---          ---                ---                ---               ---                       ---                       ---           
SPISCLKO     AF22  Yes    HSIO87PB1/DQS                   Bank1     LVCMOS18   Output              No                              LAST_VALUE                      ON             ---              ---              ---                 ---                 120              ---          OFF                8                  ---               5                         ---                       OFF           
SPISDI       AF25  Yes    HSIO86NB1                       Bank1     LVCMOS18   Input               No                              LAST_VALUE                      ON             Up               OFF              ---                 OFF                 120              OFF          ---                ---                ---               ---                       ---                       ---           
SPISDO       AE22  Yes    HSIO87NB1/DQS                   Bank1     LVCMOS18   Output              No                              LAST_VALUE                      ON             ---              ---              ---                 ---                 120              ---          OFF                8                  ---               5                         ---                       OFF           
SPISS        AD24  Yes    HSIO89PB1                       Bank1     LVCMOS18   Output              No                              LAST_VALUE                      ON             ---              ---              ---                 ---                 120              ---          OFF                8                  ---               5                         ---                       OFF           
TCK          J10   Fixed  TCK                             ---       
TDI          K11   Fixed  TDI                             ---       
TDO          K9    Fixed  TDO                             ---       
TMS          J9    Fixed  TMS                             ---       
TRSTB        N14   Fixed  TRSTB                           ---       
UART_RX      U7    Yes    GPIO218NB4                      Bank4     LVCMOS18   Input               No                              LAST_VALUE                      ON             Up               OFF              ---                 OFF                 120              OFF          ---                ---                ---               ---                       ---                       ---           
UART_TX      V9    Yes    GPIO201PB4                      Bank4     LVCMOS18   Output              No                              LAST_VALUE                      ON             ---              ---              ---                 ---                 120              ---          OFF                8                  ---               5                         ---                       OFF           
WE_N         J23   Yes    HSIO57PB6                       Bank6     SSTL15II   Output              No                              LAST_VALUE                      ON             ---              ---              ---                 ---                 30               ---          OFF                ---                34                5                         ---                       ---           
