12:00:50 **** Build of configuration Debug for project bootloader_extraputty ****
make all 
Building file: ../riscv_hal/entry.S
Invoking: GNU RISC-V Cross Assembler
riscv64-unknown-elf-gcc -march=rv32i -mabi=ilp32 -msmall-data-limit=8 -O0 -fmessage-length=0 -fsigned-char -ffunction-sections -fdata-sections  -g3 -x assembler-with-cpp -MMD -MP -MF"riscv_hal/entry.d" -MT"riscv_hal/entry.o" -c -o "riscv_hal/entry.o" "../riscv_hal/entry.S"
Finished building: ../riscv_hal/entry.S
 
Building file: ../riscv_hal/init.c
Invoking: GNU RISC-V Cross C Compiler
riscv64-unknown-elf-gcc -march=rv32i -mabi=ilp32 -msmall-data-limit=8 -O0 -fmessage-length=0 -fsigned-char -ffunction-sections -fdata-sections  -g3 -I"C:\Microsemiprj_PF23\apps\riscv_bootloader\UART_2_SCSPI_Bridge_eval2_sram\SoftConsole53\bootloader_extraputty" -I"C:\Microsemiprj_PF23\apps\riscv_bootloader\UART_2_SCSPI_Bridge_eval2_sram\SoftConsole53\bootloader_extraputty\hal" -I"C:\Microsemiprj_PF23\apps\riscv_bootloader\UART_2_SCSPI_Bridge_eval2_sram\SoftConsole53\bootloader_extraputty\riscv_hal" -I"C:\Microsemiprj_PF23\apps\riscv_bootloader\UART_2_SCSPI_Bridge_eval2_sram\SoftConsole53\bootloader_extraputty\drivers\ymodem" -I"C:\Microsemiprj_PF23\apps\riscv_bootloader\UART_2_SCSPI_Bridge_eval2_sram\SoftConsole53\bootloader_extraputty\drivers\CoreGPIO" -I"C:\Microsemiprj_PF23\apps\riscv_bootloader\UART_2_SCSPI_Bridge_eval2_sram\SoftConsole53\bootloader_extraputty\drivers\CoreUARTapb" -I"C:\Microsemiprj_PF23\apps\riscv_bootloader\UART_2_SCSPI_Bridge_eval2_sram\SoftConsole53\bootloader_extraputty\drivers\CoreSPI" -I"C:\Microsemiprj_PF23\apps\riscv_bootloader\UART_2_SCSPI_Bridge_eval2_sram\SoftConsole53\bootloader_extraputty\drivers\mt25ql01gbbb" -std=gnu11 -MMD -MP -MF"riscv_hal/init.d" -MT"riscv_hal/init.o" -c -o "riscv_hal/init.o" "../riscv_hal/init.c"
Finished building: ../riscv_hal/init.c
 
Building file: ../riscv_hal/riscv_hal.c
Invoking: GNU RISC-V Cross C Compiler
riscv64-unknown-elf-gcc -march=rv32i -mabi=ilp32 -msmall-data-limit=8 -O0 -fmessage-length=0 -fsigned-char -ffunction-sections -fdata-sections  -g3 -I"C:\Microsemiprj_PF23\apps\riscv_bootloader\UART_2_SCSPI_Bridge_eval2_sram\SoftConsole53\bootloader_extraputty" -I"C:\Microsemiprj_PF23\apps\riscv_bootloader\UART_2_SCSPI_Bridge_eval2_sram\SoftConsole53\bootloader_extraputty\hal" -I"C:\Microsemiprj_PF23\apps\riscv_bootloader\UART_2_SCSPI_Bridge_eval2_sram\SoftConsole53\bootloader_extraputty\riscv_hal" -I"C:\Microsemiprj_PF23\apps\riscv_bootloader\UART_2_SCSPI_Bridge_eval2_sram\SoftConsole53\bootloader_extraputty\drivers\ymodem" -I"C:\Microsemiprj_PF23\apps\riscv_bootloader\UART_2_SCSPI_Bridge_eval2_sram\SoftConsole53\bootloader_extraputty\drivers\CoreGPIO" -I"C:\Microsemiprj_PF23\apps\riscv_bootloader\UART_2_SCSPI_Bridge_eval2_sram\SoftConsole53\bootloader_extraputty\drivers\CoreUARTapb" -I"C:\Microsemiprj_PF23\apps\riscv_bootloader\UART_2_SCSPI_Bridge_eval2_sram\SoftConsole53\bootloader_extraputty\drivers\CoreSPI" -I"C:\Microsemiprj_PF23\apps\riscv_bootloader\UART_2_SCSPI_Bridge_eval2_sram\SoftConsole53\bootloader_extraputty\drivers\mt25ql01gbbb" -std=gnu11 -MMD -MP -MF"riscv_hal/riscv_hal.d" -MT"riscv_hal/riscv_hal.o" -c -o "riscv_hal/riscv_hal.o" "../riscv_hal/riscv_hal.c"
Finished building: ../riscv_hal/riscv_hal.c
 
Building file: ../riscv_hal/riscv_hal_stubs.c
Invoking: GNU RISC-V Cross C Compiler
riscv64-unknown-elf-gcc -march=rv32i -mabi=ilp32 -msmall-data-limit=8 -O0 -fmessage-length=0 -fsigned-char -ffunction-sections -fdata-sections  -g3 -I"C:\Microsemiprj_PF23\apps\riscv_bootloader\UART_2_SCSPI_Bridge_eval2_sram\SoftConsole53\bootloader_extraputty" -I"C:\Microsemiprj_PF23\apps\riscv_bootloader\UART_2_SCSPI_Bridge_eval2_sram\SoftConsole53\bootloader_extraputty\hal" -I"C:\Microsemiprj_PF23\apps\riscv_bootloader\UART_2_SCSPI_Bridge_eval2_sram\SoftConsole53\bootloader_extraputty\riscv_hal" -I"C:\Microsemiprj_PF23\apps\riscv_bootloader\UART_2_SCSPI_Bridge_eval2_sram\SoftConsole53\bootloader_extraputty\drivers\ymodem" -I"C:\Microsemiprj_PF23\apps\riscv_bootloader\UART_2_SCSPI_Bridge_eval2_sram\SoftConsole53\bootloader_extraputty\drivers\CoreGPIO" -I"C:\Microsemiprj_PF23\apps\riscv_bootloader\UART_2_SCSPI_Bridge_eval2_sram\SoftConsole53\bootloader_extraputty\drivers\CoreUARTapb" -I"C:\Microsemiprj_PF23\apps\riscv_bootloader\UART_2_SCSPI_Bridge_eval2_sram\SoftConsole53\bootloader_extraputty\drivers\CoreSPI" -I"C:\Microsemiprj_PF23\apps\riscv_bootloader\UART_2_SCSPI_Bridge_eval2_sram\SoftConsole53\bootloader_extraputty\drivers\mt25ql01gbbb" -std=gnu11 -MMD -MP -MF"riscv_hal/riscv_hal_stubs.d" -MT"riscv_hal/riscv_hal_stubs.o" -c -o "riscv_hal/riscv_hal_stubs.o" "../riscv_hal/riscv_hal_stubs.c"
Finished building: ../riscv_hal/riscv_hal_stubs.c
 
Building file: ../riscv_hal/syscall.c
Invoking: GNU RISC-V Cross C Compiler
riscv64-unknown-elf-gcc -march=rv32i -mabi=ilp32 -msmall-data-limit=8 -O0 -fmessage-length=0 -fsigned-char -ffunction-sections -fdata-sections  -g3 -I"C:\Microsemiprj_PF23\apps\riscv_bootloader\UART_2_SCSPI_Bridge_eval2_sram\SoftConsole53\bootloader_extraputty" -I"C:\Microsemiprj_PF23\apps\riscv_bootloader\UART_2_SCSPI_Bridge_eval2_sram\SoftConsole53\bootloader_extraputty\hal" -I"C:\Microsemiprj_PF23\apps\riscv_bootloader\UART_2_SCSPI_Bridge_eval2_sram\SoftConsole53\bootloader_extraputty\riscv_hal" -I"C:\Microsemiprj_PF23\apps\riscv_bootloader\UART_2_SCSPI_Bridge_eval2_sram\SoftConsole53\bootloader_extraputty\drivers\ymodem" -I"C:\Microsemiprj_PF23\apps\riscv_bootloader\UART_2_SCSPI_Bridge_eval2_sram\SoftConsole53\bootloader_extraputty\drivers\CoreGPIO" -I"C:\Microsemiprj_PF23\apps\riscv_bootloader\UART_2_SCSPI_Bridge_eval2_sram\SoftConsole53\bootloader_extraputty\drivers\CoreUARTapb" -I"C:\Microsemiprj_PF23\apps\riscv_bootloader\UART_2_SCSPI_Bridge_eval2_sram\SoftConsole53\bootloader_extraputty\drivers\CoreSPI" -I"C:\Microsemiprj_PF23\apps\riscv_bootloader\UART_2_SCSPI_Bridge_eval2_sram\SoftConsole53\bootloader_extraputty\drivers\mt25ql01gbbb" -std=gnu11 -MMD -MP -MF"riscv_hal/syscall.d" -MT"riscv_hal/syscall.o" -c -o "riscv_hal/syscall.o" "../riscv_hal/syscall.c"
Finished building: ../riscv_hal/syscall.c
 
Building file: ../hal/hal_irq.c
Invoking: GNU RISC-V Cross C Compiler
riscv64-unknown-elf-gcc -march=rv32i -mabi=ilp32 -msmall-data-limit=8 -O0 -fmessage-length=0 -fsigned-char -ffunction-sections -fdata-sections  -g3 -I"C:\Microsemiprj_PF23\apps\riscv_bootloader\UART_2_SCSPI_Bridge_eval2_sram\SoftConsole53\bootloader_extraputty" -I"C:\Microsemiprj_PF23\apps\riscv_bootloader\UART_2_SCSPI_Bridge_eval2_sram\SoftConsole53\bootloader_extraputty\hal" -I"C:\Microsemiprj_PF23\apps\riscv_bootloader\UART_2_SCSPI_Bridge_eval2_sram\SoftConsole53\bootloader_extraputty\riscv_hal" -I"C:\Microsemiprj_PF23\apps\riscv_bootloader\UART_2_SCSPI_Bridge_eval2_sram\SoftConsole53\bootloader_extraputty\drivers\ymodem" -I"C:\Microsemiprj_PF23\apps\riscv_bootloader\UART_2_SCSPI_Bridge_eval2_sram\SoftConsole53\bootloader_extraputty\drivers\CoreGPIO" -I"C:\Microsemiprj_PF23\apps\riscv_bootloader\UART_2_SCSPI_Bridge_eval2_sram\SoftConsole53\bootloader_extraputty\drivers\CoreUARTapb" -I"C:\Microsemiprj_PF23\apps\riscv_bootloader\UART_2_SCSPI_Bridge_eval2_sram\SoftConsole53\bootloader_extraputty\drivers\CoreSPI" -I"C:\Microsemiprj_PF23\apps\riscv_bootloader\UART_2_SCSPI_Bridge_eval2_sram\SoftConsole53\bootloader_extraputty\drivers\mt25ql01gbbb" -std=gnu11 -MMD -MP -MF"hal/hal_irq.d" -MT"hal/hal_irq.o" -c -o "hal/hal_irq.o" "../hal/hal_irq.c"
Finished building: ../hal/hal_irq.c
 
Building file: ../hal/hw_reg_access.S
Invoking: GNU RISC-V Cross Assembler
riscv64-unknown-elf-gcc -march=rv32i -mabi=ilp32 -msmall-data-limit=8 -O0 -fmessage-length=0 -fsigned-char -ffunction-sections -fdata-sections  -g3 -x assembler-with-cpp -MMD -MP -MF"hal/hw_reg_access.d" -MT"hal/hw_reg_access.o" -c -o "hal/hw_reg_access.o" "../hal/hw_reg_access.S"
Finished building: ../hal/hw_reg_access.S
 
Building file: ../drivers/ymodem/ymodem.c
Invoking: GNU RISC-V Cross C Compiler
riscv64-unknown-elf-gcc -march=rv32i -mabi=ilp32 -msmall-data-limit=8 -O0 -fmessage-length=0 -fsigned-char -ffunction-sections -fdata-sections  -g3 -I"C:\Microsemiprj_PF23\apps\riscv_bootloader\UART_2_SCSPI_Bridge_eval2_sram\SoftConsole53\bootloader_extraputty" -I"C:\Microsemiprj_PF23\apps\riscv_bootloader\UART_2_SCSPI_Bridge_eval2_sram\SoftConsole53\bootloader_extraputty\hal" -I"C:\Microsemiprj_PF23\apps\riscv_bootloader\UART_2_SCSPI_Bridge_eval2_sram\SoftConsole53\bootloader_extraputty\riscv_hal" -I"C:\Microsemiprj_PF23\apps\riscv_bootloader\UART_2_SCSPI_Bridge_eval2_sram\SoftConsole53\bootloader_extraputty\drivers\ymodem" -I"C:\Microsemiprj_PF23\apps\riscv_bootloader\UART_2_SCSPI_Bridge_eval2_sram\SoftConsole53\bootloader_extraputty\drivers\CoreGPIO" -I"C:\Microsemiprj_PF23\apps\riscv_bootloader\UART_2_SCSPI_Bridge_eval2_sram\SoftConsole53\bootloader_extraputty\drivers\CoreUARTapb" -I"C:\Microsemiprj_PF23\apps\riscv_bootloader\UART_2_SCSPI_Bridge_eval2_sram\SoftConsole53\bootloader_extraputty\drivers\CoreSPI" -I"C:\Microsemiprj_PF23\apps\riscv_bootloader\UART_2_SCSPI_Bridge_eval2_sram\SoftConsole53\bootloader_extraputty\drivers\mt25ql01gbbb" -std=gnu11 -MMD -MP -MF"drivers/ymodem/ymodem.d" -MT"drivers/ymodem/ymodem.o" -c -o "drivers/ymodem/ymodem.o" "../drivers/ymodem/ymodem.c"
Finished building: ../drivers/ymodem/ymodem.c
 
Building file: ../drivers/mt25ql01gbbb/mt25ql01gbbb.c
Invoking: GNU RISC-V Cross C Compiler
riscv64-unknown-elf-gcc -march=rv32i -mabi=ilp32 -msmall-data-limit=8 -O0 -fmessage-length=0 -fsigned-char -ffunction-sections -fdata-sections  -g3 -I"C:\Microsemiprj_PF23\apps\riscv_bootloader\UART_2_SCSPI_Bridge_eval2_sram\SoftConsole53\bootloader_extraputty" -I"C:\Microsemiprj_PF23\apps\riscv_bootloader\UART_2_SCSPI_Bridge_eval2_sram\SoftConsole53\bootloader_extraputty\hal" -I"C:\Microsemiprj_PF23\apps\riscv_bootloader\UART_2_SCSPI_Bridge_eval2_sram\SoftConsole53\bootloader_extraputty\riscv_hal" -I"C:\Microsemiprj_PF23\apps\riscv_bootloader\UART_2_SCSPI_Bridge_eval2_sram\SoftConsole53\bootloader_extraputty\drivers\ymodem" -I"C:\Microsemiprj_PF23\apps\riscv_bootloader\UART_2_SCSPI_Bridge_eval2_sram\SoftConsole53\bootloader_extraputty\drivers\CoreGPIO" -I"C:\Microsemiprj_PF23\apps\riscv_bootloader\UART_2_SCSPI_Bridge_eval2_sram\SoftConsole53\bootloader_extraputty\drivers\CoreUARTapb" -I"C:\Microsemiprj_PF23\apps\riscv_bootloader\UART_2_SCSPI_Bridge_eval2_sram\SoftConsole53\bootloader_extraputty\drivers\CoreSPI" -I"C:\Microsemiprj_PF23\apps\riscv_bootloader\UART_2_SCSPI_Bridge_eval2_sram\SoftConsole53\bootloader_extraputty\drivers\mt25ql01gbbb" -std=gnu11 -MMD -MP -MF"drivers/mt25ql01gbbb/mt25ql01gbbb.d" -MT"drivers/mt25ql01gbbb/mt25ql01gbbb.o" -c -o "drivers/mt25ql01gbbb/mt25ql01gbbb.o" "../drivers/mt25ql01gbbb/mt25ql01gbbb.c"
Finished building: ../drivers/mt25ql01gbbb/mt25ql01gbbb.c
 
Building file: ../drivers/CoreUARTapb/core_uart_apb.c
Invoking: GNU RISC-V Cross C Compiler
riscv64-unknown-elf-gcc -march=rv32i -mabi=ilp32 -msmall-data-limit=8 -O0 -fmessage-length=0 -fsigned-char -ffunction-sections -fdata-sections  -g3 -I"C:\Microsemiprj_PF23\apps\riscv_bootloader\UART_2_SCSPI_Bridge_eval2_sram\SoftConsole53\bootloader_extraputty" -I"C:\Microsemiprj_PF23\apps\riscv_bootloader\UART_2_SCSPI_Bridge_eval2_sram\SoftConsole53\bootloader_extraputty\hal" -I"C:\Microsemiprj_PF23\apps\riscv_bootloader\UART_2_SCSPI_Bridge_eval2_sram\SoftConsole53\bootloader_extraputty\riscv_hal" -I"C:\Microsemiprj_PF23\apps\riscv_bootloader\UART_2_SCSPI_Bridge_eval2_sram\SoftConsole53\bootloader_extraputty\drivers\ymodem" -I"C:\Microsemiprj_PF23\apps\riscv_bootloader\UART_2_SCSPI_Bridge_eval2_sram\SoftConsole53\bootloader_extraputty\drivers\CoreGPIO" -I"C:\Microsemiprj_PF23\apps\riscv_bootloader\UART_2_SCSPI_Bridge_eval2_sram\SoftConsole53\bootloader_extraputty\drivers\CoreUARTapb" -I"C:\Microsemiprj_PF23\apps\riscv_bootloader\UART_2_SCSPI_Bridge_eval2_sram\SoftConsole53\bootloader_extraputty\drivers\CoreSPI" -I"C:\Microsemiprj_PF23\apps\riscv_bootloader\UART_2_SCSPI_Bridge_eval2_sram\SoftConsole53\bootloader_extraputty\drivers\mt25ql01gbbb" -std=gnu11 -MMD -MP -MF"drivers/CoreUARTapb/core_uart_apb.d" -MT"drivers/CoreUARTapb/core_uart_apb.o" -c -o "drivers/CoreUARTapb/core_uart_apb.o" "../drivers/CoreUARTapb/core_uart_apb.c"
Finished building: ../drivers/CoreUARTapb/core_uart_apb.c
 
Building file: ../drivers/CoreSPI/core_spi.c
Invoking: GNU RISC-V Cross C Compiler
riscv64-unknown-elf-gcc -march=rv32i -mabi=ilp32 -msmall-data-limit=8 -O0 -fmessage-length=0 -fsigned-char -ffunction-sections -fdata-sections  -g3 -I"C:\Microsemiprj_PF23\apps\riscv_bootloader\UART_2_SCSPI_Bridge_eval2_sram\SoftConsole53\bootloader_extraputty" -I"C:\Microsemiprj_PF23\apps\riscv_bootloader\UART_2_SCSPI_Bridge_eval2_sram\SoftConsole53\bootloader_extraputty\hal" -I"C:\Microsemiprj_PF23\apps\riscv_bootloader\UART_2_SCSPI_Bridge_eval2_sram\SoftConsole53\bootloader_extraputty\riscv_hal" -I"C:\Microsemiprj_PF23\apps\riscv_bootloader\UART_2_SCSPI_Bridge_eval2_sram\SoftConsole53\bootloader_extraputty\drivers\ymodem" -I"C:\Microsemiprj_PF23\apps\riscv_bootloader\UART_2_SCSPI_Bridge_eval2_sram\SoftConsole53\bootloader_extraputty\drivers\CoreGPIO" -I"C:\Microsemiprj_PF23\apps\riscv_bootloader\UART_2_SCSPI_Bridge_eval2_sram\SoftConsole53\bootloader_extraputty\drivers\CoreUARTapb" -I"C:\Microsemiprj_PF23\apps\riscv_bootloader\UART_2_SCSPI_Bridge_eval2_sram\SoftConsole53\bootloader_extraputty\drivers\CoreSPI" -I"C:\Microsemiprj_PF23\apps\riscv_bootloader\UART_2_SCSPI_Bridge_eval2_sram\SoftConsole53\bootloader_extraputty\drivers\mt25ql01gbbb" -std=gnu11 -MMD -MP -MF"drivers/CoreSPI/core_spi.d" -MT"drivers/CoreSPI/core_spi.o" -c -o "drivers/CoreSPI/core_spi.o" "../drivers/CoreSPI/core_spi.c"
Finished building: ../drivers/CoreSPI/core_spi.c
 
Building file: ../drivers/CoreGPIO/core_gpio.c
Invoking: GNU RISC-V Cross C Compiler
riscv64-unknown-elf-gcc -march=rv32i -mabi=ilp32 -msmall-data-limit=8 -O0 -fmessage-length=0 -fsigned-char -ffunction-sections -fdata-sections  -g3 -I"C:\Microsemiprj_PF23\apps\riscv_bootloader\UART_2_SCSPI_Bridge_eval2_sram\SoftConsole53\bootloader_extraputty" -I"C:\Microsemiprj_PF23\apps\riscv_bootloader\UART_2_SCSPI_Bridge_eval2_sram\SoftConsole53\bootloader_extraputty\hal" -I"C:\Microsemiprj_PF23\apps\riscv_bootloader\UART_2_SCSPI_Bridge_eval2_sram\SoftConsole53\bootloader_extraputty\riscv_hal" -I"C:\Microsemiprj_PF23\apps\riscv_bootloader\UART_2_SCSPI_Bridge_eval2_sram\SoftConsole53\bootloader_extraputty\drivers\ymodem" -I"C:\Microsemiprj_PF23\apps\riscv_bootloader\UART_2_SCSPI_Bridge_eval2_sram\SoftConsole53\bootloader_extraputty\drivers\CoreGPIO" -I"C:\Microsemiprj_PF23\apps\riscv_bootloader\UART_2_SCSPI_Bridge_eval2_sram\SoftConsole53\bootloader_extraputty\drivers\CoreUARTapb" -I"C:\Microsemiprj_PF23\apps\riscv_bootloader\UART_2_SCSPI_Bridge_eval2_sram\SoftConsole53\bootloader_extraputty\drivers\CoreSPI" -I"C:\Microsemiprj_PF23\apps\riscv_bootloader\UART_2_SCSPI_Bridge_eval2_sram\SoftConsole53\bootloader_extraputty\drivers\mt25ql01gbbb" -std=gnu11 -MMD -MP -MF"drivers/CoreGPIO/core_gpio.d" -MT"drivers/CoreGPIO/core_gpio.o" -c -o "drivers/CoreGPIO/core_gpio.o" "../drivers/CoreGPIO/core_gpio.c"
Finished building: ../drivers/CoreGPIO/core_gpio.c
 
Building file: ../main.c
Invoking: GNU RISC-V Cross C Compiler
riscv64-unknown-elf-gcc -march=rv32i -mabi=ilp32 -msmall-data-limit=8 -O0 -fmessage-length=0 -fsigned-char -ffunction-sections -fdata-sections  -g3 -I"C:\Microsemiprj_PF23\apps\riscv_bootloader\UART_2_SCSPI_Bridge_eval2_sram\SoftConsole53\bootloader_extraputty" -I"C:\Microsemiprj_PF23\apps\riscv_bootloader\UART_2_SCSPI_Bridge_eval2_sram\SoftConsole53\bootloader_extraputty\hal" -I"C:\Microsemiprj_PF23\apps\riscv_bootloader\UART_2_SCSPI_Bridge_eval2_sram\SoftConsole53\bootloader_extraputty\riscv_hal" -I"C:\Microsemiprj_PF23\apps\riscv_bootloader\UART_2_SCSPI_Bridge_eval2_sram\SoftConsole53\bootloader_extraputty\drivers\ymodem" -I"C:\Microsemiprj_PF23\apps\riscv_bootloader\UART_2_SCSPI_Bridge_eval2_sram\SoftConsole53\bootloader_extraputty\drivers\CoreGPIO" -I"C:\Microsemiprj_PF23\apps\riscv_bootloader\UART_2_SCSPI_Bridge_eval2_sram\SoftConsole53\bootloader_extraputty\drivers\CoreUARTapb" -I"C:\Microsemiprj_PF23\apps\riscv_bootloader\UART_2_SCSPI_Bridge_eval2_sram\SoftConsole53\bootloader_extraputty\drivers\CoreSPI" -I"C:\Microsemiprj_PF23\apps\riscv_bootloader\UART_2_SCSPI_Bridge_eval2_sram\SoftConsole53\bootloader_extraputty\drivers\mt25ql01gbbb" -std=gnu11 -MMD -MP -MF"main.d" -MT"main.o" -c -o "main.o" "../main.c"
../main.c: In function 'External_1_IRQHandler':
../main.c:223:27: warning: passing argument 2 of 'UART_send' discards 'const' qualifier from pointer target type [-Wdiscarded-qualifiers]
       UART_send (&g_uart, g_newline_msg, sizeof(g_newline_msg) );
                           ^~~~~~~~~~~~~
In file included from ../main.c:19:0:
../drivers/CoreUARTapb/core_uart_apb.h:212:1: note: expected 'uint8_t * {aka unsigned char *}' but argument is of type 'const uint8_t * {aka const unsigned char *}'
 UART_send
 ^~~~~~~~~
../main.c: In function 'read_device_id':
../main.c:472:2: warning: implicit declaration of function 'send_hex_byte' [-Wimplicit-function-declaration]
  send_hex_byte(manufacturer_id);
  ^~~~~~~~~~~~~
../main.c: In function 'application_write':
../main.c:580:10: warning: assignment makes pointer from integer without a cast [-Wint-conversion]
  address = DDR3_base_address;
          ^
../main.c: At top level:
../main.c:687:6: warning: conflicting types for 'send_hex_byte'
 void send_hex_byte(unsigned char d)
      ^~~~~~~~~~~~~
../main.c:472:2: note: previous implicit declaration of 'send_hex_byte' was here
  send_hex_byte(manufacturer_id);
  ^~~~~~~~~~~~~
Finished building: ../main.c
 
Building target: bootloader_extraputty.elf
Invoking: GNU RISC-V Cross C Linker
riscv64-unknown-elf-gcc -march=rv32i -mabi=ilp32 -msmall-data-limit=8 -O0 -fmessage-length=0 -fsigned-char -ffunction-sections -fdata-sections  -g3 -T "C:\Microsemiprj_PF23\apps\riscv_bootloader\UART_2_SCSPI_Bridge_eval2_sram\SoftConsole53\bootloader_extraputty\riscv_hal\microsemi-riscv-ram7000.ld" -nostartfiles -Xlinker --gc-sections -Wl,-Map,"bootloader_extraputty.map" --specs=nano.specs -o "bootloader_extraputty.elf"  ./riscv_hal/entry.o ./riscv_hal/init.o ./riscv_hal/riscv_hal.o ./riscv_hal/riscv_hal_stubs.o ./riscv_hal/syscall.o  ./hal/hal_irq.o ./hal/hw_reg_access.o  ./drivers/ymodem/ymodem.o  ./drivers/mt25ql01gbbb/mt25ql01gbbb.o  ./drivers/CoreUARTapb/core_uart_apb.o  ./drivers/CoreSPI/core_spi.o  ./drivers/CoreGPIO/core_gpio.o  ./main.o    
Finished building target: bootloader_extraputty.elf
 
Invoking: GNU RISC-V Cross Create Flash Image
riscv64-unknown-elf-objcopy -O ihex "bootloader_extraputty.elf"  "bootloader_extraputty.hex"
Finished building: bootloader_extraputty.hex
 
Invoking: GNU RISC-V Cross Print Size
riscv64-unknown-elf-size --format=berkeley "bootloader_extraputty.elf"
   text	   data	    bss	    dec	    hex	filename
  19488	    128	   9952	  29568	   7380	bootloader_extraputty.elf
Finished building: bootloader_extraputty.siz
 
