12:00:11 **** Build of configuration Release for project MiV_uart_blinky ****
make all 
Building file: ../riscv_hal/entry.S
Invoking: GNU RISC-V Cross Assembler
riscv64-unknown-elf-gcc -march=rv32im -mabi=ilp32 -msmall-data-limit=8 -Os -fmessage-length=0 -fsigned-char -ffunction-sections -fdata-sections -x assembler-with-cpp -MMD -MP -MF"riscv_hal/entry.d" -MT"riscv_hal/entry.o" -c -o "riscv_hal/entry.o" "../riscv_hal/entry.S"
Finished building: ../riscv_hal/entry.S
 
Building file: ../riscv_hal/init.c
Invoking: GNU RISC-V Cross C Compiler
riscv64-unknown-elf-gcc -march=rv32im -mabi=ilp32 -msmall-data-limit=8 -Os -fmessage-length=0 -fsigned-char -ffunction-sections -fdata-sections -I"C:\Microsemiprj_PF23\apps\riscv_bootloader\UART_2_SCSPI_Bridge_eval2_sram\SoftConsole53\MiV_uart_blinky\drivers\CoreGPIO" -I"C:\Microsemiprj_PF23\apps\riscv_bootloader\UART_2_SCSPI_Bridge_eval2_sram\SoftConsole53\MiV_uart_blinky\drivers\CoreSPI" -I"C:\Microsemiprj_PF23\apps\riscv_bootloader\UART_2_SCSPI_Bridge_eval2_sram\SoftConsole53\MiV_uart_blinky\drivers\CoreUARTapb" -I"C:\Microsemiprj_PF23\apps\riscv_bootloader\UART_2_SCSPI_Bridge_eval2_sram\SoftConsole53\MiV_uart_blinky\hal" -I"C:\Microsemiprj_PF23\apps\riscv_bootloader\UART_2_SCSPI_Bridge_eval2_sram\SoftConsole53\MiV_uart_blinky\riscv_hal" -std=gnu11 -MMD -MP -MF"riscv_hal/init.d" -MT"riscv_hal/init.o" -c -o "riscv_hal/init.o" "../riscv_hal/init.c"
Finished building: ../riscv_hal/init.c
 
Building file: ../riscv_hal/riscv_hal.c
Invoking: GNU RISC-V Cross C Compiler
riscv64-unknown-elf-gcc -march=rv32im -mabi=ilp32 -msmall-data-limit=8 -Os -fmessage-length=0 -fsigned-char -ffunction-sections -fdata-sections -I"C:\Microsemiprj_PF23\apps\riscv_bootloader\UART_2_SCSPI_Bridge_eval2_sram\SoftConsole53\MiV_uart_blinky\drivers\CoreGPIO" -I"C:\Microsemiprj_PF23\apps\riscv_bootloader\UART_2_SCSPI_Bridge_eval2_sram\SoftConsole53\MiV_uart_blinky\drivers\CoreSPI" -I"C:\Microsemiprj_PF23\apps\riscv_bootloader\UART_2_SCSPI_Bridge_eval2_sram\SoftConsole53\MiV_uart_blinky\drivers\CoreUARTapb" -I"C:\Microsemiprj_PF23\apps\riscv_bootloader\UART_2_SCSPI_Bridge_eval2_sram\SoftConsole53\MiV_uart_blinky\hal" -I"C:\Microsemiprj_PF23\apps\riscv_bootloader\UART_2_SCSPI_Bridge_eval2_sram\SoftConsole53\MiV_uart_blinky\riscv_hal" -std=gnu11 -MMD -MP -MF"riscv_hal/riscv_hal.d" -MT"riscv_hal/riscv_hal.o" -c -o "riscv_hal/riscv_hal.o" "../riscv_hal/riscv_hal.c"
Finished building: ../riscv_hal/riscv_hal.c
 
Building file: ../riscv_hal/riscv_hal_stubs.c
Invoking: GNU RISC-V Cross C Compiler
riscv64-unknown-elf-gcc -march=rv32im -mabi=ilp32 -msmall-data-limit=8 -Os -fmessage-length=0 -fsigned-char -ffunction-sections -fdata-sections -I"C:\Microsemiprj_PF23\apps\riscv_bootloader\UART_2_SCSPI_Bridge_eval2_sram\SoftConsole53\MiV_uart_blinky\drivers\CoreGPIO" -I"C:\Microsemiprj_PF23\apps\riscv_bootloader\UART_2_SCSPI_Bridge_eval2_sram\SoftConsole53\MiV_uart_blinky\drivers\CoreSPI" -I"C:\Microsemiprj_PF23\apps\riscv_bootloader\UART_2_SCSPI_Bridge_eval2_sram\SoftConsole53\MiV_uart_blinky\drivers\CoreUARTapb" -I"C:\Microsemiprj_PF23\apps\riscv_bootloader\UART_2_SCSPI_Bridge_eval2_sram\SoftConsole53\MiV_uart_blinky\hal" -I"C:\Microsemiprj_PF23\apps\riscv_bootloader\UART_2_SCSPI_Bridge_eval2_sram\SoftConsole53\MiV_uart_blinky\riscv_hal" -std=gnu11 -MMD -MP -MF"riscv_hal/riscv_hal_stubs.d" -MT"riscv_hal/riscv_hal_stubs.o" -c -o "riscv_hal/riscv_hal_stubs.o" "../riscv_hal/riscv_hal_stubs.c"
Finished building: ../riscv_hal/riscv_hal_stubs.c
 
Building file: ../riscv_hal/syscall.c
Invoking: GNU RISC-V Cross C Compiler
riscv64-unknown-elf-gcc -march=rv32im -mabi=ilp32 -msmall-data-limit=8 -Os -fmessage-length=0 -fsigned-char -ffunction-sections -fdata-sections -I"C:\Microsemiprj_PF23\apps\riscv_bootloader\UART_2_SCSPI_Bridge_eval2_sram\SoftConsole53\MiV_uart_blinky\drivers\CoreGPIO" -I"C:\Microsemiprj_PF23\apps\riscv_bootloader\UART_2_SCSPI_Bridge_eval2_sram\SoftConsole53\MiV_uart_blinky\drivers\CoreSPI" -I"C:\Microsemiprj_PF23\apps\riscv_bootloader\UART_2_SCSPI_Bridge_eval2_sram\SoftConsole53\MiV_uart_blinky\drivers\CoreUARTapb" -I"C:\Microsemiprj_PF23\apps\riscv_bootloader\UART_2_SCSPI_Bridge_eval2_sram\SoftConsole53\MiV_uart_blinky\hal" -I"C:\Microsemiprj_PF23\apps\riscv_bootloader\UART_2_SCSPI_Bridge_eval2_sram\SoftConsole53\MiV_uart_blinky\riscv_hal" -std=gnu11 -MMD -MP -MF"riscv_hal/syscall.d" -MT"riscv_hal/syscall.o" -c -o "riscv_hal/syscall.o" "../riscv_hal/syscall.c"
Finished building: ../riscv_hal/syscall.c
 
Building file: ../hal/hal_irq.c
Invoking: GNU RISC-V Cross C Compiler
riscv64-unknown-elf-gcc -march=rv32im -mabi=ilp32 -msmall-data-limit=8 -Os -fmessage-length=0 -fsigned-char -ffunction-sections -fdata-sections -I"C:\Microsemiprj_PF23\apps\riscv_bootloader\UART_2_SCSPI_Bridge_eval2_sram\SoftConsole53\MiV_uart_blinky\drivers\CoreGPIO" -I"C:\Microsemiprj_PF23\apps\riscv_bootloader\UART_2_SCSPI_Bridge_eval2_sram\SoftConsole53\MiV_uart_blinky\drivers\CoreSPI" -I"C:\Microsemiprj_PF23\apps\riscv_bootloader\UART_2_SCSPI_Bridge_eval2_sram\SoftConsole53\MiV_uart_blinky\drivers\CoreUARTapb" -I"C:\Microsemiprj_PF23\apps\riscv_bootloader\UART_2_SCSPI_Bridge_eval2_sram\SoftConsole53\MiV_uart_blinky\hal" -I"C:\Microsemiprj_PF23\apps\riscv_bootloader\UART_2_SCSPI_Bridge_eval2_sram\SoftConsole53\MiV_uart_blinky\riscv_hal" -std=gnu11 -MMD -MP -MF"hal/hal_irq.d" -MT"hal/hal_irq.o" -c -o "hal/hal_irq.o" "../hal/hal_irq.c"
Finished building: ../hal/hal_irq.c
 
Building file: ../hal/hw_reg_access.S
Invoking: GNU RISC-V Cross Assembler
riscv64-unknown-elf-gcc -march=rv32im -mabi=ilp32 -msmall-data-limit=8 -Os -fmessage-length=0 -fsigned-char -ffunction-sections -fdata-sections -x assembler-with-cpp -MMD -MP -MF"hal/hw_reg_access.d" -MT"hal/hw_reg_access.o" -c -o "hal/hw_reg_access.o" "../hal/hw_reg_access.S"
Finished building: ../hal/hw_reg_access.S
 
Building file: ../drivers/CoreUARTapb/core_uart_apb.c
Invoking: GNU RISC-V Cross C Compiler
riscv64-unknown-elf-gcc -march=rv32im -mabi=ilp32 -msmall-data-limit=8 -Os -fmessage-length=0 -fsigned-char -ffunction-sections -fdata-sections -I"C:\Microsemiprj_PF23\apps\riscv_bootloader\UART_2_SCSPI_Bridge_eval2_sram\SoftConsole53\MiV_uart_blinky\drivers\CoreGPIO" -I"C:\Microsemiprj_PF23\apps\riscv_bootloader\UART_2_SCSPI_Bridge_eval2_sram\SoftConsole53\MiV_uart_blinky\drivers\CoreSPI" -I"C:\Microsemiprj_PF23\apps\riscv_bootloader\UART_2_SCSPI_Bridge_eval2_sram\SoftConsole53\MiV_uart_blinky\drivers\CoreUARTapb" -I"C:\Microsemiprj_PF23\apps\riscv_bootloader\UART_2_SCSPI_Bridge_eval2_sram\SoftConsole53\MiV_uart_blinky\hal" -I"C:\Microsemiprj_PF23\apps\riscv_bootloader\UART_2_SCSPI_Bridge_eval2_sram\SoftConsole53\MiV_uart_blinky\riscv_hal" -std=gnu11 -MMD -MP -MF"drivers/CoreUARTapb/core_uart_apb.d" -MT"drivers/CoreUARTapb/core_uart_apb.o" -c -o "drivers/CoreUARTapb/core_uart_apb.o" "../drivers/CoreUARTapb/core_uart_apb.c"
Finished building: ../drivers/CoreUARTapb/core_uart_apb.c
 
Building file: ../drivers/CoreSPI/core_spi.c
Invoking: GNU RISC-V Cross C Compiler
riscv64-unknown-elf-gcc -march=rv32im -mabi=ilp32 -msmall-data-limit=8 -Os -fmessage-length=0 -fsigned-char -ffunction-sections -fdata-sections -I"C:\Microsemiprj_PF23\apps\riscv_bootloader\UART_2_SCSPI_Bridge_eval2_sram\SoftConsole53\MiV_uart_blinky\drivers\CoreGPIO" -I"C:\Microsemiprj_PF23\apps\riscv_bootloader\UART_2_SCSPI_Bridge_eval2_sram\SoftConsole53\MiV_uart_blinky\drivers\CoreSPI" -I"C:\Microsemiprj_PF23\apps\riscv_bootloader\UART_2_SCSPI_Bridge_eval2_sram\SoftConsole53\MiV_uart_blinky\drivers\CoreUARTapb" -I"C:\Microsemiprj_PF23\apps\riscv_bootloader\UART_2_SCSPI_Bridge_eval2_sram\SoftConsole53\MiV_uart_blinky\hal" -I"C:\Microsemiprj_PF23\apps\riscv_bootloader\UART_2_SCSPI_Bridge_eval2_sram\SoftConsole53\MiV_uart_blinky\riscv_hal" -std=gnu11 -MMD -MP -MF"drivers/CoreSPI/core_spi.d" -MT"drivers/CoreSPI/core_spi.o" -c -o "drivers/CoreSPI/core_spi.o" "../drivers/CoreSPI/core_spi.c"
Finished building: ../drivers/CoreSPI/core_spi.c
 
Building file: ../drivers/CoreGPIO/core_gpio.c
Invoking: GNU RISC-V Cross C Compiler
riscv64-unknown-elf-gcc -march=rv32im -mabi=ilp32 -msmall-data-limit=8 -Os -fmessage-length=0 -fsigned-char -ffunction-sections -fdata-sections -I"C:\Microsemiprj_PF23\apps\riscv_bootloader\UART_2_SCSPI_Bridge_eval2_sram\SoftConsole53\MiV_uart_blinky\drivers\CoreGPIO" -I"C:\Microsemiprj_PF23\apps\riscv_bootloader\UART_2_SCSPI_Bridge_eval2_sram\SoftConsole53\MiV_uart_blinky\drivers\CoreSPI" -I"C:\Microsemiprj_PF23\apps\riscv_bootloader\UART_2_SCSPI_Bridge_eval2_sram\SoftConsole53\MiV_uart_blinky\drivers\CoreUARTapb" -I"C:\Microsemiprj_PF23\apps\riscv_bootloader\UART_2_SCSPI_Bridge_eval2_sram\SoftConsole53\MiV_uart_blinky\hal" -I"C:\Microsemiprj_PF23\apps\riscv_bootloader\UART_2_SCSPI_Bridge_eval2_sram\SoftConsole53\MiV_uart_blinky\riscv_hal" -std=gnu11 -MMD -MP -MF"drivers/CoreGPIO/core_gpio.d" -MT"drivers/CoreGPIO/core_gpio.o" -c -o "drivers/CoreGPIO/core_gpio.o" "../drivers/CoreGPIO/core_gpio.c"
Finished building: ../drivers/CoreGPIO/core_gpio.c
 
Building file: ../main.c
Invoking: GNU RISC-V Cross C Compiler
riscv64-unknown-elf-gcc -march=rv32im -mabi=ilp32 -msmall-data-limit=8 -Os -fmessage-length=0 -fsigned-char -ffunction-sections -fdata-sections -I"C:\Microsemiprj_PF23\apps\riscv_bootloader\UART_2_SCSPI_Bridge_eval2_sram\SoftConsole53\MiV_uart_blinky\drivers\CoreGPIO" -I"C:\Microsemiprj_PF23\apps\riscv_bootloader\UART_2_SCSPI_Bridge_eval2_sram\SoftConsole53\MiV_uart_blinky\drivers\CoreSPI" -I"C:\Microsemiprj_PF23\apps\riscv_bootloader\UART_2_SCSPI_Bridge_eval2_sram\SoftConsole53\MiV_uart_blinky\drivers\CoreUARTapb" -I"C:\Microsemiprj_PF23\apps\riscv_bootloader\UART_2_SCSPI_Bridge_eval2_sram\SoftConsole53\MiV_uart_blinky\hal" -I"C:\Microsemiprj_PF23\apps\riscv_bootloader\UART_2_SCSPI_Bridge_eval2_sram\SoftConsole53\MiV_uart_blinky\riscv_hal" -std=gnu11 -MMD -MP -MF"main.d" -MT"main.o" -c -o "main.o" "../main.c"
Finished building: ../main.c
 
Building target: MiV_uart_blinky.elf
Invoking: GNU RISC-V Cross C Linker
riscv64-unknown-elf-gcc -march=rv32im -mabi=ilp32 -msmall-data-limit=8 -Os -fmessage-length=0 -fsigned-char -ffunction-sections -fdata-sections -T "C:\Microsemiprj_PF23\apps\riscv_bootloader\UART_2_SCSPI_Bridge_eval2_sram\SoftConsole53\MiV_uart_blinky\riscv_hal\microsemi-riscv-ram.ld" -nostartfiles -Xlinker --gc-sections -Wl,-Map,"MiV_uart_blinky.map" -o "MiV_uart_blinky.elf"  ./riscv_hal/entry.o ./riscv_hal/init.o ./riscv_hal/riscv_hal.o ./riscv_hal/riscv_hal_stubs.o ./riscv_hal/syscall.o  ./hal/hal_irq.o ./hal/hw_reg_access.o  ./drivers/CoreUARTapb/core_uart_apb.o  ./drivers/CoreSPI/core_spi.o  ./drivers/CoreGPIO/core_gpio.o  ./main.o   
Finished building target: MiV_uart_blinky.elf
 
Invoking: GNU RISC-V Cross Create Flash Image
riscv64-unknown-elf-objcopy -O binary "MiV_uart_blinky.elf"  "MiV_uart_blinky.bin"
Finished building: MiV_uart_blinky.bin
 
Invoking: GNU RISC-V Cross Create Listing
riscv64-unknown-elf-objdump --source --all-headers --demangle --line-numbers --wide "MiV_uart_blinky.elf" > "MiV_uart_blinky.lst"
Finished building: MiV_uart_blinky.lst
 
Invoking: GNU RISC-V Cross Print Size
riscv64-unknown-elf-size --format=berkeley "MiV_uart_blinky.elf"
   text	   data	    bss	    dec	    hex	filename
   2480	    176	   8224	  10880	   2a80	MiV_uart_blinky.elf
Finished building: MiV_uart_blinky.siz
 

12:00:40 Build Finished (took 29s.708ms)

