Archive member included to satisfy reference by file (symbol)

c:/microsemi/softconsole_v5.3/riscv-unknown-elf-gcc/bin/../lib/gcc/riscv64-unknown-elf/7.2.0/../../../../riscv64-unknown-elf/lib/rv32im/ilp32\libc.a(lib_a-memset.o)
                              ./drivers/CoreSPI/core_spi.o (memset)
c:/microsemi/softconsole_v5.3/riscv-unknown-elf-gcc/bin/../lib/gcc/riscv64-unknown-elf/7.2.0/../../../../riscv64-unknown-elf/lib/rv32im/ilp32\libc.a(lib_a-sysisatty.o)
                              ./riscv_hal/syscall.o (isatty)
c:/microsemi/softconsole_v5.3/riscv-unknown-elf-gcc/bin/../lib/gcc/riscv64-unknown-elf/7.2.0/../../../../riscv64-unknown-elf/lib/rv32im/ilp32\libc.a(lib_a-syswrite.o)
                              ./riscv_hal/syscall.o (write)
c:/microsemi/softconsole_v5.3/riscv-unknown-elf-gcc/bin/../lib/gcc/riscv64-unknown-elf/7.2.0/../../../../riscv64-unknown-elf/lib/rv32im/ilp32\libc.a(lib_a-writer.o)
                              c:/microsemi/softconsole_v5.3/riscv-unknown-elf-gcc/bin/../lib/gcc/riscv64-unknown-elf/7.2.0/../../../../riscv64-unknown-elf/lib/rv32im/ilp32\libc.a(lib_a-syswrite.o) (_write_r)
c:/microsemi/softconsole_v5.3/riscv-unknown-elf-gcc/bin/../lib/gcc/riscv64-unknown-elf/7.2.0/../../../../riscv64-unknown-elf/lib/rv32im/ilp32\libc.a(lib_a-impure.o)
                              c:/microsemi/softconsole_v5.3/riscv-unknown-elf-gcc/bin/../lib/gcc/riscv64-unknown-elf/7.2.0/../../../../riscv64-unknown-elf/lib/rv32im/ilp32\libc.a(lib_a-syswrite.o) (_impure_ptr)

Allocating common symbols
Common symbol       size              file

errno               0x4               ./riscv_hal/syscall.o
g_gpio_out          0x8               ./main.o
g_uart              0x8               ./main.o

Discarded input sections

 .text          0x0000000000000000        0x0 ./riscv_hal/entry.o
 .data          0x0000000000000000        0x0 ./riscv_hal/entry.o
 .bss           0x0000000000000000        0x0 ./riscv_hal/entry.o
 .group         0x0000000000000000        0x8 ./riscv_hal/init.o
 .group         0x0000000000000000        0x8 ./riscv_hal/init.o
 .group         0x0000000000000000        0x8 ./riscv_hal/init.o
 .group         0x0000000000000000        0x8 ./riscv_hal/init.o
 .group         0x0000000000000000        0x8 ./riscv_hal/init.o
 .group         0x0000000000000000        0x8 ./riscv_hal/init.o
 .group         0x0000000000000000        0x8 ./riscv_hal/init.o
 .group         0x0000000000000000        0x8 ./riscv_hal/init.o
 .group         0x0000000000000000        0x8 ./riscv_hal/init.o
 .group         0x0000000000000000        0x8 ./riscv_hal/init.o
 .group         0x0000000000000000        0x8 ./riscv_hal/init.o
 .group         0x0000000000000000        0x8 ./riscv_hal/init.o
 .group         0x0000000000000000        0x8 ./riscv_hal/init.o
 .group         0x0000000000000000        0x8 ./riscv_hal/init.o
 .group         0x0000000000000000        0x8 ./riscv_hal/init.o
 .group         0x0000000000000000        0x8 ./riscv_hal/init.o
 .group         0x0000000000000000        0x8 ./riscv_hal/init.o
 .group         0x0000000000000000        0x8 ./riscv_hal/init.o
 .group         0x0000000000000000        0x8 ./riscv_hal/init.o
 .group         0x0000000000000000        0x8 ./riscv_hal/init.o
 .group         0x0000000000000000        0x8 ./riscv_hal/init.o
 .group         0x0000000000000000        0x8 ./riscv_hal/init.o
 .group         0x0000000000000000        0x8 ./riscv_hal/init.o
 .group         0x0000000000000000        0x8 ./riscv_hal/init.o
 .group         0x0000000000000000        0x8 ./riscv_hal/init.o
 .group         0x0000000000000000        0x8 ./riscv_hal/init.o
 .group         0x0000000000000000        0x8 ./riscv_hal/init.o
 .group         0x0000000000000000        0x8 ./riscv_hal/init.o
 .group         0x0000000000000000        0x8 ./riscv_hal/init.o
 .group         0x0000000000000000        0x8 ./riscv_hal/init.o
 .group         0x0000000000000000        0x8 ./riscv_hal/init.o
 .group         0x0000000000000000        0x8 ./riscv_hal/init.o
 .group         0x0000000000000000        0x8 ./riscv_hal/init.o
 .group         0x0000000000000000        0x8 ./riscv_hal/init.o
 .text          0x0000000000000000        0x0 ./riscv_hal/init.o
 .data          0x0000000000000000        0x0 ./riscv_hal/init.o
 .bss           0x0000000000000000        0x0 ./riscv_hal/init.o
 .group         0x0000000000000000        0x8 ./riscv_hal/riscv_hal.o
 .group         0x0000000000000000        0x8 ./riscv_hal/riscv_hal.o
 .group         0x0000000000000000        0x8 ./riscv_hal/riscv_hal.o
 .group         0x0000000000000000        0x8 ./riscv_hal/riscv_hal.o
 .group         0x0000000000000000        0x8 ./riscv_hal/riscv_hal.o
 .group         0x0000000000000000        0x8 ./riscv_hal/riscv_hal.o
 .group         0x0000000000000000        0x8 ./riscv_hal/riscv_hal.o
 .group         0x0000000000000000        0x8 ./riscv_hal/riscv_hal.o
 .group         0x0000000000000000        0x8 ./riscv_hal/riscv_hal.o
 .group         0x0000000000000000        0x8 ./riscv_hal/riscv_hal.o
 .group         0x0000000000000000        0x8 ./riscv_hal/riscv_hal.o
 .group         0x0000000000000000        0x8 ./riscv_hal/riscv_hal.o
 .group         0x0000000000000000        0x8 ./riscv_hal/riscv_hal.o
 .group         0x0000000000000000        0x8 ./riscv_hal/riscv_hal.o
 .group         0x0000000000000000        0x8 ./riscv_hal/riscv_hal.o
 .group         0x0000000000000000        0x8 ./riscv_hal/riscv_hal.o
 .group         0x0000000000000000        0x8 ./riscv_hal/riscv_hal.o
 .group         0x0000000000000000        0x8 ./riscv_hal/riscv_hal.o
 .group         0x0000000000000000        0x8 ./riscv_hal/riscv_hal.o
 .group         0x0000000000000000        0x8 ./riscv_hal/riscv_hal.o
 .group         0x0000000000000000        0x8 ./riscv_hal/riscv_hal.o
 .group         0x0000000000000000        0x8 ./riscv_hal/riscv_hal.o
 .group         0x0000000000000000        0x8 ./riscv_hal/riscv_hal.o
 .group         0x0000000000000000        0x8 ./riscv_hal/riscv_hal.o
 .group         0x0000000000000000        0x8 ./riscv_hal/riscv_hal.o
 .group         0x0000000000000000        0x8 ./riscv_hal/riscv_hal.o
 .group         0x0000000000000000        0x8 ./riscv_hal/riscv_hal.o
 .group         0x0000000000000000        0x8 ./riscv_hal/riscv_hal.o
 .group         0x0000000000000000        0x8 ./riscv_hal/riscv_hal.o
 .group         0x0000000000000000        0x8 ./riscv_hal/riscv_hal.o
 .group         0x0000000000000000        0x8 ./riscv_hal/riscv_hal.o
 .group         0x0000000000000000        0x8 ./riscv_hal/riscv_hal.o
 .group         0x0000000000000000        0x8 ./riscv_hal/riscv_hal.o
 .group         0x0000000000000000        0x8 ./riscv_hal/riscv_hal.o
 .group         0x0000000000000000        0x8 ./riscv_hal/riscv_hal.o
 .group         0x0000000000000000        0x8 ./riscv_hal/riscv_hal.o
 .text          0x0000000000000000        0x0 ./riscv_hal/riscv_hal.o
 .data          0x0000000000000000        0x0 ./riscv_hal/riscv_hal.o
 .bss           0x0000000000000000        0x0 ./riscv_hal/riscv_hal.o
 .text.__disable_irq
                0x0000000000000000       0x30 ./riscv_hal/riscv_hal.o
 .text.__enable_irq
                0x0000000000000000       0x24 ./riscv_hal/riscv_hal.o
 .text.SysTick_Config
                0x0000000000000000       0xf8 ./riscv_hal/riscv_hal.o
 .debug_macro   0x0000000000000000      0x742 ./riscv_hal/riscv_hal.o
 .debug_macro   0x0000000000000000       0x22 ./riscv_hal/riscv_hal.o
 .debug_macro   0x0000000000000000       0x4c ./riscv_hal/riscv_hal.o
 .debug_macro   0x0000000000000000       0x8d ./riscv_hal/riscv_hal.o
 .debug_macro   0x0000000000000000       0x34 ./riscv_hal/riscv_hal.o
 .debug_macro   0x0000000000000000       0x9c ./riscv_hal/riscv_hal.o
 .debug_macro   0x0000000000000000       0x16 ./riscv_hal/riscv_hal.o
 .debug_macro   0x0000000000000000      0x10e ./riscv_hal/riscv_hal.o
 .debug_macro   0x0000000000000000       0x8d ./riscv_hal/riscv_hal.o
 .debug_macro   0x0000000000000000       0x57 ./riscv_hal/riscv_hal.o
 .debug_macro   0x0000000000000000       0x52 ./riscv_hal/riscv_hal.o
 .debug_macro   0x0000000000000000       0x1f ./riscv_hal/riscv_hal.o
 .debug_macro   0x0000000000000000       0x43 ./riscv_hal/riscv_hal.o
 .debug_macro   0x0000000000000000       0x20 ./riscv_hal/riscv_hal.o
 .debug_macro   0x0000000000000000      0x187 ./riscv_hal/riscv_hal.o
 .debug_macro   0x0000000000000000      0x30d ./riscv_hal/riscv_hal.o
 .debug_macro   0x0000000000000000       0x16 ./riscv_hal/riscv_hal.o
 .debug_macro   0x0000000000000000       0x29 ./riscv_hal/riscv_hal.o
 .debug_macro   0x0000000000000000       0xef ./riscv_hal/riscv_hal.o
 .debug_macro   0x0000000000000000       0x6a ./riscv_hal/riscv_hal.o
 .debug_macro   0x0000000000000000      0x1df ./riscv_hal/riscv_hal.o
 .debug_macro   0x0000000000000000       0x16 ./riscv_hal/riscv_hal.o
 .debug_macro   0x0000000000000000       0x10 ./riscv_hal/riscv_hal.o
 .debug_macro   0x0000000000000000       0x35 ./riscv_hal/riscv_hal.o
 .debug_macro   0x0000000000000000       0x1c ./riscv_hal/riscv_hal.o
 .debug_macro   0x0000000000000000       0x52 ./riscv_hal/riscv_hal.o
 .debug_macro   0x0000000000000000       0x40 ./riscv_hal/riscv_hal.o
 .debug_macro   0x0000000000000000       0x10 ./riscv_hal/riscv_hal.o
 .debug_macro   0x0000000000000000       0x40 ./riscv_hal/riscv_hal.o
 .debug_macro   0x0000000000000000       0xd7 ./riscv_hal/riscv_hal.o
 .debug_macro   0x0000000000000000       0x1c ./riscv_hal/riscv_hal.o
 .debug_macro   0x0000000000000000       0x3d ./riscv_hal/riscv_hal.o
 .debug_macro   0x0000000000000000      0x51a ./riscv_hal/riscv_hal.o
 .debug_macro   0x0000000000000000      0x2dc ./riscv_hal/riscv_hal.o
 .group         0x0000000000000000        0x8 ./riscv_hal/riscv_hal_stubs.o
 .group         0x0000000000000000        0x8 ./riscv_hal/riscv_hal_stubs.o
 .group         0x0000000000000000        0x8 ./riscv_hal/riscv_hal_stubs.o
 .group         0x0000000000000000        0x8 ./riscv_hal/riscv_hal_stubs.o
 .group         0x0000000000000000        0x8 ./riscv_hal/riscv_hal_stubs.o
 .group         0x0000000000000000        0x8 ./riscv_hal/riscv_hal_stubs.o
 .group         0x0000000000000000        0x8 ./riscv_hal/riscv_hal_stubs.o
 .group         0x0000000000000000        0x8 ./riscv_hal/riscv_hal_stubs.o
 .group         0x0000000000000000        0x8 ./riscv_hal/riscv_hal_stubs.o
 .group         0x0000000000000000        0x8 ./riscv_hal/riscv_hal_stubs.o
 .group         0x0000000000000000        0x8 ./riscv_hal/riscv_hal_stubs.o
 .group         0x0000000000000000        0x8 ./riscv_hal/riscv_hal_stubs.o
 .group         0x0000000000000000        0x8 ./riscv_hal/riscv_hal_stubs.o
 .group         0x0000000000000000        0x8 ./riscv_hal/riscv_hal_stubs.o
 .group         0x0000000000000000        0x8 ./riscv_hal/riscv_hal_stubs.o
 .group         0x0000000000000000        0x8 ./riscv_hal/riscv_hal_stubs.o
 .group         0x0000000000000000        0x8 ./riscv_hal/riscv_hal_stubs.o
 .group         0x0000000000000000        0x8 ./riscv_hal/riscv_hal_stubs.o
 .group         0x0000000000000000        0x8 ./riscv_hal/riscv_hal_stubs.o
 .group         0x0000000000000000        0x8 ./riscv_hal/riscv_hal_stubs.o
 .group         0x0000000000000000        0x8 ./riscv_hal/riscv_hal_stubs.o
 .group         0x0000000000000000        0x8 ./riscv_hal/riscv_hal_stubs.o
 .group         0x0000000000000000        0x8 ./riscv_hal/riscv_hal_stubs.o
 .group         0x0000000000000000        0x8 ./riscv_hal/riscv_hal_stubs.o
 .group         0x0000000000000000        0x8 ./riscv_hal/riscv_hal_stubs.o
 .group         0x0000000000000000        0x8 ./riscv_hal/riscv_hal_stubs.o
 .text          0x0000000000000000        0x0 ./riscv_hal/riscv_hal_stubs.o
 .data          0x0000000000000000        0x0 ./riscv_hal/riscv_hal_stubs.o
 .bss           0x0000000000000000        0x0 ./riscv_hal/riscv_hal_stubs.o
 .debug_macro   0x0000000000000000      0x742 ./riscv_hal/riscv_hal_stubs.o
 .debug_macro   0x0000000000000000       0x22 ./riscv_hal/riscv_hal_stubs.o
 .debug_macro   0x0000000000000000       0x4c ./riscv_hal/riscv_hal_stubs.o
 .debug_macro   0x0000000000000000       0x8d ./riscv_hal/riscv_hal_stubs.o
 .debug_macro   0x0000000000000000       0x34 ./riscv_hal/riscv_hal_stubs.o
 .debug_macro   0x0000000000000000       0x9c ./riscv_hal/riscv_hal_stubs.o
 .debug_macro   0x0000000000000000       0x57 ./riscv_hal/riscv_hal_stubs.o
 .debug_macro   0x0000000000000000      0x30d ./riscv_hal/riscv_hal_stubs.o
 .debug_macro   0x0000000000000000       0x10 ./riscv_hal/riscv_hal_stubs.o
 .debug_macro   0x0000000000000000       0x52 ./riscv_hal/riscv_hal_stubs.o
 .debug_macro   0x0000000000000000       0x1f ./riscv_hal/riscv_hal_stubs.o
 .debug_macro   0x0000000000000000       0x43 ./riscv_hal/riscv_hal_stubs.o
 .debug_macro   0x0000000000000000       0x20 ./riscv_hal/riscv_hal_stubs.o
 .debug_macro   0x0000000000000000       0x6a ./riscv_hal/riscv_hal_stubs.o
 .debug_macro   0x0000000000000000       0x1c ./riscv_hal/riscv_hal_stubs.o
 .debug_macro   0x0000000000000000       0x52 ./riscv_hal/riscv_hal_stubs.o
 .debug_macro   0x0000000000000000       0x40 ./riscv_hal/riscv_hal_stubs.o
 .debug_macro   0x0000000000000000       0x10 ./riscv_hal/riscv_hal_stubs.o
 .debug_macro   0x0000000000000000       0x40 ./riscv_hal/riscv_hal_stubs.o
 .debug_macro   0x0000000000000000       0xd7 ./riscv_hal/riscv_hal_stubs.o
 .debug_macro   0x0000000000000000       0x1c ./riscv_hal/riscv_hal_stubs.o
 .debug_macro   0x0000000000000000       0x3d ./riscv_hal/riscv_hal_stubs.o
 .debug_macro   0x0000000000000000      0x51a ./riscv_hal/riscv_hal_stubs.o
 .group         0x0000000000000000        0x8 ./riscv_hal/syscall.o
 .group         0x0000000000000000        0x8 ./riscv_hal/syscall.o
 .group         0x0000000000000000        0x8 ./riscv_hal/syscall.o
 .group         0x0000000000000000        0x8 ./riscv_hal/syscall.o
 .group         0x0000000000000000        0x8 ./riscv_hal/syscall.o
 .group         0x0000000000000000        0x8 ./riscv_hal/syscall.o
 .group         0x0000000000000000        0x8 ./riscv_hal/syscall.o
 .group         0x0000000000000000        0x8 ./riscv_hal/syscall.o
 .group         0x0000000000000000        0x8 ./riscv_hal/syscall.o
 .group         0x0000000000000000        0x8 ./riscv_hal/syscall.o
 .group         0x0000000000000000        0x8 ./riscv_hal/syscall.o
 .group         0x0000000000000000        0x8 ./riscv_hal/syscall.o
 .group         0x0000000000000000        0x8 ./riscv_hal/syscall.o
 .group         0x0000000000000000        0x8 ./riscv_hal/syscall.o
 .group         0x0000000000000000        0x8 ./riscv_hal/syscall.o
 .group         0x0000000000000000        0x8 ./riscv_hal/syscall.o
 .group         0x0000000000000000        0x8 ./riscv_hal/syscall.o
 .group         0x0000000000000000        0x8 ./riscv_hal/syscall.o
 .group         0x0000000000000000        0x8 ./riscv_hal/syscall.o
 .group         0x0000000000000000        0x8 ./riscv_hal/syscall.o
 .group         0x0000000000000000        0x8 ./riscv_hal/syscall.o
 .group         0x0000000000000000        0x8 ./riscv_hal/syscall.o
 .group         0x0000000000000000        0x8 ./riscv_hal/syscall.o
 .group         0x0000000000000000        0x8 ./riscv_hal/syscall.o
 .group         0x0000000000000000        0x8 ./riscv_hal/syscall.o
 .group         0x0000000000000000        0x8 ./riscv_hal/syscall.o
 .group         0x0000000000000000        0x8 ./riscv_hal/syscall.o
 .group         0x0000000000000000        0x8 ./riscv_hal/syscall.o
 .group         0x0000000000000000        0x8 ./riscv_hal/syscall.o
 .group         0x0000000000000000        0x8 ./riscv_hal/syscall.o
 .group         0x0000000000000000        0x8 ./riscv_hal/syscall.o
 .group         0x0000000000000000        0x8 ./riscv_hal/syscall.o
 .group         0x0000000000000000        0x8 ./riscv_hal/syscall.o
 .group         0x0000000000000000        0x8 ./riscv_hal/syscall.o
 .group         0x0000000000000000        0x8 ./riscv_hal/syscall.o
 .group         0x0000000000000000        0x8 ./riscv_hal/syscall.o
 .group         0x0000000000000000        0x8 ./riscv_hal/syscall.o
 .group         0x0000000000000000        0x8 ./riscv_hal/syscall.o
 .group         0x0000000000000000        0x8 ./riscv_hal/syscall.o
 .group         0x0000000000000000        0x8 ./riscv_hal/syscall.o
 .group         0x0000000000000000        0x8 ./riscv_hal/syscall.o
 .group         0x0000000000000000        0x8 ./riscv_hal/syscall.o
 .group         0x0000000000000000        0x8 ./riscv_hal/syscall.o
 .group         0x0000000000000000        0x8 ./riscv_hal/syscall.o
 .group         0x0000000000000000        0x8 ./riscv_hal/syscall.o
 .group         0x0000000000000000        0x8 ./riscv_hal/syscall.o
 .group         0x0000000000000000        0x8 ./riscv_hal/syscall.o
 .text          0x0000000000000000        0x0 ./riscv_hal/syscall.o
 .data          0x0000000000000000        0x0 ./riscv_hal/syscall.o
 .bss           0x0000000000000000        0x0 ./riscv_hal/syscall.o
 .sbss.__env    0x0000000000000000        0x4 ./riscv_hal/syscall.o
 .sdata.environ
                0x0000000000000000        0x4 ./riscv_hal/syscall.o
 .rodata        0x0000000000000000        0x3 ./riscv_hal/syscall.o
 .text.write_hex
                0x0000000000000000       0xf0 ./riscv_hal/syscall.o
 .sdata.curbrk.3484
                0x0000000000000000        0x4 ./riscv_hal/syscall.o
 .text._sbrk    0x0000000000000000       0x8c ./riscv_hal/syscall.o
 .text._isatty  0x0000000000000000       0x50 ./riscv_hal/syscall.o
 .text.stub     0x0000000000000000       0x30 ./riscv_hal/syscall.o
 .text._open    0x0000000000000000       0x40 ./riscv_hal/syscall.o
 .text._openat  0x0000000000000000       0x44 ./riscv_hal/syscall.o
 .text._close   0x0000000000000000       0x38 ./riscv_hal/syscall.o
 .text._execve  0x0000000000000000       0x40 ./riscv_hal/syscall.o
 .text._fork    0x0000000000000000       0x34 ./riscv_hal/syscall.o
 .text._fstat   0x0000000000000000       0x64 ./riscv_hal/syscall.o
 .text._getpid  0x0000000000000000       0x20 ./riscv_hal/syscall.o
 .text._kill    0x0000000000000000       0x3c ./riscv_hal/syscall.o
 .text._link    0x0000000000000000       0x3c ./riscv_hal/syscall.o
 .text._lseek   0x0000000000000000       0x5c ./riscv_hal/syscall.o
 .text._read    0x0000000000000000       0x40 ./riscv_hal/syscall.o
 .text._stat    0x0000000000000000       0x3c ./riscv_hal/syscall.o
 .text._times   0x0000000000000000       0x38 ./riscv_hal/syscall.o
 .text._unlink  0x0000000000000000       0x38 ./riscv_hal/syscall.o
 .text._wait    0x0000000000000000       0x38 ./riscv_hal/syscall.o
 .text._write   0x0000000000000000       0x40 ./riscv_hal/syscall.o
 .debug_macro   0x0000000000000000      0x742 ./riscv_hal/syscall.o
 .debug_macro   0x0000000000000000       0x22 ./riscv_hal/syscall.o
 .debug_macro   0x0000000000000000       0xef ./riscv_hal/syscall.o
 .debug_macro   0x0000000000000000       0x6a ./riscv_hal/syscall.o
 .debug_macro   0x0000000000000000      0x1df ./riscv_hal/syscall.o
 .debug_macro   0x0000000000000000       0x34 ./riscv_hal/syscall.o
 .debug_macro   0x0000000000000000       0x9c ./riscv_hal/syscall.o
 .debug_macro   0x0000000000000000       0x16 ./riscv_hal/syscall.o
 .debug_macro   0x0000000000000000      0x10e ./riscv_hal/syscall.o
 .debug_macro   0x0000000000000000       0x8d ./riscv_hal/syscall.o
 .debug_macro   0x0000000000000000       0x52 ./riscv_hal/syscall.o
 .debug_macro   0x0000000000000000       0x1f ./riscv_hal/syscall.o
 .debug_macro   0x0000000000000000       0x43 ./riscv_hal/syscall.o
 .debug_macro   0x0000000000000000       0x20 ./riscv_hal/syscall.o
 .debug_macro   0x0000000000000000      0x187 ./riscv_hal/syscall.o
 .debug_macro   0x0000000000000000      0x30d ./riscv_hal/syscall.o
 .debug_macro   0x0000000000000000       0x16 ./riscv_hal/syscall.o
 .debug_macro   0x0000000000000000       0x29 ./riscv_hal/syscall.o
 .debug_macro   0x0000000000000000       0x16 ./riscv_hal/syscall.o
 .debug_macro   0x0000000000000000       0x10 ./riscv_hal/syscall.o
 .debug_macro   0x0000000000000000       0x35 ./riscv_hal/syscall.o
 .debug_macro   0x0000000000000000       0x1c ./riscv_hal/syscall.o
 .debug_macro   0x0000000000000000       0x52 ./riscv_hal/syscall.o
 .debug_macro   0x0000000000000000       0x40 ./riscv_hal/syscall.o
 .debug_macro   0x0000000000000000       0x10 ./riscv_hal/syscall.o
 .debug_macro   0x0000000000000000       0x40 ./riscv_hal/syscall.o
 .debug_macro   0x0000000000000000       0xd7 ./riscv_hal/syscall.o
 .debug_macro   0x0000000000000000       0x1c ./riscv_hal/syscall.o
 .debug_macro   0x0000000000000000       0x3d ./riscv_hal/syscall.o
 .debug_macro   0x0000000000000000      0x51a ./riscv_hal/syscall.o
 .debug_macro   0x0000000000000000      0x2dc ./riscv_hal/syscall.o
 COMMON         0x0000000000000000        0x4 ./riscv_hal/syscall.o
 .group         0x0000000000000000        0x8 ./hal/hal_irq.o
 .group         0x0000000000000000        0x8 ./hal/hal_irq.o
 .group         0x0000000000000000        0x8 ./hal/hal_irq.o
 .group         0x0000000000000000        0x8 ./hal/hal_irq.o
 .group         0x0000000000000000        0x8 ./hal/hal_irq.o
 .group         0x0000000000000000        0x8 ./hal/hal_irq.o
 .group         0x0000000000000000        0x8 ./hal/hal_irq.o
 .group         0x0000000000000000        0x8 ./hal/hal_irq.o
 .group         0x0000000000000000        0x8 ./hal/hal_irq.o
 .group         0x0000000000000000        0x8 ./hal/hal_irq.o
 .group         0x0000000000000000        0x8 ./hal/hal_irq.o
 .text          0x0000000000000000        0x0 ./hal/hal_irq.o
 .data          0x0000000000000000        0x0 ./hal/hal_irq.o
 .bss           0x0000000000000000        0x0 ./hal/hal_irq.o
 .text.HAL_enable_interrupts
                0x0000000000000000       0x2c ./hal/hal_irq.o
 .text.HAL_disable_interrupts
                0x0000000000000000       0x40 ./hal/hal_irq.o
 .text.HAL_restore_interrupts
                0x0000000000000000       0x28 ./hal/hal_irq.o
 .debug_info    0x0000000000000000       0xf0 ./hal/hal_irq.o
 .debug_abbrev  0x0000000000000000       0xbe ./hal/hal_irq.o
 .debug_aranges
                0x0000000000000000       0x30 ./hal/hal_irq.o
 .debug_ranges  0x0000000000000000       0x20 ./hal/hal_irq.o
 .debug_macro   0x0000000000000000       0xad ./hal/hal_irq.o
 .debug_macro   0x0000000000000000      0x742 ./hal/hal_irq.o
 .debug_macro   0x0000000000000000       0x22 ./hal/hal_irq.o
 .debug_macro   0x0000000000000000       0x87 ./hal/hal_irq.o
 .debug_macro   0x0000000000000000       0x51 ./hal/hal_irq.o
 .debug_macro   0x0000000000000000       0xef ./hal/hal_irq.o
 .debug_macro   0x0000000000000000       0x6a ./hal/hal_irq.o
 .debug_macro   0x0000000000000000      0x1df ./hal/hal_irq.o
 .debug_macro   0x0000000000000000       0x64 ./hal/hal_irq.o
 .debug_macro   0x0000000000000000      0x2dc ./hal/hal_irq.o
 .debug_macro   0x0000000000000000       0x28 ./hal/hal_irq.o
 .debug_macro   0x0000000000000000       0x10 ./hal/hal_irq.o
 .debug_line    0x0000000000000000      0x31e ./hal/hal_irq.o
 .debug_str     0x0000000000000000     0x4add ./hal/hal_irq.o
 .comment       0x0000000000000000       0x59 ./hal/hal_irq.o
 .debug_frame   0x0000000000000000       0x78 ./hal/hal_irq.o
 .data          0x0000000000000000        0x0 ./hal/hw_reg_access.o
 .bss           0x0000000000000000        0x0 ./hal/hw_reg_access.o
 .group         0x0000000000000000        0x8 ./drivers/CoreUARTapb/core_uart_apb.o
 .group         0x0000000000000000        0x8 ./drivers/CoreUARTapb/core_uart_apb.o
 .group         0x0000000000000000        0x8 ./drivers/CoreUARTapb/core_uart_apb.o
 .group         0x0000000000000000        0x8 ./drivers/CoreUARTapb/core_uart_apb.o
 .group         0x0000000000000000        0x8 ./drivers/CoreUARTapb/core_uart_apb.o
 .group         0x0000000000000000        0x8 ./drivers/CoreUARTapb/core_uart_apb.o
 .group         0x0000000000000000        0x8 ./drivers/CoreUARTapb/core_uart_apb.o
 .group         0x0000000000000000        0x8 ./drivers/CoreUARTapb/core_uart_apb.o
 .group         0x0000000000000000        0x8 ./drivers/CoreUARTapb/core_uart_apb.o
 .group         0x0000000000000000        0x8 ./drivers/CoreUARTapb/core_uart_apb.o
 .group         0x0000000000000000        0x8 ./drivers/CoreUARTapb/core_uart_apb.o
 .text          0x0000000000000000        0x0 ./drivers/CoreUARTapb/core_uart_apb.o
 .data          0x0000000000000000        0x0 ./drivers/CoreUARTapb/core_uart_apb.o
 .bss           0x0000000000000000        0x0 ./drivers/CoreUARTapb/core_uart_apb.o
 .text.UART_send
                0x0000000000000000       0xbc ./drivers/CoreUARTapb/core_uart_apb.o
 .text.UART_fill_tx_fifo
                0x0000000000000000       0xe8 ./drivers/CoreUARTapb/core_uart_apb.o
 .text.UART_get_rx
                0x0000000000000000      0x13c ./drivers/CoreUARTapb/core_uart_apb.o
 .text.UART_get_rx_status
                0x0000000000000000       0x54 ./drivers/CoreUARTapb/core_uart_apb.o
 .debug_macro   0x0000000000000000      0x742 ./drivers/CoreUARTapb/core_uart_apb.o
 .debug_macro   0x0000000000000000       0x22 ./drivers/CoreUARTapb/core_uart_apb.o
 .debug_macro   0x0000000000000000       0x87 ./drivers/CoreUARTapb/core_uart_apb.o
 .debug_macro   0x0000000000000000       0x51 ./drivers/CoreUARTapb/core_uart_apb.o
 .debug_macro   0x0000000000000000       0xef ./drivers/CoreUARTapb/core_uart_apb.o
 .debug_macro   0x0000000000000000       0x6a ./drivers/CoreUARTapb/core_uart_apb.o
 .debug_macro   0x0000000000000000      0x1df ./drivers/CoreUARTapb/core_uart_apb.o
 .debug_macro   0x0000000000000000       0x64 ./drivers/CoreUARTapb/core_uart_apb.o
 .group         0x0000000000000000        0x8 ./drivers/CoreSPI/core_spi.o
 .group         0x0000000000000000        0x8 ./drivers/CoreSPI/core_spi.o
 .group         0x0000000000000000        0x8 ./drivers/CoreSPI/core_spi.o
 .group         0x0000000000000000        0x8 ./drivers/CoreSPI/core_spi.o
 .group         0x0000000000000000        0x8 ./drivers/CoreSPI/core_spi.o
 .group         0x0000000000000000        0x8 ./drivers/CoreSPI/core_spi.o
 .group         0x0000000000000000        0x8 ./drivers/CoreSPI/core_spi.o
 .group         0x0000000000000000        0x8 ./drivers/CoreSPI/core_spi.o
 .group         0x0000000000000000        0x8 ./drivers/CoreSPI/core_spi.o
 .group         0x0000000000000000        0x8 ./drivers/CoreSPI/core_spi.o
 .group         0x0000000000000000        0x8 ./drivers/CoreSPI/core_spi.o
 .group         0x0000000000000000        0x8 ./drivers/CoreSPI/core_spi.o
 .group         0x0000000000000000        0x8 ./drivers/CoreSPI/core_spi.o
 .group         0x0000000000000000        0x8 ./drivers/CoreSPI/core_spi.o
 .group         0x0000000000000000        0x8 ./drivers/CoreSPI/core_spi.o
 .group         0x0000000000000000        0x8 ./drivers/CoreSPI/core_spi.o
 .group         0x0000000000000000        0x8 ./drivers/CoreSPI/core_spi.o
 .group         0x0000000000000000        0x8 ./drivers/CoreSPI/core_spi.o
 .group         0x0000000000000000        0x8 ./drivers/CoreSPI/core_spi.o
 .group         0x0000000000000000        0x8 ./drivers/CoreSPI/core_spi.o
 .group         0x0000000000000000        0x8 ./drivers/CoreSPI/core_spi.o
 .group         0x0000000000000000        0x8 ./drivers/CoreSPI/core_spi.o
 .group         0x0000000000000000        0x8 ./drivers/CoreSPI/core_spi.o
 .text          0x0000000000000000        0x0 ./drivers/CoreSPI/core_spi.o
 .data          0x0000000000000000        0x0 ./drivers/CoreSPI/core_spi.o
 .bss           0x0000000000000000        0x0 ./drivers/CoreSPI/core_spi.o
 .text.SPI_init
                0x0000000000000000      0x13c ./drivers/CoreSPI/core_spi.o
 .text.SPI_configure_slave_mode
                0x0000000000000000       0xc4 ./drivers/CoreSPI/core_spi.o
 .text.SPI_configure_master_mode
                0x0000000000000000       0xc4 ./drivers/CoreSPI/core_spi.o
 .text.SPI_set_slave_select
                0x0000000000000000       0xf4 ./drivers/CoreSPI/core_spi.o
 .text.SPI_clear_slave_select
                0x0000000000000000       0xf8 ./drivers/CoreSPI/core_spi.o
 .text.SPI_transfer_frame
                0x0000000000000000       0xec ./drivers/CoreSPI/core_spi.o
 .text.SPI_transfer_block
                0x0000000000000000      0x628 ./drivers/CoreSPI/core_spi.o
 .text.SPI_set_frame_rx_handler
                0x0000000000000000      0x1cc ./drivers/CoreSPI/core_spi.o
 .text.SPI_set_slave_tx_frame
                0x0000000000000000      0x1d0 ./drivers/CoreSPI/core_spi.o
 .text.SPI_set_slave_block_buffers
                0x0000000000000000      0x2ac ./drivers/CoreSPI/core_spi.o
 .text.SPI_set_cmd_handler
                0x0000000000000000      0x100 ./drivers/CoreSPI/core_spi.o
 .text.SPI_set_cmd_response
                0x0000000000000000       0x74 ./drivers/CoreSPI/core_spi.o
 .text.SPI_enable
                0x0000000000000000       0x50 ./drivers/CoreSPI/core_spi.o
 .text.SPI_disable
                0x0000000000000000       0x50 ./drivers/CoreSPI/core_spi.o
 .text.SPI_isr  0x0000000000000000      0x774 ./drivers/CoreSPI/core_spi.o
 .text.fill_slave_tx_fifo
                0x0000000000000000      0x14c ./drivers/CoreSPI/core_spi.o
 .text.read_slave_rx_fifo
                0x0000000000000000      0x160 ./drivers/CoreSPI/core_spi.o
 .text.recover_from_rx_overflow
                0x0000000000000000       0xa0 ./drivers/CoreSPI/core_spi.o
 .debug_info    0x0000000000000000      0xfc4 ./drivers/CoreSPI/core_spi.o
 .debug_abbrev  0x0000000000000000      0x269 ./drivers/CoreSPI/core_spi.o
 .debug_aranges
                0x0000000000000000       0xa8 ./drivers/CoreSPI/core_spi.o
 .debug_ranges  0x0000000000000000       0x98 ./drivers/CoreSPI/core_spi.o
 .debug_macro   0x0000000000000000      0x1a8 ./drivers/CoreSPI/core_spi.o
 .debug_macro   0x0000000000000000      0x742 ./drivers/CoreSPI/core_spi.o
 .debug_macro   0x0000000000000000       0x22 ./drivers/CoreSPI/core_spi.o
 .debug_macro   0x0000000000000000       0x87 ./drivers/CoreSPI/core_spi.o
 .debug_macro   0x0000000000000000       0x51 ./drivers/CoreSPI/core_spi.o
 .debug_macro   0x0000000000000000       0xef ./drivers/CoreSPI/core_spi.o
 .debug_macro   0x0000000000000000       0x6a ./drivers/CoreSPI/core_spi.o
 .debug_macro   0x0000000000000000      0x1df ./drivers/CoreSPI/core_spi.o
 .debug_macro   0x0000000000000000       0x12 ./drivers/CoreSPI/core_spi.o
 .debug_macro   0x0000000000000000      0x3ec ./drivers/CoreSPI/core_spi.o
 .debug_macro   0x0000000000000000       0x64 ./drivers/CoreSPI/core_spi.o
 .debug_macro   0x0000000000000000       0x16 ./drivers/CoreSPI/core_spi.o
 .debug_macro   0x0000000000000000       0x52 ./drivers/CoreSPI/core_spi.o
 .debug_macro   0x0000000000000000       0x34 ./drivers/CoreSPI/core_spi.o
 .debug_macro   0x0000000000000000       0x9c ./drivers/CoreSPI/core_spi.o
 .debug_macro   0x0000000000000000      0x174 ./drivers/CoreSPI/core_spi.o
 .debug_macro   0x0000000000000000       0x52 ./drivers/CoreSPI/core_spi.o
 .debug_macro   0x0000000000000000       0x1f ./drivers/CoreSPI/core_spi.o
 .debug_macro   0x0000000000000000       0x43 ./drivers/CoreSPI/core_spi.o
 .debug_macro   0x0000000000000000       0x20 ./drivers/CoreSPI/core_spi.o
 .debug_macro   0x0000000000000000      0x187 ./drivers/CoreSPI/core_spi.o
 .debug_macro   0x0000000000000000      0x30d ./drivers/CoreSPI/core_spi.o
 .debug_macro   0x0000000000000000       0x10 ./drivers/CoreSPI/core_spi.o
 .debug_macro   0x0000000000000000       0x35 ./drivers/CoreSPI/core_spi.o
 .debug_line    0x0000000000000000      0xd2c ./drivers/CoreSPI/core_spi.o
 .debug_str     0x0000000000000000     0x7f41 ./drivers/CoreSPI/core_spi.o
 .comment       0x0000000000000000       0x59 ./drivers/CoreSPI/core_spi.o
 .debug_frame   0x0000000000000000      0x2b8 ./drivers/CoreSPI/core_spi.o
 .group         0x0000000000000000        0x8 ./drivers/CoreGPIO/core_gpio.o
 .group         0x0000000000000000        0x8 ./drivers/CoreGPIO/core_gpio.o
 .group         0x0000000000000000        0x8 ./drivers/CoreGPIO/core_gpio.o
 .group         0x0000000000000000        0x8 ./drivers/CoreGPIO/core_gpio.o
 .group         0x0000000000000000        0x8 ./drivers/CoreGPIO/core_gpio.o
 .group         0x0000000000000000        0x8 ./drivers/CoreGPIO/core_gpio.o
 .group         0x0000000000000000        0x8 ./drivers/CoreGPIO/core_gpio.o
 .group         0x0000000000000000        0x8 ./drivers/CoreGPIO/core_gpio.o
 .group         0x0000000000000000        0x8 ./drivers/CoreGPIO/core_gpio.o
 .group         0x0000000000000000        0x8 ./drivers/CoreGPIO/core_gpio.o
 .group         0x0000000000000000        0x8 ./drivers/CoreGPIO/core_gpio.o
 .text          0x0000000000000000        0x0 ./drivers/CoreGPIO/core_gpio.o
 .data          0x0000000000000000        0x0 ./drivers/CoreGPIO/core_gpio.o
 .bss           0x0000000000000000        0x0 ./drivers/CoreGPIO/core_gpio.o
 .text.GPIO_get_inputs
                0x0000000000000000      0x194 ./drivers/CoreGPIO/core_gpio.o
 .text.GPIO_get_outputs
                0x0000000000000000      0x194 ./drivers/CoreGPIO/core_gpio.o
 .text.GPIO_set_output
                0x0000000000000000      0x254 ./drivers/CoreGPIO/core_gpio.o
 .text.GPIO_drive_inout
                0x0000000000000000      0x168 ./drivers/CoreGPIO/core_gpio.o
 .text.GPIO_enable_irq
                0x0000000000000000       0x88 ./drivers/CoreGPIO/core_gpio.o
 .text.GPIO_disable_irq
                0x0000000000000000       0x88 ./drivers/CoreGPIO/core_gpio.o
 .text.GPIO_clear_irq
                0x0000000000000000      0x150 ./drivers/CoreGPIO/core_gpio.o
 .text.GPIO_get_irq_sources
                0x0000000000000000      0x194 ./drivers/CoreGPIO/core_gpio.o
 .text.GPIO_clear_all_irq_sources
                0x0000000000000000      0x148 ./drivers/CoreGPIO/core_gpio.o
 .debug_macro   0x0000000000000000      0x742 ./drivers/CoreGPIO/core_gpio.o
 .debug_macro   0x0000000000000000       0x22 ./drivers/CoreGPIO/core_gpio.o
 .debug_macro   0x0000000000000000       0x87 ./drivers/CoreGPIO/core_gpio.o
 .debug_macro   0x0000000000000000       0x51 ./drivers/CoreGPIO/core_gpio.o
 .debug_macro   0x0000000000000000       0xef ./drivers/CoreGPIO/core_gpio.o
 .debug_macro   0x0000000000000000       0x6a ./drivers/CoreGPIO/core_gpio.o
 .debug_macro   0x0000000000000000      0x1df ./drivers/CoreGPIO/core_gpio.o
 .debug_macro   0x0000000000000000       0x64 ./drivers/CoreGPIO/core_gpio.o
 .debug_macro   0x0000000000000000       0x16 ./drivers/CoreGPIO/core_gpio.o
 .group         0x0000000000000000        0x8 ./main.o
 .group         0x0000000000000000        0x8 ./main.o
 .group         0x0000000000000000        0x8 ./main.o
 .group         0x0000000000000000        0x8 ./main.o
 .group         0x0000000000000000        0x8 ./main.o
 .group         0x0000000000000000        0x8 ./main.o
 .group         0x0000000000000000        0x8 ./main.o
 .group         0x0000000000000000        0x8 ./main.o
 .group         0x0000000000000000        0x8 ./main.o
 .group         0x0000000000000000        0x8 ./main.o
 .group         0x0000000000000000        0x8 ./main.o
 .group         0x0000000000000000        0x8 ./main.o
 .group         0x0000000000000000        0x8 ./main.o
 .text          0x0000000000000000        0x0 ./main.o
 .data          0x0000000000000000        0x0 ./main.o
 .bss           0x0000000000000000        0x0 ./main.o
 .debug_macro   0x0000000000000000      0x742 ./main.o
 .debug_macro   0x0000000000000000       0x22 ./main.o
 .debug_macro   0x0000000000000000       0x87 ./main.o
 .debug_macro   0x0000000000000000       0x51 ./main.o
 .debug_macro   0x0000000000000000       0xef ./main.o
 .debug_macro   0x0000000000000000       0x6a ./main.o
 .debug_macro   0x0000000000000000      0x1df ./main.o
 .debug_macro   0x0000000000000000      0x2dc ./main.o
 .debug_macro   0x0000000000000000       0x28 ./main.o
 .debug_macro   0x0000000000000000       0x10 ./main.o
 .debug_macro   0x0000000000000000       0x40 ./main.o
 .text          0x0000000000000000       0xdc c:/microsemi/softconsole_v5.3/riscv-unknown-elf-gcc/bin/../lib/gcc/riscv64-unknown-elf/7.2.0/../../../../riscv64-unknown-elf/lib/rv32im/ilp32\libc.a(lib_a-memset.o)
 .data          0x0000000000000000        0x0 c:/microsemi/softconsole_v5.3/riscv-unknown-elf-gcc/bin/../lib/gcc/riscv64-unknown-elf/7.2.0/../../../../riscv64-unknown-elf/lib/rv32im/ilp32\libc.a(lib_a-memset.o)
 .bss           0x0000000000000000        0x0 c:/microsemi/softconsole_v5.3/riscv-unknown-elf-gcc/bin/../lib/gcc/riscv64-unknown-elf/7.2.0/../../../../riscv64-unknown-elf/lib/rv32im/ilp32\libc.a(lib_a-memset.o)
 .text          0x0000000000000000        0x0 c:/microsemi/softconsole_v5.3/riscv-unknown-elf-gcc/bin/../lib/gcc/riscv64-unknown-elf/7.2.0/../../../../riscv64-unknown-elf/lib/rv32im/ilp32\libc.a(lib_a-sysisatty.o)
 .data          0x0000000000000000        0x0 c:/microsemi/softconsole_v5.3/riscv-unknown-elf-gcc/bin/../lib/gcc/riscv64-unknown-elf/7.2.0/../../../../riscv64-unknown-elf/lib/rv32im/ilp32\libc.a(lib_a-sysisatty.o)
 .bss           0x0000000000000000        0x0 c:/microsemi/softconsole_v5.3/riscv-unknown-elf-gcc/bin/../lib/gcc/riscv64-unknown-elf/7.2.0/../../../../riscv64-unknown-elf/lib/rv32im/ilp32\libc.a(lib_a-sysisatty.o)
 .text.isatty   0x0000000000000000        0x8 c:/microsemi/softconsole_v5.3/riscv-unknown-elf-gcc/bin/../lib/gcc/riscv64-unknown-elf/7.2.0/../../../../riscv64-unknown-elf/lib/rv32im/ilp32\libc.a(lib_a-sysisatty.o)
 .debug_frame   0x0000000000000000       0x20 c:/microsemi/softconsole_v5.3/riscv-unknown-elf-gcc/bin/../lib/gcc/riscv64-unknown-elf/7.2.0/../../../../riscv64-unknown-elf/lib/rv32im/ilp32\libc.a(lib_a-sysisatty.o)
 .text          0x0000000000000000        0x0 c:/microsemi/softconsole_v5.3/riscv-unknown-elf-gcc/bin/../lib/gcc/riscv64-unknown-elf/7.2.0/../../../../riscv64-unknown-elf/lib/rv32im/ilp32\libc.a(lib_a-syswrite.o)
 .data          0x0000000000000000        0x0 c:/microsemi/softconsole_v5.3/riscv-unknown-elf-gcc/bin/../lib/gcc/riscv64-unknown-elf/7.2.0/../../../../riscv64-unknown-elf/lib/rv32im/ilp32\libc.a(lib_a-syswrite.o)
 .bss           0x0000000000000000        0x0 c:/microsemi/softconsole_v5.3/riscv-unknown-elf-gcc/bin/../lib/gcc/riscv64-unknown-elf/7.2.0/../../../../riscv64-unknown-elf/lib/rv32im/ilp32\libc.a(lib_a-syswrite.o)
 .text.write    0x0000000000000000       0x20 c:/microsemi/softconsole_v5.3/riscv-unknown-elf-gcc/bin/../lib/gcc/riscv64-unknown-elf/7.2.0/../../../../riscv64-unknown-elf/lib/rv32im/ilp32\libc.a(lib_a-syswrite.o)
 .debug_frame   0x0000000000000000       0x20 c:/microsemi/softconsole_v5.3/riscv-unknown-elf-gcc/bin/../lib/gcc/riscv64-unknown-elf/7.2.0/../../../../riscv64-unknown-elf/lib/rv32im/ilp32\libc.a(lib_a-syswrite.o)
 .text          0x0000000000000000        0x0 c:/microsemi/softconsole_v5.3/riscv-unknown-elf-gcc/bin/../lib/gcc/riscv64-unknown-elf/7.2.0/../../../../riscv64-unknown-elf/lib/rv32im/ilp32\libc.a(lib_a-writer.o)
 .data          0x0000000000000000        0x0 c:/microsemi/softconsole_v5.3/riscv-unknown-elf-gcc/bin/../lib/gcc/riscv64-unknown-elf/7.2.0/../../../../riscv64-unknown-elf/lib/rv32im/ilp32\libc.a(lib_a-writer.o)
 .bss           0x0000000000000000        0x0 c:/microsemi/softconsole_v5.3/riscv-unknown-elf-gcc/bin/../lib/gcc/riscv64-unknown-elf/7.2.0/../../../../riscv64-unknown-elf/lib/rv32im/ilp32\libc.a(lib_a-writer.o)
 .text._write_r
                0x0000000000000000       0x6c c:/microsemi/softconsole_v5.3/riscv-unknown-elf-gcc/bin/../lib/gcc/riscv64-unknown-elf/7.2.0/../../../../riscv64-unknown-elf/lib/rv32im/ilp32\libc.a(lib_a-writer.o)
 .debug_frame   0x0000000000000000       0x3c c:/microsemi/softconsole_v5.3/riscv-unknown-elf-gcc/bin/../lib/gcc/riscv64-unknown-elf/7.2.0/../../../../riscv64-unknown-elf/lib/rv32im/ilp32\libc.a(lib_a-writer.o)
 .text          0x0000000000000000        0x0 c:/microsemi/softconsole_v5.3/riscv-unknown-elf-gcc/bin/../lib/gcc/riscv64-unknown-elf/7.2.0/../../../../riscv64-unknown-elf/lib/rv32im/ilp32\libc.a(lib_a-impure.o)
 .data          0x0000000000000000        0x0 c:/microsemi/softconsole_v5.3/riscv-unknown-elf-gcc/bin/../lib/gcc/riscv64-unknown-elf/7.2.0/../../../../riscv64-unknown-elf/lib/rv32im/ilp32\libc.a(lib_a-impure.o)
 .bss           0x0000000000000000        0x0 c:/microsemi/softconsole_v5.3/riscv-unknown-elf-gcc/bin/../lib/gcc/riscv64-unknown-elf/7.2.0/../../../../riscv64-unknown-elf/lib/rv32im/ilp32\libc.a(lib_a-impure.o)
 .data.impure_data
                0x0000000000000000      0x428 c:/microsemi/softconsole_v5.3/riscv-unknown-elf-gcc/bin/../lib/gcc/riscv64-unknown-elf/7.2.0/../../../../riscv64-unknown-elf/lib/rv32im/ilp32\libc.a(lib_a-impure.o)
 .sdata._global_impure_ptr
                0x0000000000000000        0x4 c:/microsemi/softconsole_v5.3/riscv-unknown-elf-gcc/bin/../lib/gcc/riscv64-unknown-elf/7.2.0/../../../../riscv64-unknown-elf/lib/rv32im/ilp32\libc.a(lib_a-impure.o)
 .sdata._impure_ptr
                0x0000000000000000        0x4 c:/microsemi/softconsole_v5.3/riscv-unknown-elf-gcc/bin/../lib/gcc/riscv64-unknown-elf/7.2.0/../../../../riscv64-unknown-elf/lib/rv32im/ilp32\libc.a(lib_a-impure.o)

Memory Configuration

Name             Origin             Length             Attributes
ram              0x0000000080000000 0x0000000000010000 xrw
*default*        0x0000000000000000 0xffffffffffffffff

Linker script and memory map

LOAD ./riscv_hal/entry.o
LOAD ./riscv_hal/init.o
LOAD ./riscv_hal/riscv_hal.o
LOAD ./riscv_hal/riscv_hal_stubs.o
LOAD ./riscv_hal/syscall.o
LOAD ./hal/hal_irq.o
LOAD ./hal/hw_reg_access.o
LOAD ./drivers/CoreUARTapb/core_uart_apb.o
LOAD ./drivers/CoreSPI/core_spi.o
LOAD ./drivers/CoreGPIO/core_gpio.o
LOAD ./main.o
LOAD c:/microsemi/softconsole_v5.3/riscv-unknown-elf-gcc/bin/../lib/gcc/riscv64-unknown-elf/7.2.0/rv32im/ilp32\libgcc.a
START GROUP
LOAD c:/microsemi/softconsole_v5.3/riscv-unknown-elf-gcc/bin/../lib/gcc/riscv64-unknown-elf/7.2.0/../../../../riscv64-unknown-elf/lib/rv32im/ilp32\libc.a
LOAD c:/microsemi/softconsole_v5.3/riscv-unknown-elf-gcc/bin/../lib/gcc/riscv64-unknown-elf/7.2.0/../../../../riscv64-unknown-elf/lib/rv32im/ilp32\libgloss.a
END GROUP
LOAD c:/microsemi/softconsole_v5.3/riscv-unknown-elf-gcc/bin/../lib/gcc/riscv64-unknown-elf/7.2.0/rv32im/ilp32\libgcc.a
                0x0000000080000000                RAM_START_ADDRESS = 0x80000000
                0x0000000000010000                RAM_SIZE = 0x10000
                0x0000000000000800                STACK_SIZE = 0x800
                0x0000000000000800                HEAP_SIZE = 0x800

.text           0x0000000080000000     0x1160
 *(SORT(.text.entry))
 .text.entry    0x0000000080000000      0x160 ./riscv_hal/entry.o
                0x0000000080000000                _start
                0x0000000080000160                . = ALIGN (0x10)
 *(.text .text.* .gnu.linkonce.t.*)
 .text.copy_section
                0x0000000080000160       0x60 ./riscv_hal/init.o
 .text.zero_section
                0x00000000800001c0       0x50 ./riscv_hal/init.o
 .text._init    0x0000000080000210       0x9c ./riscv_hal/init.o
                0x0000000080000210                _init
 .text._fini    0x00000000800002ac       0x1c ./riscv_hal/init.o
                0x00000000800002ac                _fini
 .text.PLIC_DisableIRQ
                0x00000000800002c8       0xb8 ./riscv_hal/riscv_hal.o
 .text.PLIC_ClaimIRQ
                0x0000000080000380       0x44 ./riscv_hal/riscv_hal.o
 .text.PLIC_CompleteIRQ
                0x00000000800003c4       0x4c ./riscv_hal/riscv_hal.o
 .text.handle_m_timer_interrupt
                0x0000000080000410       0xa8 ./riscv_hal/riscv_hal.o
 .text.handle_m_ext_interrupt
                0x00000000800004b8       0x70 ./riscv_hal/riscv_hal.o
 .text.handle_m_soft_interrupt
                0x0000000080000528       0x30 ./riscv_hal/riscv_hal.o
 .text.handle_trap
                0x0000000080000558       0xfc ./riscv_hal/riscv_hal.o
                0x0000000080000558                handle_trap
 .text.Software_IRQHandler
                0x0000000080000654       0x18 ./riscv_hal/riscv_hal_stubs.o
                0x0000000080000654                Software_IRQHandler
 .text.SysTick_Handler
                0x000000008000066c       0x1c ./riscv_hal/riscv_hal_stubs.o
                0x000000008000066c                SysTick_Handler
 .text.Invalid_IRQHandler
                0x0000000080000688       0x20 ./riscv_hal/riscv_hal_stubs.o
                0x0000000080000688                Invalid_IRQHandler
 .text.External_1_IRQHandler
                0x00000000800006a8       0x20 ./riscv_hal/riscv_hal_stubs.o
                0x00000000800006a8                External_1_IRQHandler
 .text.External_2_IRQHandler
                0x00000000800006c8       0x20 ./riscv_hal/riscv_hal_stubs.o
                0x00000000800006c8                External_2_IRQHandler
 .text.External_3_IRQHandler
                0x00000000800006e8       0x20 ./riscv_hal/riscv_hal_stubs.o
                0x00000000800006e8                External_3_IRQHandler
 .text.External_4_IRQHandler
                0x0000000080000708       0x20 ./riscv_hal/riscv_hal_stubs.o
                0x0000000080000708                External_4_IRQHandler
 .text.External_5_IRQHandler
                0x0000000080000728       0x20 ./riscv_hal/riscv_hal_stubs.o
                0x0000000080000728                External_5_IRQHandler
 .text.External_6_IRQHandler
                0x0000000080000748       0x20 ./riscv_hal/riscv_hal_stubs.o
                0x0000000080000748                External_6_IRQHandler
 .text.External_7_IRQHandler
                0x0000000080000768       0x20 ./riscv_hal/riscv_hal_stubs.o
                0x0000000080000768                External_7_IRQHandler
 .text.External_8_IRQHandler
                0x0000000080000788       0x20 ./riscv_hal/riscv_hal_stubs.o
                0x0000000080000788                External_8_IRQHandler
 .text.External_9_IRQHandler
                0x00000000800007a8       0x20 ./riscv_hal/riscv_hal_stubs.o
                0x00000000800007a8                External_9_IRQHandler
 .text.External_10_IRQHandler
                0x00000000800007c8       0x20 ./riscv_hal/riscv_hal_stubs.o
                0x00000000800007c8                External_10_IRQHandler
 .text.External_11_IRQHandler
                0x00000000800007e8       0x20 ./riscv_hal/riscv_hal_stubs.o
                0x00000000800007e8                External_11_IRQHandler
 .text.External_12_IRQHandler
                0x0000000080000808       0x20 ./riscv_hal/riscv_hal_stubs.o
                0x0000000080000808                External_12_IRQHandler
 .text.External_13_IRQHandler
                0x0000000080000828       0x20 ./riscv_hal/riscv_hal_stubs.o
                0x0000000080000828                External_13_IRQHandler
 .text.External_14_IRQHandler
                0x0000000080000848       0x20 ./riscv_hal/riscv_hal_stubs.o
                0x0000000080000848                External_14_IRQHandler
 .text.External_15_IRQHandler
                0x0000000080000868       0x20 ./riscv_hal/riscv_hal_stubs.o
                0x0000000080000868                External_15_IRQHandler
 .text.External_16_IRQHandler
                0x0000000080000888       0x20 ./riscv_hal/riscv_hal_stubs.o
                0x0000000080000888                External_16_IRQHandler
 .text.External_17_IRQHandler
                0x00000000800008a8       0x20 ./riscv_hal/riscv_hal_stubs.o
                0x00000000800008a8                External_17_IRQHandler
 .text.External_18_IRQHandler
                0x00000000800008c8       0x20 ./riscv_hal/riscv_hal_stubs.o
                0x00000000800008c8                External_18_IRQHandler
 .text.External_19_IRQHandler
                0x00000000800008e8       0x20 ./riscv_hal/riscv_hal_stubs.o
                0x00000000800008e8                External_19_IRQHandler
 .text.External_20_IRQHandler
                0x0000000080000908       0x20 ./riscv_hal/riscv_hal_stubs.o
                0x0000000080000908                External_20_IRQHandler
 .text.External_21_IRQHandler
                0x0000000080000928       0x20 ./riscv_hal/riscv_hal_stubs.o
                0x0000000080000928                External_21_IRQHandler
 .text.External_22_IRQHandler
                0x0000000080000948       0x20 ./riscv_hal/riscv_hal_stubs.o
                0x0000000080000948                External_22_IRQHandler
 .text.External_23_IRQHandler
                0x0000000080000968       0x20 ./riscv_hal/riscv_hal_stubs.o
                0x0000000080000968                External_23_IRQHandler
 .text.External_24_IRQHandler
                0x0000000080000988       0x20 ./riscv_hal/riscv_hal_stubs.o
                0x0000000080000988                External_24_IRQHandler
 .text.External_25_IRQHandler
                0x00000000800009a8       0x20 ./riscv_hal/riscv_hal_stubs.o
                0x00000000800009a8                External_25_IRQHandler
 .text.External_26_IRQHandler
                0x00000000800009c8       0x20 ./riscv_hal/riscv_hal_stubs.o
                0x00000000800009c8                External_26_IRQHandler
 .text.External_27_IRQHandler
                0x00000000800009e8       0x20 ./riscv_hal/riscv_hal_stubs.o
                0x00000000800009e8                External_27_IRQHandler
 .text.External_28_IRQHandler
                0x0000000080000a08       0x20 ./riscv_hal/riscv_hal_stubs.o
                0x0000000080000a08                External_28_IRQHandler
 .text.External_29_IRQHandler
                0x0000000080000a28       0x20 ./riscv_hal/riscv_hal_stubs.o
                0x0000000080000a28                External_29_IRQHandler
 .text.External_30_IRQHandler
                0x0000000080000a48       0x20 ./riscv_hal/riscv_hal_stubs.o
                0x0000000080000a48                External_30_IRQHandler
 .text.External_31_IRQHandler
                0x0000000080000a68       0x20 ./riscv_hal/riscv_hal_stubs.o
                0x0000000080000a68                External_31_IRQHandler
 .text._exit    0x0000000080000a88       0x14 ./riscv_hal/syscall.o
                0x0000000080000a88                _exit
 .text          0x0000000080000a9c       0xd8 ./hal/hw_reg_access.o
                0x0000000080000a9c                HW_set_32bit_reg
                0x0000000080000aa4                HW_get_32bit_reg
                0x0000000080000aac                HW_set_32bit_reg_field
                0x0000000080000ad4                HW_get_32bit_reg_field
                0x0000000080000ae4                HW_set_16bit_reg
                0x0000000080000aec                HW_get_16bit_reg
                0x0000000080000af4                HW_set_16bit_reg_field
                0x0000000080000b1c                HW_get_16bit_reg_field
                0x0000000080000b2c                HW_set_8bit_reg
                0x0000000080000b34                HW_get_8bit_reg
                0x0000000080000b3c                HW_set_8bit_reg_field
                0x0000000080000b64                HW_get_8bit_reg_field
 .text.UART_init
                0x0000000080000b74      0x118 ./drivers/CoreUARTapb/core_uart_apb.o
                0x0000000080000b74                UART_init
 .text.UART_polled_tx_string
                0x0000000080000c8c       0xb0 ./drivers/CoreUARTapb/core_uart_apb.o
                0x0000000080000c8c                UART_polled_tx_string
 .text.GPIO_init
                0x0000000080000d3c      0x174 ./drivers/CoreGPIO/core_gpio.o
                0x0000000080000d3c                GPIO_init
 .text.GPIO_config
                0x0000000080000eb0       0x68 ./drivers/CoreGPIO/core_gpio.o
                0x0000000080000eb0                GPIO_config
 .text.GPIO_set_outputs
                0x0000000080000f18      0x14c ./drivers/CoreGPIO/core_gpio.o
                0x0000000080000f18                GPIO_set_outputs
 .text.main     0x0000000080001064       0xe4 ./main.o
                0x0000000080001064                main
 *(.plt)
                0x0000000080001150                . = ALIGN (0x10)
 *fill*         0x0000000080001148        0x8 
 *crtbegin.o(.ctors)
 *(EXCLUDE_FILE(*crtend.o) .ctors)
 *(SORT(.ctors.*))
 *crtend.o(.ctors)
 *crtbegin.o(.dtors)
 *(EXCLUDE_FILE(*crtend.o) .dtors)
 *(SORT(.dtors.*))
 *crtend.o(.dtors)
 *(.rodata .rodata.* .gnu.linkonce.r.*)
 .rodata        0x0000000080001150        0x6 ./riscv_hal/init.o
 *(.gcc_except_table)
 *(.eh_frame_hdr)
 *(.eh_frame)
 *(.init)
 *(.fini)
                [!provide]                        PROVIDE (__preinit_array_start, .)
 *(.preinit_array)
                [!provide]                        PROVIDE (__preinit_array_end, .)
                [!provide]                        PROVIDE (__init_array_start, .)
 *(SORT(.init_array.*))
 *(.init_array)
                [!provide]                        PROVIDE (__init_array_end, .)
                [!provide]                        PROVIDE (__fini_array_start, .)
 *(.fini_array)
 *(SORT(.fini_array.*))
                [!provide]                        PROVIDE (__fini_array_end, .)
                0x0000000080001160                . = ALIGN (0x10)
 *fill*         0x0000000080001156        0xa 

.rela.dyn       0x0000000080001160        0x0
 .rela.text.entry
                0x0000000080001160        0x0 ./riscv_hal/entry.o
 .rela.text._init
                0x0000000080001160        0x0 ./riscv_hal/entry.o
 .rela.text.handle_m_timer_interrupt
                0x0000000080001160        0x0 ./riscv_hal/entry.o
 .rela.data.ext_irq_handler_table
                0x0000000080001160        0x0 ./riscv_hal/entry.o
 .rela.text.handle_m_soft_interrupt
                0x0000000080001160        0x0 ./riscv_hal/entry.o
 .rela.text.Software_IRQHandler
                0x0000000080001160        0x0 ./riscv_hal/entry.o
 .rela.text.write_hex
                0x0000000080001160        0x0 ./riscv_hal/entry.o
 .rela.sdata.curbrk.3484
                0x0000000080001160        0x0 ./riscv_hal/entry.o
 .rela.text._sbrk
                0x0000000080001160        0x0 ./riscv_hal/entry.o
 .rela.text._isatty
                0x0000000080001160        0x0 ./riscv_hal/entry.o
 .rela.text.stub
                0x0000000080001160        0x0 ./riscv_hal/entry.o
 .rela.text._fstat
                0x0000000080001160        0x0 ./riscv_hal/entry.o
 .rela.text.SPI_init
                0x0000000080001160        0x0 ./riscv_hal/entry.o
 .rela.text.main
                0x0000000080001160        0x0 ./riscv_hal/entry.o
 .rela.text.write
                0x0000000080001160        0x0 ./riscv_hal/entry.o
 .rela.text._write_r
                0x0000000080001160        0x0 ./riscv_hal/entry.o

.sdata          0x0000000080001160        0x0
                0x0000000080001160                __sdata_load = LOADADDR (.sdata)
                0x0000000080001160                __sdata_start = .
                0x0000000080001960                PROVIDE (__global_pointer$, (. + 0x800))
 *(.srodata.cst16)
 *(.srodata.cst8)
 *(.srodata.cst4)
 *(.srodata.cst2)
 *(.srodata*)
 *(.sdata .sdata.* .gnu.linkonce.s.*)
                0x0000000080001160                . = ALIGN (0x10)
                0x0000000080001160                __sdata_end = .

.data           0x0000000080001160       0xb0
                0x0000000080001160                __data_load = LOADADDR (.data)
                0x0000000080001160                __data_start = .
 *(.got.plt)
 *(.got)
 *(.shdata)
 *(.data .data.* .gnu.linkonce.d.*)
 .data.ext_irq_handler_table
                0x0000000080001160       0x80 ./riscv_hal/riscv_hal.o
                0x0000000080001160                ext_irq_handler_table
 .data.testmsg  0x00000000800011e0       0x12 ./main.o
                0x00000000800011e0                testmsg
 *fill*         0x00000000800011f2        0x2 
 .data.testmsg2
                0x00000000800011f4       0x14 ./main.o
                0x00000000800011f4                testmsg2
                0x0000000080001210                . = ALIGN (0x10)
 *fill*         0x0000000080001208        0x8 
                0x0000000080001210                __data_end = .

.sbss           0x0000000080001210       0x10
                0x0000000080001210                __sbss_start = .
 *(.sbss .sbss.* .gnu.linkonce.sb.*)
 .sbss.g_systick_increment
                0x0000000080001210        0x8 ./riscv_hal/riscv_hal.o
 *(.scommon)
                0x0000000080001220                . = ALIGN (0x10)
 *fill*         0x0000000080001218        0x8 
                0x0000000080001220                __sbss_end = .

.bss            0x0000000080001220       0x10
                0x0000000080001220                __bss_start = .
 *(.shbss)
 *(.bss .bss.* .gnu.linkonce.b.*)
 *(COMMON)
 COMMON         0x0000000080001220       0x10 ./main.o
                0x0000000080001220                g_gpio_out
                0x0000000080001228                g_uart
                0x0000000080001230                . = ALIGN (0x10)
                0x0000000080001230                __bss_end = .
                0x0000000080001230                _end = .

.heap           0x0000000080001230      0x800
                0x0000000080001230                __heap_start = .
                0x0000000080001a30                . = (. + HEAP_SIZE)
 *fill*         0x0000000080001230      0x800 
                0x0000000080001a30                __heap_end = .
                0x0000000080001a30                . = ALIGN (0x10)
                0x0000000080001a30                _heap_end = __heap_end

.stack          0x0000000080001a30      0x800
                0x0000000080001a30                __stack_bottom = .
                0x0000000080002230                . = (. + STACK_SIZE)
 *fill*         0x0000000080001a30      0x800 
                0x0000000080002230                __stack_top = .
OUTPUT(MiV_uart_blinky.elf elf32-littleriscv)

.debug_line     0x0000000000000000     0x2cc8
 .debug_line    0x0000000000000000      0x237 ./riscv_hal/entry.o
 .debug_line    0x0000000000000237      0x404 ./riscv_hal/init.o
 .debug_line    0x000000000000063b      0x58f ./riscv_hal/riscv_hal.o
 .debug_line    0x0000000000000bca      0x6b5 ./riscv_hal/riscv_hal_stubs.o
 .debug_line    0x000000000000127f      0x6e4 ./riscv_hal/syscall.o
 .debug_line    0x0000000000001963      0x185 ./hal/hw_reg_access.o
 .debug_line    0x0000000000001ae8      0x53b ./drivers/CoreUARTapb/core_uart_apb.o
 .debug_line    0x0000000000002023      0x7da ./drivers/CoreGPIO/core_gpio.o
 .debug_line    0x00000000000027fd      0x4cb ./main.o

.debug_info     0x0000000000000000     0x3a72
 .debug_info    0x0000000000000000       0x26 ./riscv_hal/entry.o
 .debug_info    0x0000000000000026      0xa5f ./riscv_hal/init.o
 .debug_info    0x0000000000000a85      0xfe7 ./riscv_hal/riscv_hal.o
 .debug_info    0x0000000000001a6c      0x3a4 ./riscv_hal/riscv_hal_stubs.o
 .debug_info    0x0000000000001e10     0x1069 ./riscv_hal/syscall.o
 .debug_info    0x0000000000002e79       0x26 ./hal/hw_reg_access.o
 .debug_info    0x0000000000002e9f      0x31f ./drivers/CoreUARTapb/core_uart_apb.o
 .debug_info    0x00000000000031be      0x5f9 ./drivers/CoreGPIO/core_gpio.o
 .debug_info    0x00000000000037b7      0x2bb ./main.o

.debug_abbrev   0x0000000000000000      0xbda
 .debug_abbrev  0x0000000000000000       0x14 ./riscv_hal/entry.o
 .debug_abbrev  0x0000000000000014      0x232 ./riscv_hal/init.o
 .debug_abbrev  0x0000000000000246      0x2ec ./riscv_hal/riscv_hal.o
 .debug_abbrev  0x0000000000000532       0x9e ./riscv_hal/riscv_hal_stubs.o
 .debug_abbrev  0x00000000000005d0      0x2b8 ./riscv_hal/syscall.o
 .debug_abbrev  0x0000000000000888       0x14 ./hal/hw_reg_access.o
 .debug_abbrev  0x000000000000089c      0x10c ./drivers/CoreUARTapb/core_uart_apb.o
 .debug_abbrev  0x00000000000009a8      0x160 ./drivers/CoreGPIO/core_gpio.o
 .debug_abbrev  0x0000000000000b08       0xd2 ./main.o

.debug_aranges  0x0000000000000000      0x3a8
 .debug_aranges
                0x0000000000000000       0x20 ./riscv_hal/entry.o
 .debug_aranges
                0x0000000000000020       0x38 ./riscv_hal/init.o
 .debug_aranges
                0x0000000000000058       0x68 ./riscv_hal/riscv_hal.o
 .debug_aranges
                0x00000000000000c0      0x128 ./riscv_hal/riscv_hal_stubs.o
 .debug_aranges
                0x00000000000001e8       0xc0 ./riscv_hal/syscall.o
 .debug_aranges
                0x00000000000002a8       0x20 ./hal/hw_reg_access.o
 .debug_aranges
                0x00000000000002c8       0x48 ./drivers/CoreUARTapb/core_uart_apb.o
 .debug_aranges
                0x0000000000000310       0x78 ./drivers/CoreGPIO/core_gpio.o
 .debug_aranges
                0x0000000000000388       0x20 ./main.o

.debug_str      0x0000000000000000     0xc1ac
 .debug_str     0x0000000000000000       0x8f ./riscv_hal/entry.o
 .debug_str     0x000000000000008f     0x8acc ./riscv_hal/init.o
                                       0x8d9a (size before relaxing)
 .debug_str     0x0000000000008b5b      0x543 ./riscv_hal/riscv_hal.o
                                       0x9248 (size before relaxing)
 .debug_str     0x000000000000909e      0x316 ./riscv_hal/riscv_hal_stubs.o
                                       0x6606 (size before relaxing)
 .debug_str     0x00000000000093b4     0x12f4 ./riscv_hal/syscall.o
                                       0xa04b (size before relaxing)
 .debug_str     0x000000000000a6a8       0x17 ./hal/hw_reg_access.o
                                         0x91 (size before relaxing)
 .debug_str     0x000000000000a6bf      0xf72 ./drivers/CoreUARTapb/core_uart_apb.o
                                       0x4334 (size before relaxing)
 .debug_str     0x000000000000b631      0x9ce ./drivers/CoreGPIO/core_gpio.o
                                       0x4547 (size before relaxing)
 .debug_str     0x000000000000bfff      0x1ad ./main.o
                                       0x4c7e (size before relaxing)

.debug_ranges   0x0000000000000000      0x2f8
 .debug_ranges  0x0000000000000000       0x28 ./riscv_hal/init.o
 .debug_ranges  0x0000000000000028       0x58 ./riscv_hal/riscv_hal.o
 .debug_ranges  0x0000000000000080      0x118 ./riscv_hal/riscv_hal_stubs.o
 .debug_ranges  0x0000000000000198       0xb0 ./riscv_hal/syscall.o
 .debug_ranges  0x0000000000000248       0x38 ./drivers/CoreUARTapb/core_uart_apb.o
 .debug_ranges  0x0000000000000280       0x68 ./drivers/CoreGPIO/core_gpio.o
 .debug_ranges  0x00000000000002e8       0x10 ./main.o

.debug_macro    0x0000000000000000     0x35bc
 .debug_macro   0x0000000000000000      0x1d7 ./riscv_hal/init.o
 .debug_macro   0x00000000000001d7      0x742 ./riscv_hal/init.o
 .debug_macro   0x0000000000000919       0x22 ./riscv_hal/init.o
 .debug_macro   0x000000000000093b       0x4c ./riscv_hal/init.o
 .debug_macro   0x0000000000000987       0x8d ./riscv_hal/init.o
 .debug_macro   0x0000000000000a14       0x34 ./riscv_hal/init.o
 .debug_macro   0x0000000000000a48       0x9c ./riscv_hal/init.o
 .debug_macro   0x0000000000000ae4       0x16 ./riscv_hal/init.o
 .debug_macro   0x0000000000000afa      0x10e ./riscv_hal/init.o
 .debug_macro   0x0000000000000c08       0x8d ./riscv_hal/init.o
 .debug_macro   0x0000000000000c95       0x57 ./riscv_hal/init.o
 .debug_macro   0x0000000000000cec       0x52 ./riscv_hal/init.o
 .debug_macro   0x0000000000000d3e       0x1f ./riscv_hal/init.o
 .debug_macro   0x0000000000000d5d       0x43 ./riscv_hal/init.o
 .debug_macro   0x0000000000000da0       0x20 ./riscv_hal/init.o
 .debug_macro   0x0000000000000dc0      0x187 ./riscv_hal/init.o
 .debug_macro   0x0000000000000f47      0x30d ./riscv_hal/init.o
 .debug_macro   0x0000000000001254       0x16 ./riscv_hal/init.o
 .debug_macro   0x000000000000126a       0x29 ./riscv_hal/init.o
 .debug_macro   0x0000000000001293       0xef ./riscv_hal/init.o
 .debug_macro   0x0000000000001382       0x6a ./riscv_hal/init.o
 .debug_macro   0x00000000000013ec      0x1df ./riscv_hal/init.o
 .debug_macro   0x00000000000015cb       0x16 ./riscv_hal/init.o
 .debug_macro   0x00000000000015e1       0x10 ./riscv_hal/init.o
 .debug_macro   0x00000000000015f1       0x35 ./riscv_hal/init.o
 .debug_macro   0x0000000000001626       0x1c ./riscv_hal/init.o
 .debug_macro   0x0000000000001642       0x52 ./riscv_hal/init.o
 .debug_macro   0x0000000000001694       0x40 ./riscv_hal/init.o
 .debug_macro   0x00000000000016d4       0x10 ./riscv_hal/init.o
 .debug_macro   0x00000000000016e4       0x40 ./riscv_hal/init.o
 .debug_macro   0x0000000000001724       0xd7 ./riscv_hal/init.o
 .debug_macro   0x00000000000017fb       0x1c ./riscv_hal/init.o
 .debug_macro   0x0000000000001817       0x3d ./riscv_hal/init.o
 .debug_macro   0x0000000000001854      0x51a ./riscv_hal/init.o
 .debug_macro   0x0000000000001d6e      0x2dc ./riscv_hal/init.o
 .debug_macro   0x000000000000204a      0x207 ./riscv_hal/riscv_hal.o
 .debug_macro   0x0000000000002251       0x28 ./riscv_hal/riscv_hal.o
 .debug_macro   0x0000000000002279       0x10 ./riscv_hal/riscv_hal.o
 .debug_macro   0x0000000000002289      0x167 ./riscv_hal/riscv_hal_stubs.o
 .debug_macro   0x00000000000023f0       0x10 ./riscv_hal/riscv_hal_stubs.o
 .debug_macro   0x0000000000002400       0xcf ./riscv_hal/riscv_hal_stubs.o
 .debug_macro   0x00000000000024cf       0xbe ./riscv_hal/riscv_hal_stubs.o
 .debug_macro   0x000000000000258d      0x292 ./riscv_hal/syscall.o
 .debug_macro   0x000000000000281f       0x87 ./riscv_hal/syscall.o
 .debug_macro   0x00000000000028a6       0x51 ./riscv_hal/syscall.o
 .debug_macro   0x00000000000028f7       0x52 ./riscv_hal/syscall.o
 .debug_macro   0x0000000000002949       0x10 ./riscv_hal/syscall.o
 .debug_macro   0x0000000000002959      0x241 ./riscv_hal/syscall.o
 .debug_macro   0x0000000000002b9a       0x16 ./riscv_hal/syscall.o
 .debug_macro   0x0000000000002bb0       0x10 ./riscv_hal/syscall.o
 .debug_macro   0x0000000000002bc0       0x10 ./riscv_hal/syscall.o
 .debug_macro   0x0000000000002bd0       0x35 ./riscv_hal/syscall.o
 .debug_macro   0x0000000000002c05      0x122 ./riscv_hal/syscall.o
 .debug_macro   0x0000000000002d27       0x1c ./riscv_hal/syscall.o
 .debug_macro   0x0000000000002d43       0x10 ./riscv_hal/syscall.o
 .debug_macro   0x0000000000002d53       0x10 ./riscv_hal/syscall.o
 .debug_macro   0x0000000000002d63       0x16 ./riscv_hal/syscall.o
 .debug_macro   0x0000000000002d79      0x176 ./riscv_hal/syscall.o
 .debug_macro   0x0000000000002eef       0x16 ./riscv_hal/syscall.o
 .debug_macro   0x0000000000002f05       0xe1 ./drivers/CoreUARTapb/core_uart_apb.o
 .debug_macro   0x0000000000002fe6      0x106 ./drivers/CoreUARTapb/core_uart_apb.o
 .debug_macro   0x00000000000030ec       0x40 ./drivers/CoreUARTapb/core_uart_apb.o
 .debug_macro   0x000000000000312c       0x16 ./drivers/CoreUARTapb/core_uart_apb.o
 .debug_macro   0x0000000000003142       0xcf ./drivers/CoreGPIO/core_gpio.o
 .debug_macro   0x0000000000003211      0x11c ./drivers/CoreGPIO/core_gpio.o
 .debug_macro   0x000000000000332d       0x64 ./drivers/CoreGPIO/core_gpio.o
 .debug_macro   0x0000000000003391       0xc9 ./main.o
 .debug_macro   0x000000000000345a      0x122 ./main.o
 .debug_macro   0x000000000000357c       0x40 ./main.o

.comment        0x0000000000000000       0x58
 .comment       0x0000000000000000       0x58 ./riscv_hal/init.o
                                         0x59 (size before relaxing)
 .comment       0x0000000000000058       0x59 ./riscv_hal/riscv_hal.o
 .comment       0x0000000000000058       0x59 ./riscv_hal/riscv_hal_stubs.o
 .comment       0x0000000000000058       0x59 ./riscv_hal/syscall.o
 .comment       0x0000000000000058       0x59 ./drivers/CoreUARTapb/core_uart_apb.o
 .comment       0x0000000000000058       0x59 ./drivers/CoreGPIO/core_gpio.o
 .comment       0x0000000000000058       0x59 ./main.o

.debug_frame    0x0000000000000000      0xc30
 .debug_frame   0x0000000000000000       0x94 ./riscv_hal/init.o
 .debug_frame   0x0000000000000094      0x164 ./riscv_hal/riscv_hal.o
 .debug_frame   0x00000000000001f8      0x44c ./riscv_hal/riscv_hal_stubs.o
 .debug_frame   0x0000000000000644      0x2ec ./riscv_hal/syscall.o
 .debug_frame   0x0000000000000930       0xf0 ./drivers/CoreUARTapb/core_uart_apb.o
 .debug_frame   0x0000000000000a20      0x1e4 ./drivers/CoreGPIO/core_gpio.o
 .debug_frame   0x0000000000000c04       0x2c ./main.o
