Archive member included to satisfy reference by file (symbol)

c:/microsemi/softconsole_v5.3/riscv-unknown-elf-gcc/bin/../lib/gcc/riscv64-unknown-elf/7.2.0/../../../../riscv64-unknown-elf/lib/rv32im/ilp32\libc.a(lib_a-memset.o)
                              ./drivers/CoreSPI/core_spi.o (memset)
c:/microsemi/softconsole_v5.3/riscv-unknown-elf-gcc/bin/../lib/gcc/riscv64-unknown-elf/7.2.0/../../../../riscv64-unknown-elf/lib/rv32im/ilp32\libc.a(lib_a-sysisatty.o)
                              ./riscv_hal/syscall.o (isatty)
c:/microsemi/softconsole_v5.3/riscv-unknown-elf-gcc/bin/../lib/gcc/riscv64-unknown-elf/7.2.0/../../../../riscv64-unknown-elf/lib/rv32im/ilp32\libc.a(lib_a-syswrite.o)
                              ./riscv_hal/syscall.o (write)
c:/microsemi/softconsole_v5.3/riscv-unknown-elf-gcc/bin/../lib/gcc/riscv64-unknown-elf/7.2.0/../../../../riscv64-unknown-elf/lib/rv32im/ilp32\libc.a(lib_a-writer.o)
                              c:/microsemi/softconsole_v5.3/riscv-unknown-elf-gcc/bin/../lib/gcc/riscv64-unknown-elf/7.2.0/../../../../riscv64-unknown-elf/lib/rv32im/ilp32\libc.a(lib_a-syswrite.o) (_write_r)
c:/microsemi/softconsole_v5.3/riscv-unknown-elf-gcc/bin/../lib/gcc/riscv64-unknown-elf/7.2.0/../../../../riscv64-unknown-elf/lib/rv32im/ilp32\libc.a(lib_a-impure.o)
                              c:/microsemi/softconsole_v5.3/riscv-unknown-elf-gcc/bin/../lib/gcc/riscv64-unknown-elf/7.2.0/../../../../riscv64-unknown-elf/lib/rv32im/ilp32\libc.a(lib_a-syswrite.o) (_impure_ptr)

Allocating common symbols
Common symbol       size              file

errno               0x4               ./riscv_hal/syscall.o
g_gpio_out          0x8               ./main.o
g_uart              0x8               ./main.o

Discarded input sections

 .text          0x0000000000000000        0x0 ./riscv_hal/entry.o
 .data          0x0000000000000000        0x0 ./riscv_hal/entry.o
 .bss           0x0000000000000000        0x0 ./riscv_hal/entry.o
 .text          0x0000000000000000        0x0 ./riscv_hal/init.o
 .data          0x0000000000000000        0x0 ./riscv_hal/init.o
 .bss           0x0000000000000000        0x0 ./riscv_hal/init.o
 .text          0x0000000000000000        0x0 ./riscv_hal/riscv_hal.o
 .data          0x0000000000000000        0x0 ./riscv_hal/riscv_hal.o
 .bss           0x0000000000000000        0x0 ./riscv_hal/riscv_hal.o
 .text.__disable_irq
                0x0000000000000000       0x10 ./riscv_hal/riscv_hal.o
 .text.__enable_irq
                0x0000000000000000        0x8 ./riscv_hal/riscv_hal.o
 .text.SysTick_Config
                0x0000000000000000       0x78 ./riscv_hal/riscv_hal.o
 .text          0x0000000000000000        0x0 ./riscv_hal/riscv_hal_stubs.o
 .data          0x0000000000000000        0x0 ./riscv_hal/riscv_hal_stubs.o
 .bss           0x0000000000000000        0x0 ./riscv_hal/riscv_hal_stubs.o
 .text          0x0000000000000000        0x0 ./riscv_hal/syscall.o
 .data          0x0000000000000000        0x0 ./riscv_hal/syscall.o
 .bss           0x0000000000000000        0x0 ./riscv_hal/syscall.o
 .text.write_hex
                0x0000000000000000       0xb8 ./riscv_hal/syscall.o
 .text._sbrk    0x0000000000000000       0x3c ./riscv_hal/syscall.o
 .text._isatty  0x0000000000000000       0x28 ./riscv_hal/syscall.o
 .text._open    0x0000000000000000       0x14 ./riscv_hal/syscall.o
 .text._openat  0x0000000000000000       0x14 ./riscv_hal/syscall.o
 .text._close   0x0000000000000000       0x14 ./riscv_hal/syscall.o
 .text._execve  0x0000000000000000       0x14 ./riscv_hal/syscall.o
 .text._fork    0x0000000000000000       0x14 ./riscv_hal/syscall.o
 .text._fstat   0x0000000000000000       0x48 ./riscv_hal/syscall.o
 .text._getpid  0x0000000000000000        0x8 ./riscv_hal/syscall.o
 .text._kill    0x0000000000000000       0x14 ./riscv_hal/syscall.o
 .text._link    0x0000000000000000       0x14 ./riscv_hal/syscall.o
 .text._lseek   0x0000000000000000       0x38 ./riscv_hal/syscall.o
 .text._read    0x0000000000000000       0x14 ./riscv_hal/syscall.o
 .text._stat    0x0000000000000000       0x14 ./riscv_hal/syscall.o
 .text._times   0x0000000000000000       0x14 ./riscv_hal/syscall.o
 .text._unlink  0x0000000000000000       0x14 ./riscv_hal/syscall.o
 .text._wait    0x0000000000000000       0x14 ./riscv_hal/syscall.o
 .text._write   0x0000000000000000       0x14 ./riscv_hal/syscall.o
 .rodata.write_hex.str1.4
                0x0000000000000000        0x3 ./riscv_hal/syscall.o
 .sbss.__env    0x0000000000000000        0x4 ./riscv_hal/syscall.o
 .sdata.curbrk.3484
                0x0000000000000000        0x4 ./riscv_hal/syscall.o
 .sdata.environ
                0x0000000000000000        0x4 ./riscv_hal/syscall.o
 COMMON         0x0000000000000000        0x4 ./riscv_hal/syscall.o
 .text          0x0000000000000000        0x0 ./hal/hal_irq.o
 .data          0x0000000000000000        0x0 ./hal/hal_irq.o
 .bss           0x0000000000000000        0x0 ./hal/hal_irq.o
 .text.HAL_enable_interrupts
                0x0000000000000000        0x8 ./hal/hal_irq.o
 .text.HAL_disable_interrupts
                0x0000000000000000       0x2c ./hal/hal_irq.o
 .text.HAL_restore_interrupts
                0x0000000000000000        0x8 ./hal/hal_irq.o
 .comment       0x0000000000000000       0x59 ./hal/hal_irq.o
 .data          0x0000000000000000        0x0 ./hal/hw_reg_access.o
 .bss           0x0000000000000000        0x0 ./hal/hw_reg_access.o
 .text          0x0000000000000000        0x0 ./drivers/CoreUARTapb/core_uart_apb.o
 .data          0x0000000000000000        0x0 ./drivers/CoreUARTapb/core_uart_apb.o
 .bss           0x0000000000000000        0x0 ./drivers/CoreUARTapb/core_uart_apb.o
 .text.UART_send
                0x0000000000000000       0x7c ./drivers/CoreUARTapb/core_uart_apb.o
 .text.UART_fill_tx_fifo
                0x0000000000000000       0xa8 ./drivers/CoreUARTapb/core_uart_apb.o
 .text.UART_get_rx
                0x0000000000000000       0xc8 ./drivers/CoreUARTapb/core_uart_apb.o
 .text.UART_get_rx_status
                0x0000000000000000       0x20 ./drivers/CoreUARTapb/core_uart_apb.o
 .text          0x0000000000000000        0x0 ./drivers/CoreSPI/core_spi.o
 .data          0x0000000000000000        0x0 ./drivers/CoreSPI/core_spi.o
 .bss           0x0000000000000000        0x0 ./drivers/CoreSPI/core_spi.o
 .text.recover_from_rx_overflow.isra.0
                0x0000000000000000       0x74 ./drivers/CoreSPI/core_spi.o
 .text.fill_slave_tx_fifo
                0x0000000000000000       0xdc ./drivers/CoreSPI/core_spi.o
 .text.read_slave_rx_fifo
                0x0000000000000000       0xe4 ./drivers/CoreSPI/core_spi.o
 .text.SPI_init
                0x0000000000000000       0xf4 ./drivers/CoreSPI/core_spi.o
 .text.SPI_configure_slave_mode
                0x0000000000000000       0x8c ./drivers/CoreSPI/core_spi.o
 .text.SPI_configure_master_mode
                0x0000000000000000       0x8c ./drivers/CoreSPI/core_spi.o
 .text.SPI_set_slave_select
                0x0000000000000000       0xbc ./drivers/CoreSPI/core_spi.o
 .text.SPI_clear_slave_select
                0x0000000000000000       0xc0 ./drivers/CoreSPI/core_spi.o
 .text.SPI_transfer_frame
                0x0000000000000000       0xac ./drivers/CoreSPI/core_spi.o
 .text.SPI_transfer_block
                0x0000000000000000      0x42c ./drivers/CoreSPI/core_spi.o
 .text.SPI_set_frame_rx_handler
                0x0000000000000000      0x16c ./drivers/CoreSPI/core_spi.o
 .text.SPI_set_slave_tx_frame
                0x0000000000000000      0x16c ./drivers/CoreSPI/core_spi.o
 .text.SPI_set_slave_block_buffers
                0x0000000000000000      0x214 ./drivers/CoreSPI/core_spi.o
 .text.SPI_set_cmd_handler
                0x0000000000000000       0xac ./drivers/CoreSPI/core_spi.o
 .text.SPI_set_cmd_response
                0x0000000000000000       0x24 ./drivers/CoreSPI/core_spi.o
 .text.SPI_enable
                0x0000000000000000       0x20 ./drivers/CoreSPI/core_spi.o
 .text.SPI_disable
                0x0000000000000000       0x20 ./drivers/CoreSPI/core_spi.o
 .text.SPI_isr  0x0000000000000000      0x508 ./drivers/CoreSPI/core_spi.o
 .comment       0x0000000000000000       0x59 ./drivers/CoreSPI/core_spi.o
 .text          0x0000000000000000        0x0 ./drivers/CoreGPIO/core_gpio.o
 .data          0x0000000000000000        0x0 ./drivers/CoreGPIO/core_gpio.o
 .bss           0x0000000000000000        0x0 ./drivers/CoreGPIO/core_gpio.o
 .text.GPIO_get_inputs
                0x0000000000000000      0x100 ./drivers/CoreGPIO/core_gpio.o
 .text.GPIO_get_outputs
                0x0000000000000000      0x100 ./drivers/CoreGPIO/core_gpio.o
 .text.GPIO_set_output
                0x0000000000000000      0x1a0 ./drivers/CoreGPIO/core_gpio.o
 .text.GPIO_drive_inout
                0x0000000000000000       0xa4 ./drivers/CoreGPIO/core_gpio.o
 .text.GPIO_enable_irq
                0x0000000000000000       0x50 ./drivers/CoreGPIO/core_gpio.o
 .text.GPIO_disable_irq
                0x0000000000000000       0x4c ./drivers/CoreGPIO/core_gpio.o
 .text.GPIO_clear_irq
                0x0000000000000000      0x100 ./drivers/CoreGPIO/core_gpio.o
 .text.GPIO_get_irq_sources
                0x0000000000000000      0x100 ./drivers/CoreGPIO/core_gpio.o
 .text.GPIO_clear_all_irq_sources
                0x0000000000000000       0xf4 ./drivers/CoreGPIO/core_gpio.o
 .text          0x0000000000000000        0x0 ./main.o
 .data          0x0000000000000000        0x0 ./main.o
 .bss           0x0000000000000000        0x0 ./main.o
 .text          0x0000000000000000       0xdc c:/microsemi/softconsole_v5.3/riscv-unknown-elf-gcc/bin/../lib/gcc/riscv64-unknown-elf/7.2.0/../../../../riscv64-unknown-elf/lib/rv32im/ilp32\libc.a(lib_a-memset.o)
 .data          0x0000000000000000        0x0 c:/microsemi/softconsole_v5.3/riscv-unknown-elf-gcc/bin/../lib/gcc/riscv64-unknown-elf/7.2.0/../../../../riscv64-unknown-elf/lib/rv32im/ilp32\libc.a(lib_a-memset.o)
 .bss           0x0000000000000000        0x0 c:/microsemi/softconsole_v5.3/riscv-unknown-elf-gcc/bin/../lib/gcc/riscv64-unknown-elf/7.2.0/../../../../riscv64-unknown-elf/lib/rv32im/ilp32\libc.a(lib_a-memset.o)
 .text          0x0000000000000000        0x0 c:/microsemi/softconsole_v5.3/riscv-unknown-elf-gcc/bin/../lib/gcc/riscv64-unknown-elf/7.2.0/../../../../riscv64-unknown-elf/lib/rv32im/ilp32\libc.a(lib_a-sysisatty.o)
 .data          0x0000000000000000        0x0 c:/microsemi/softconsole_v5.3/riscv-unknown-elf-gcc/bin/../lib/gcc/riscv64-unknown-elf/7.2.0/../../../../riscv64-unknown-elf/lib/rv32im/ilp32\libc.a(lib_a-sysisatty.o)
 .bss           0x0000000000000000        0x0 c:/microsemi/softconsole_v5.3/riscv-unknown-elf-gcc/bin/../lib/gcc/riscv64-unknown-elf/7.2.0/../../../../riscv64-unknown-elf/lib/rv32im/ilp32\libc.a(lib_a-sysisatty.o)
 .text.isatty   0x0000000000000000        0x8 c:/microsemi/softconsole_v5.3/riscv-unknown-elf-gcc/bin/../lib/gcc/riscv64-unknown-elf/7.2.0/../../../../riscv64-unknown-elf/lib/rv32im/ilp32\libc.a(lib_a-sysisatty.o)
 .debug_frame   0x0000000000000000       0x20 c:/microsemi/softconsole_v5.3/riscv-unknown-elf-gcc/bin/../lib/gcc/riscv64-unknown-elf/7.2.0/../../../../riscv64-unknown-elf/lib/rv32im/ilp32\libc.a(lib_a-sysisatty.o)
 .text          0x0000000000000000        0x0 c:/microsemi/softconsole_v5.3/riscv-unknown-elf-gcc/bin/../lib/gcc/riscv64-unknown-elf/7.2.0/../../../../riscv64-unknown-elf/lib/rv32im/ilp32\libc.a(lib_a-syswrite.o)
 .data          0x0000000000000000        0x0 c:/microsemi/softconsole_v5.3/riscv-unknown-elf-gcc/bin/../lib/gcc/riscv64-unknown-elf/7.2.0/../../../../riscv64-unknown-elf/lib/rv32im/ilp32\libc.a(lib_a-syswrite.o)
 .bss           0x0000000000000000        0x0 c:/microsemi/softconsole_v5.3/riscv-unknown-elf-gcc/bin/../lib/gcc/riscv64-unknown-elf/7.2.0/../../../../riscv64-unknown-elf/lib/rv32im/ilp32\libc.a(lib_a-syswrite.o)
 .text.write    0x0000000000000000       0x20 c:/microsemi/softconsole_v5.3/riscv-unknown-elf-gcc/bin/../lib/gcc/riscv64-unknown-elf/7.2.0/../../../../riscv64-unknown-elf/lib/rv32im/ilp32\libc.a(lib_a-syswrite.o)
 .debug_frame   0x0000000000000000       0x20 c:/microsemi/softconsole_v5.3/riscv-unknown-elf-gcc/bin/../lib/gcc/riscv64-unknown-elf/7.2.0/../../../../riscv64-unknown-elf/lib/rv32im/ilp32\libc.a(lib_a-syswrite.o)
 .text          0x0000000000000000        0x0 c:/microsemi/softconsole_v5.3/riscv-unknown-elf-gcc/bin/../lib/gcc/riscv64-unknown-elf/7.2.0/../../../../riscv64-unknown-elf/lib/rv32im/ilp32\libc.a(lib_a-writer.o)
 .data          0x0000000000000000        0x0 c:/microsemi/softconsole_v5.3/riscv-unknown-elf-gcc/bin/../lib/gcc/riscv64-unknown-elf/7.2.0/../../../../riscv64-unknown-elf/lib/rv32im/ilp32\libc.a(lib_a-writer.o)
 .bss           0x0000000000000000        0x0 c:/microsemi/softconsole_v5.3/riscv-unknown-elf-gcc/bin/../lib/gcc/riscv64-unknown-elf/7.2.0/../../../../riscv64-unknown-elf/lib/rv32im/ilp32\libc.a(lib_a-writer.o)
 .text._write_r
                0x0000000000000000       0x6c c:/microsemi/softconsole_v5.3/riscv-unknown-elf-gcc/bin/../lib/gcc/riscv64-unknown-elf/7.2.0/../../../../riscv64-unknown-elf/lib/rv32im/ilp32\libc.a(lib_a-writer.o)
 .debug_frame   0x0000000000000000       0x3c c:/microsemi/softconsole_v5.3/riscv-unknown-elf-gcc/bin/../lib/gcc/riscv64-unknown-elf/7.2.0/../../../../riscv64-unknown-elf/lib/rv32im/ilp32\libc.a(lib_a-writer.o)
 .text          0x0000000000000000        0x0 c:/microsemi/softconsole_v5.3/riscv-unknown-elf-gcc/bin/../lib/gcc/riscv64-unknown-elf/7.2.0/../../../../riscv64-unknown-elf/lib/rv32im/ilp32\libc.a(lib_a-impure.o)
 .data          0x0000000000000000        0x0 c:/microsemi/softconsole_v5.3/riscv-unknown-elf-gcc/bin/../lib/gcc/riscv64-unknown-elf/7.2.0/../../../../riscv64-unknown-elf/lib/rv32im/ilp32\libc.a(lib_a-impure.o)
 .bss           0x0000000000000000        0x0 c:/microsemi/softconsole_v5.3/riscv-unknown-elf-gcc/bin/../lib/gcc/riscv64-unknown-elf/7.2.0/../../../../riscv64-unknown-elf/lib/rv32im/ilp32\libc.a(lib_a-impure.o)
 .data.impure_data
                0x0000000000000000      0x428 c:/microsemi/softconsole_v5.3/riscv-unknown-elf-gcc/bin/../lib/gcc/riscv64-unknown-elf/7.2.0/../../../../riscv64-unknown-elf/lib/rv32im/ilp32\libc.a(lib_a-impure.o)
 .sdata._global_impure_ptr
                0x0000000000000000        0x4 c:/microsemi/softconsole_v5.3/riscv-unknown-elf-gcc/bin/../lib/gcc/riscv64-unknown-elf/7.2.0/../../../../riscv64-unknown-elf/lib/rv32im/ilp32\libc.a(lib_a-impure.o)
 .sdata._impure_ptr
                0x0000000000000000        0x4 c:/microsemi/softconsole_v5.3/riscv-unknown-elf-gcc/bin/../lib/gcc/riscv64-unknown-elf/7.2.0/../../../../riscv64-unknown-elf/lib/rv32im/ilp32\libc.a(lib_a-impure.o)

Memory Configuration

Name             Origin             Length             Attributes
ram              0x0000000080000000 0x0000000000010000 xrw
*default*        0x0000000000000000 0xffffffffffffffff

Linker script and memory map

LOAD ./riscv_hal/entry.o
LOAD ./riscv_hal/init.o
LOAD ./riscv_hal/riscv_hal.o
LOAD ./riscv_hal/riscv_hal_stubs.o
LOAD ./riscv_hal/syscall.o
LOAD ./hal/hal_irq.o
LOAD ./hal/hw_reg_access.o
LOAD ./drivers/CoreUARTapb/core_uart_apb.o
LOAD ./drivers/CoreSPI/core_spi.o
LOAD ./drivers/CoreGPIO/core_gpio.o
LOAD ./main.o
LOAD c:/microsemi/softconsole_v5.3/riscv-unknown-elf-gcc/bin/../lib/gcc/riscv64-unknown-elf/7.2.0/rv32im/ilp32\libgcc.a
START GROUP
LOAD c:/microsemi/softconsole_v5.3/riscv-unknown-elf-gcc/bin/../lib/gcc/riscv64-unknown-elf/7.2.0/../../../../riscv64-unknown-elf/lib/rv32im/ilp32\libc.a
LOAD c:/microsemi/softconsole_v5.3/riscv-unknown-elf-gcc/bin/../lib/gcc/riscv64-unknown-elf/7.2.0/../../../../riscv64-unknown-elf/lib/rv32im/ilp32\libgloss.a
END GROUP
LOAD c:/microsemi/softconsole_v5.3/riscv-unknown-elf-gcc/bin/../lib/gcc/riscv64-unknown-elf/7.2.0/rv32im/ilp32\libgcc.a
                0x0000000080000000                RAM_START_ADDRESS = 0x80000000
                0x0000000000010000                RAM_SIZE = 0x10000
                0x0000000000001000                STACK_SIZE = 0x1000
                0x0000000000001000                HEAP_SIZE = 0x1000

.text           0x0000000080000000      0x9b0
 *(SORT(.text.entry))
 .text.entry    0x0000000080000000      0x160 ./riscv_hal/entry.o
                0x0000000080000000                _start
                0x0000000080000160                . = ALIGN (0x10)
 *(.text .text.* .gnu.linkonce.t.*)
 .text._init    0x0000000080000160       0xc0 ./riscv_hal/init.o
                0x0000000080000160                _init
 .text._fini    0x0000000080000220        0x4 ./riscv_hal/init.o
                0x0000000080000220                _fini
 .text.handle_trap
                0x0000000080000224      0x16c ./riscv_hal/riscv_hal.o
                0x0000000080000224                handle_trap
 .text.Software_IRQHandler
                0x0000000080000390       0x10 ./riscv_hal/riscv_hal_stubs.o
                0x0000000080000390                Software_IRQHandler
 .text.SysTick_Handler
                0x00000000800003a0        0x4 ./riscv_hal/riscv_hal_stubs.o
                0x00000000800003a0                SysTick_Handler
 .text.Invalid_IRQHandler
                0x00000000800003a4        0x8 ./riscv_hal/riscv_hal_stubs.o
                0x00000000800003a4                Invalid_IRQHandler
 .text.External_1_IRQHandler
                0x00000000800003ac        0x8 ./riscv_hal/riscv_hal_stubs.o
                0x00000000800003ac                External_1_IRQHandler
 .text.External_2_IRQHandler
                0x00000000800003b4        0x8 ./riscv_hal/riscv_hal_stubs.o
                0x00000000800003b4                External_2_IRQHandler
 .text.External_3_IRQHandler
                0x00000000800003bc        0x8 ./riscv_hal/riscv_hal_stubs.o
                0x00000000800003bc                External_3_IRQHandler
 .text.External_4_IRQHandler
                0x00000000800003c4        0x8 ./riscv_hal/riscv_hal_stubs.o
                0x00000000800003c4                External_4_IRQHandler
 .text.External_5_IRQHandler
                0x00000000800003cc        0x8 ./riscv_hal/riscv_hal_stubs.o
                0x00000000800003cc                External_5_IRQHandler
 .text.External_6_IRQHandler
                0x00000000800003d4        0x8 ./riscv_hal/riscv_hal_stubs.o
                0x00000000800003d4                External_6_IRQHandler
 .text.External_7_IRQHandler
                0x00000000800003dc        0x8 ./riscv_hal/riscv_hal_stubs.o
                0x00000000800003dc                External_7_IRQHandler
 .text.External_8_IRQHandler
                0x00000000800003e4        0x8 ./riscv_hal/riscv_hal_stubs.o
                0x00000000800003e4                External_8_IRQHandler
 .text.External_9_IRQHandler
                0x00000000800003ec        0x8 ./riscv_hal/riscv_hal_stubs.o
                0x00000000800003ec                External_9_IRQHandler
 .text.External_10_IRQHandler
                0x00000000800003f4        0x8 ./riscv_hal/riscv_hal_stubs.o
                0x00000000800003f4                External_10_IRQHandler
 .text.External_11_IRQHandler
                0x00000000800003fc        0x8 ./riscv_hal/riscv_hal_stubs.o
                0x00000000800003fc                External_11_IRQHandler
 .text.External_12_IRQHandler
                0x0000000080000404        0x8 ./riscv_hal/riscv_hal_stubs.o
                0x0000000080000404                External_12_IRQHandler
 .text.External_13_IRQHandler
                0x000000008000040c        0x8 ./riscv_hal/riscv_hal_stubs.o
                0x000000008000040c                External_13_IRQHandler
 .text.External_14_IRQHandler
                0x0000000080000414        0x8 ./riscv_hal/riscv_hal_stubs.o
                0x0000000080000414                External_14_IRQHandler
 .text.External_15_IRQHandler
                0x000000008000041c        0x8 ./riscv_hal/riscv_hal_stubs.o
                0x000000008000041c                External_15_IRQHandler
 .text.External_16_IRQHandler
                0x0000000080000424        0x8 ./riscv_hal/riscv_hal_stubs.o
                0x0000000080000424                External_16_IRQHandler
 .text.External_17_IRQHandler
                0x000000008000042c        0x8 ./riscv_hal/riscv_hal_stubs.o
                0x000000008000042c                External_17_IRQHandler
 .text.External_18_IRQHandler
                0x0000000080000434        0x8 ./riscv_hal/riscv_hal_stubs.o
                0x0000000080000434                External_18_IRQHandler
 .text.External_19_IRQHandler
                0x000000008000043c        0x8 ./riscv_hal/riscv_hal_stubs.o
                0x000000008000043c                External_19_IRQHandler
 .text.External_20_IRQHandler
                0x0000000080000444        0x8 ./riscv_hal/riscv_hal_stubs.o
                0x0000000080000444                External_20_IRQHandler
 .text.External_21_IRQHandler
                0x000000008000044c        0x8 ./riscv_hal/riscv_hal_stubs.o
                0x000000008000044c                External_21_IRQHandler
 .text.External_22_IRQHandler
                0x0000000080000454        0x8 ./riscv_hal/riscv_hal_stubs.o
                0x0000000080000454                External_22_IRQHandler
 .text.External_23_IRQHandler
                0x000000008000045c        0x8 ./riscv_hal/riscv_hal_stubs.o
                0x000000008000045c                External_23_IRQHandler
 .text.External_24_IRQHandler
                0x0000000080000464        0x8 ./riscv_hal/riscv_hal_stubs.o
                0x0000000080000464                External_24_IRQHandler
 .text.External_25_IRQHandler
                0x000000008000046c        0x8 ./riscv_hal/riscv_hal_stubs.o
                0x000000008000046c                External_25_IRQHandler
 .text.External_26_IRQHandler
                0x0000000080000474        0x8 ./riscv_hal/riscv_hal_stubs.o
                0x0000000080000474                External_26_IRQHandler
 .text.External_27_IRQHandler
                0x000000008000047c        0x8 ./riscv_hal/riscv_hal_stubs.o
                0x000000008000047c                External_27_IRQHandler
 .text.External_28_IRQHandler
                0x0000000080000484        0x8 ./riscv_hal/riscv_hal_stubs.o
                0x0000000080000484                External_28_IRQHandler
 .text.External_29_IRQHandler
                0x000000008000048c        0x8 ./riscv_hal/riscv_hal_stubs.o
                0x000000008000048c                External_29_IRQHandler
 .text.External_30_IRQHandler
                0x0000000080000494        0x8 ./riscv_hal/riscv_hal_stubs.o
                0x0000000080000494                External_30_IRQHandler
 .text.External_31_IRQHandler
                0x000000008000049c        0x8 ./riscv_hal/riscv_hal_stubs.o
                0x000000008000049c                External_31_IRQHandler
 .text._exit    0x00000000800004a4        0x4 ./riscv_hal/syscall.o
                0x00000000800004a4                _exit
 .text          0x00000000800004a8       0xd8 ./hal/hw_reg_access.o
                0x00000000800004a8                HW_set_32bit_reg
                0x00000000800004b0                HW_get_32bit_reg
                0x00000000800004b8                HW_set_32bit_reg_field
                0x00000000800004e0                HW_get_32bit_reg_field
                0x00000000800004f0                HW_set_16bit_reg
                0x00000000800004f8                HW_get_16bit_reg
                0x0000000080000500                HW_set_16bit_reg_field
                0x0000000080000528                HW_get_16bit_reg_field
                0x0000000080000538                HW_set_8bit_reg
                0x0000000080000540                HW_get_8bit_reg
                0x0000000080000548                HW_set_8bit_reg_field
                0x0000000080000570                HW_get_8bit_reg_field
 .text.UART_init
                0x0000000080000580       0xac ./drivers/CoreUARTapb/core_uart_apb.o
                0x0000000080000580                UART_init
 .text.UART_polled_tx_string
                0x000000008000062c       0x68 ./drivers/CoreUARTapb/core_uart_apb.o
                0x000000008000062c                UART_polled_tx_string
 .text.GPIO_init
                0x0000000080000694      0x11c ./drivers/CoreGPIO/core_gpio.o
                0x0000000080000694                GPIO_init
 .text.GPIO_config
                0x00000000800007b0       0x20 ./drivers/CoreGPIO/core_gpio.o
                0x00000000800007b0                GPIO_config
 .text.GPIO_set_outputs
                0x00000000800007d0       0xec ./drivers/CoreGPIO/core_gpio.o
                0x00000000800007d0                GPIO_set_outputs
 .text.startup.main
                0x00000000800008bc       0xe4 ./main.o
                0x00000000800008bc                main
 *(.plt)
                0x00000000800009a0                . = ALIGN (0x10)
 *fill*         0x00000000800009a0        0x0 
 *crtbegin.o(.ctors)
 *(EXCLUDE_FILE(*crtend.o) .ctors)
 *(SORT(.ctors.*))
 *crtend.o(.ctors)
 *crtbegin.o(.dtors)
 *(EXCLUDE_FILE(*crtend.o) .dtors)
 *(SORT(.dtors.*))
 *crtend.o(.dtors)
 *(.rodata .rodata.* .gnu.linkonce.r.*)
 .rodata._init.str1.4
                0x00000000800009a0        0x8 ./riscv_hal/init.o
                                          0x6 (size before relaxing)
 *(.gcc_except_table)
 *(.eh_frame_hdr)
 *(.eh_frame)
 *(.init)
 *(.fini)
                [!provide]                        PROVIDE (__preinit_array_start, .)
 *(.preinit_array)
                [!provide]                        PROVIDE (__preinit_array_end, .)
                [!provide]                        PROVIDE (__init_array_start, .)
 *(SORT(.init_array.*))
 *(.init_array)
                [!provide]                        PROVIDE (__init_array_end, .)
                [!provide]                        PROVIDE (__fini_array_start, .)
 *(.fini_array)
 *(SORT(.fini_array.*))
                [!provide]                        PROVIDE (__fini_array_end, .)
                0x00000000800009b0                . = ALIGN (0x10)
 *fill*         0x00000000800009a8        0x8 

.rela.dyn       0x00000000800009b0        0x0
 .rela.text.entry
                0x00000000800009b0        0x0 ./riscv_hal/entry.o
 .rela.text._init
                0x00000000800009b0        0x0 ./riscv_hal/entry.o
 .rela.text.handle_trap
                0x00000000800009b0        0x0 ./riscv_hal/entry.o
 .rela.data.ext_irq_handler_table
                0x00000000800009b0        0x0 ./riscv_hal/entry.o
 .rela.text.Software_IRQHandler
                0x00000000800009b0        0x0 ./riscv_hal/entry.o
 .rela.text.write_hex
                0x00000000800009b0        0x0 ./riscv_hal/entry.o
 .rela.text._sbrk
                0x00000000800009b0        0x0 ./riscv_hal/entry.o
 .rela.text._isatty
                0x00000000800009b0        0x0 ./riscv_hal/entry.o
 .rela.text._open
                0x00000000800009b0        0x0 ./riscv_hal/entry.o
 .rela.text._openat
                0x00000000800009b0        0x0 ./riscv_hal/entry.o
 .rela.text._close
                0x00000000800009b0        0x0 ./riscv_hal/entry.o
 .rela.text._execve
                0x00000000800009b0        0x0 ./riscv_hal/entry.o
 .rela.text._fork
                0x00000000800009b0        0x0 ./riscv_hal/entry.o
 .rela.text._fstat
                0x00000000800009b0        0x0 ./riscv_hal/entry.o
 .rela.text._kill
                0x00000000800009b0        0x0 ./riscv_hal/entry.o
 .rela.text._link
                0x00000000800009b0        0x0 ./riscv_hal/entry.o
 .rela.text._lseek
                0x00000000800009b0        0x0 ./riscv_hal/entry.o
 .rela.text._read
                0x00000000800009b0        0x0 ./riscv_hal/entry.o
 .rela.text._stat
                0x00000000800009b0        0x0 ./riscv_hal/entry.o
 .rela.text._times
                0x00000000800009b0        0x0 ./riscv_hal/entry.o
 .rela.text._unlink
                0x00000000800009b0        0x0 ./riscv_hal/entry.o
 .rela.text._wait
                0x00000000800009b0        0x0 ./riscv_hal/entry.o
 .rela.text._write
                0x00000000800009b0        0x0 ./riscv_hal/entry.o
 .rela.sdata.curbrk.3484
                0x00000000800009b0        0x0 ./riscv_hal/entry.o
 .rela.text.SPI_init
                0x00000000800009b0        0x0 ./riscv_hal/entry.o
 .rela.text.startup.main
                0x00000000800009b0        0x0 ./riscv_hal/entry.o
 .rela.text.write
                0x00000000800009b0        0x0 ./riscv_hal/entry.o
 .rela.text._write_r
                0x00000000800009b0        0x0 ./riscv_hal/entry.o

.sdata          0x00000000800009b0        0x0
                0x00000000800009b0                __sdata_load = LOADADDR (.sdata)
                0x00000000800009b0                __sdata_start = .
                0x00000000800011b0                PROVIDE (__global_pointer$, (. + 0x800))
 *(.srodata.cst16)
 *(.srodata.cst8)
 *(.srodata.cst4)
 *(.srodata.cst2)
 *(.srodata*)
 *(.sdata .sdata.* .gnu.linkonce.s.*)
                0x00000000800009b0                . = ALIGN (0x10)
                0x00000000800009b0                __sdata_end = .

.data           0x00000000800009b0       0xb0
                0x00000000800009b0                __data_load = LOADADDR (.data)
                0x00000000800009b0                __data_start = .
 *(.got.plt)
 *(.got)
 *(.shdata)
 *(.data .data.* .gnu.linkonce.d.*)
 .data.ext_irq_handler_table
                0x00000000800009b0       0x80 ./riscv_hal/riscv_hal.o
                0x00000000800009b0                ext_irq_handler_table
 .data.testmsg  0x0000000080000a30       0x12 ./main.o
                0x0000000080000a30                testmsg
 *fill*         0x0000000080000a42        0x2 
 .data.testmsg2
                0x0000000080000a44       0x14 ./main.o
                0x0000000080000a44                testmsg2
                0x0000000080000a60                . = ALIGN (0x10)
 *fill*         0x0000000080000a58        0x8 
                0x0000000080000a60                __data_end = .

.sbss           0x0000000080000a60       0x10
                0x0000000080000a60                __sbss_start = .
 *(.sbss .sbss.* .gnu.linkonce.sb.*)
 .sbss.g_systick_increment
                0x0000000080000a60        0x8 ./riscv_hal/riscv_hal.o
 *(.scommon)
                0x0000000080000a70                . = ALIGN (0x10)
 *fill*         0x0000000080000a68        0x8 
                0x0000000080000a70                __sbss_end = .

.bss            0x0000000080000a70       0x10
                0x0000000080000a70                __bss_start = .
 *(.shbss)
 *(.bss .bss.* .gnu.linkonce.b.*)
 *(COMMON)
 COMMON         0x0000000080000a70       0x10 ./main.o
                0x0000000080000a70                g_gpio_out
                0x0000000080000a78                g_uart
                0x0000000080000a80                . = ALIGN (0x10)
                0x0000000080000a80                __bss_end = .
                0x0000000080000a80                _end = .

.heap           0x0000000080000a80     0x1000
                0x0000000080000a80                __heap_start = .
                0x0000000080001a80                . = (. + HEAP_SIZE)
 *fill*         0x0000000080000a80     0x1000 
                0x0000000080001a80                __heap_end = .
                0x0000000080001a80                . = ALIGN (0x10)
                0x0000000080001a80                _heap_end = __heap_end

.stack          0x0000000080001a80     0x1000
                0x0000000080001a80                __stack_bottom = .
                0x0000000080002a80                . = (. + STACK_SIZE)
 *fill*         0x0000000080001a80     0x1000 
                0x0000000080002a80                __stack_top = .
OUTPUT(MiV_uart_blinky.elf elf32-littleriscv)

.comment        0x0000000000000000       0x58
 .comment       0x0000000000000000       0x58 ./riscv_hal/init.o
                                         0x59 (size before relaxing)
 .comment       0x0000000000000058       0x59 ./riscv_hal/riscv_hal.o
 .comment       0x0000000000000058       0x59 ./riscv_hal/riscv_hal_stubs.o
 .comment       0x0000000000000058       0x59 ./riscv_hal/syscall.o
 .comment       0x0000000000000058       0x59 ./drivers/CoreUARTapb/core_uart_apb.o
 .comment       0x0000000000000058       0x59 ./drivers/CoreGPIO/core_gpio.o
 .comment       0x0000000000000058       0x59 ./main.o
