08:43:22 **** Build of configuration Debug for project bootloader_python ****
make all 
Building file: ../riscv_hal/entry.S
Invoking: GNU RISC-V Cross Assembler
riscv64-unknown-elf-gcc -march=rv32i -mabi=ilp32 -msmall-data-limit=8 -O0 -fmessage-length=0 -fsigned-char -ffunction-sections -fdata-sections  -g3 -x assembler-with-cpp -MMD -MP -MF"riscv_hal/entry.d" -MT"riscv_hal/entry.o" -c -o "riscv_hal/entry.o" "../riscv_hal/entry.S"
Finished building: ../riscv_hal/entry.S
 
Building file: ../riscv_hal/init.c
Invoking: GNU RISC-V Cross C Compiler
riscv64-unknown-elf-gcc -march=rv32i -mabi=ilp32 -msmall-data-limit=8 -O0 -fmessage-length=0 -fsigned-char -ffunction-sections -fdata-sections  -g3 -I"C:\Microsemiprj_PF\apps\riscv_bootloader\UART_2_SPI_Bridge_everest2_ddr\SoftConsole53\bootloader_python" -I"C:\Microsemiprj_PF\apps\riscv_bootloader\UART_2_SPI_Bridge_everest2_ddr\SoftConsole53\bootloader_python\hal" -I"C:\Microsemiprj_PF\apps\riscv_bootloader\UART_2_SPI_Bridge_everest2_ddr\SoftConsole53\bootloader_python\riscv_hal" -I"C:\Microsemiprj_PF\apps\riscv_bootloader\UART_2_SPI_Bridge_everest2_ddr\SoftConsole53\bootloader_python\drivers\xmodem" -I"C:\Microsemiprj_PF\apps\riscv_bootloader\UART_2_SPI_Bridge_everest2_ddr\SoftConsole53\bootloader_python\drivers\CoreGPIO" -I"C:\Microsemiprj_PF\apps\riscv_bootloader\UART_2_SPI_Bridge_everest2_ddr\SoftConsole53\bootloader_python\drivers\CoreUARTapb" -I"C:\Microsemiprj_PF\apps\riscv_bootloader\UART_2_SPI_Bridge_everest2_ddr\SoftConsole53\bootloader_python\drivers\CoreSPI" -I"C:\Microsemiprj_PF\apps\riscv_bootloader\UART_2_SPI_Bridge_everest2_ddr\SoftConsole53\bootloader_python\drivers\mt25ql01gbbb" -std=gnu11 -MMD -MP -MF"riscv_hal/init.d" -MT"riscv_hal/init.o" -c -o "riscv_hal/init.o" "../riscv_hal/init.c"
Finished building: ../riscv_hal/init.c
 
Building file: ../riscv_hal/riscv_hal.c
Invoking: GNU RISC-V Cross C Compiler
riscv64-unknown-elf-gcc -march=rv32i -mabi=ilp32 -msmall-data-limit=8 -O0 -fmessage-length=0 -fsigned-char -ffunction-sections -fdata-sections  -g3 -I"C:\Microsemiprj_PF\apps\riscv_bootloader\UART_2_SPI_Bridge_everest2_ddr\SoftConsole53\bootloader_python" -I"C:\Microsemiprj_PF\apps\riscv_bootloader\UART_2_SPI_Bridge_everest2_ddr\SoftConsole53\bootloader_python\hal" -I"C:\Microsemiprj_PF\apps\riscv_bootloader\UART_2_SPI_Bridge_everest2_ddr\SoftConsole53\bootloader_python\riscv_hal" -I"C:\Microsemiprj_PF\apps\riscv_bootloader\UART_2_SPI_Bridge_everest2_ddr\SoftConsole53\bootloader_python\drivers\xmodem" -I"C:\Microsemiprj_PF\apps\riscv_bootloader\UART_2_SPI_Bridge_everest2_ddr\SoftConsole53\bootloader_python\drivers\CoreGPIO" -I"C:\Microsemiprj_PF\apps\riscv_bootloader\UART_2_SPI_Bridge_everest2_ddr\SoftConsole53\bootloader_python\drivers\CoreUARTapb" -I"C:\Microsemiprj_PF\apps\riscv_bootloader\UART_2_SPI_Bridge_everest2_ddr\SoftConsole53\bootloader_python\drivers\CoreSPI" -I"C:\Microsemiprj_PF\apps\riscv_bootloader\UART_2_SPI_Bridge_everest2_ddr\SoftConsole53\bootloader_python\drivers\mt25ql01gbbb" -std=gnu11 -MMD -MP -MF"riscv_hal/riscv_hal.d" -MT"riscv_hal/riscv_hal.o" -c -o "riscv_hal/riscv_hal.o" "../riscv_hal/riscv_hal.c"
Finished building: ../riscv_hal/riscv_hal.c
 
Building file: ../riscv_hal/riscv_hal_stubs.c
Invoking: GNU RISC-V Cross C Compiler
riscv64-unknown-elf-gcc -march=rv32i -mabi=ilp32 -msmall-data-limit=8 -O0 -fmessage-length=0 -fsigned-char -ffunction-sections -fdata-sections  -g3 -I"C:\Microsemiprj_PF\apps\riscv_bootloader\UART_2_SPI_Bridge_everest2_ddr\SoftConsole53\bootloader_python" -I"C:\Microsemiprj_PF\apps\riscv_bootloader\UART_2_SPI_Bridge_everest2_ddr\SoftConsole53\bootloader_python\hal" -I"C:\Microsemiprj_PF\apps\riscv_bootloader\UART_2_SPI_Bridge_everest2_ddr\SoftConsole53\bootloader_python\riscv_hal" -I"C:\Microsemiprj_PF\apps\riscv_bootloader\UART_2_SPI_Bridge_everest2_ddr\SoftConsole53\bootloader_python\drivers\xmodem" -I"C:\Microsemiprj_PF\apps\riscv_bootloader\UART_2_SPI_Bridge_everest2_ddr\SoftConsole53\bootloader_python\drivers\CoreGPIO" -I"C:\Microsemiprj_PF\apps\riscv_bootloader\UART_2_SPI_Bridge_everest2_ddr\SoftConsole53\bootloader_python\drivers\CoreUARTapb" -I"C:\Microsemiprj_PF\apps\riscv_bootloader\UART_2_SPI_Bridge_everest2_ddr\SoftConsole53\bootloader_python\drivers\CoreSPI" -I"C:\Microsemiprj_PF\apps\riscv_bootloader\UART_2_SPI_Bridge_everest2_ddr\SoftConsole53\bootloader_python\drivers\mt25ql01gbbb" -std=gnu11 -MMD -MP -MF"riscv_hal/riscv_hal_stubs.d" -MT"riscv_hal/riscv_hal_stubs.o" -c -o "riscv_hal/riscv_hal_stubs.o" "../riscv_hal/riscv_hal_stubs.c"
Finished building: ../riscv_hal/riscv_hal_stubs.c
 
Building file: ../riscv_hal/syscall.c
Invoking: GNU RISC-V Cross C Compiler
riscv64-unknown-elf-gcc -march=rv32i -mabi=ilp32 -msmall-data-limit=8 -O0 -fmessage-length=0 -fsigned-char -ffunction-sections -fdata-sections  -g3 -I"C:\Microsemiprj_PF\apps\riscv_bootloader\UART_2_SPI_Bridge_everest2_ddr\SoftConsole53\bootloader_python" -I"C:\Microsemiprj_PF\apps\riscv_bootloader\UART_2_SPI_Bridge_everest2_ddr\SoftConsole53\bootloader_python\hal" -I"C:\Microsemiprj_PF\apps\riscv_bootloader\UART_2_SPI_Bridge_everest2_ddr\SoftConsole53\bootloader_python\riscv_hal" -I"C:\Microsemiprj_PF\apps\riscv_bootloader\UART_2_SPI_Bridge_everest2_ddr\SoftConsole53\bootloader_python\drivers\xmodem" -I"C:\Microsemiprj_PF\apps\riscv_bootloader\UART_2_SPI_Bridge_everest2_ddr\SoftConsole53\bootloader_python\drivers\CoreGPIO" -I"C:\Microsemiprj_PF\apps\riscv_bootloader\UART_2_SPI_Bridge_everest2_ddr\SoftConsole53\bootloader_python\drivers\CoreUARTapb" -I"C:\Microsemiprj_PF\apps\riscv_bootloader\UART_2_SPI_Bridge_everest2_ddr\SoftConsole53\bootloader_python\drivers\CoreSPI" -I"C:\Microsemiprj_PF\apps\riscv_bootloader\UART_2_SPI_Bridge_everest2_ddr\SoftConsole53\bootloader_python\drivers\mt25ql01gbbb" -std=gnu11 -MMD -MP -MF"riscv_hal/syscall.d" -MT"riscv_hal/syscall.o" -c -o "riscv_hal/syscall.o" "../riscv_hal/syscall.c"
Finished building: ../riscv_hal/syscall.c
 
Building file: ../hal/hal_irq.c
Invoking: GNU RISC-V Cross C Compiler
riscv64-unknown-elf-gcc -march=rv32i -mabi=ilp32 -msmall-data-limit=8 -O0 -fmessage-length=0 -fsigned-char -ffunction-sections -fdata-sections  -g3 -I"C:\Microsemiprj_PF\apps\riscv_bootloader\UART_2_SPI_Bridge_everest2_ddr\SoftConsole53\bootloader_python" -I"C:\Microsemiprj_PF\apps\riscv_bootloader\UART_2_SPI_Bridge_everest2_ddr\SoftConsole53\bootloader_python\hal" -I"C:\Microsemiprj_PF\apps\riscv_bootloader\UART_2_SPI_Bridge_everest2_ddr\SoftConsole53\bootloader_python\riscv_hal" -I"C:\Microsemiprj_PF\apps\riscv_bootloader\UART_2_SPI_Bridge_everest2_ddr\SoftConsole53\bootloader_python\drivers\xmodem" -I"C:\Microsemiprj_PF\apps\riscv_bootloader\UART_2_SPI_Bridge_everest2_ddr\SoftConsole53\bootloader_python\drivers\CoreGPIO" -I"C:\Microsemiprj_PF\apps\riscv_bootloader\UART_2_SPI_Bridge_everest2_ddr\SoftConsole53\bootloader_python\drivers\CoreUARTapb" -I"C:\Microsemiprj_PF\apps\riscv_bootloader\UART_2_SPI_Bridge_everest2_ddr\SoftConsole53\bootloader_python\drivers\CoreSPI" -I"C:\Microsemiprj_PF\apps\riscv_bootloader\UART_2_SPI_Bridge_everest2_ddr\SoftConsole53\bootloader_python\drivers\mt25ql01gbbb" -std=gnu11 -MMD -MP -MF"hal/hal_irq.d" -MT"hal/hal_irq.o" -c -o "hal/hal_irq.o" "../hal/hal_irq.c"
Finished building: ../hal/hal_irq.c
 
Building file: ../hal/hw_reg_access.S
Invoking: GNU RISC-V Cross Assembler
riscv64-unknown-elf-gcc -march=rv32i -mabi=ilp32 -msmall-data-limit=8 -O0 -fmessage-length=0 -fsigned-char -ffunction-sections -fdata-sections  -g3 -x assembler-with-cpp -MMD -MP -MF"hal/hw_reg_access.d" -MT"hal/hw_reg_access.o" -c -o "hal/hw_reg_access.o" "../hal/hw_reg_access.S"
Finished building: ../hal/hw_reg_access.S
 
Building file: ../drivers/xmodem/xmodem.c
Invoking: GNU RISC-V Cross C Compiler
riscv64-unknown-elf-gcc -march=rv32i -mabi=ilp32 -msmall-data-limit=8 -O0 -fmessage-length=0 -fsigned-char -ffunction-sections -fdata-sections  -g3 -I"C:\Microsemiprj_PF\apps\riscv_bootloader\UART_2_SPI_Bridge_everest2_ddr\SoftConsole53\bootloader_python" -I"C:\Microsemiprj_PF\apps\riscv_bootloader\UART_2_SPI_Bridge_everest2_ddr\SoftConsole53\bootloader_python\hal" -I"C:\Microsemiprj_PF\apps\riscv_bootloader\UART_2_SPI_Bridge_everest2_ddr\SoftConsole53\bootloader_python\riscv_hal" -I"C:\Microsemiprj_PF\apps\riscv_bootloader\UART_2_SPI_Bridge_everest2_ddr\SoftConsole53\bootloader_python\drivers\xmodem" -I"C:\Microsemiprj_PF\apps\riscv_bootloader\UART_2_SPI_Bridge_everest2_ddr\SoftConsole53\bootloader_python\drivers\CoreGPIO" -I"C:\Microsemiprj_PF\apps\riscv_bootloader\UART_2_SPI_Bridge_everest2_ddr\SoftConsole53\bootloader_python\drivers\CoreUARTapb" -I"C:\Microsemiprj_PF\apps\riscv_bootloader\UART_2_SPI_Bridge_everest2_ddr\SoftConsole53\bootloader_python\drivers\CoreSPI" -I"C:\Microsemiprj_PF\apps\riscv_bootloader\UART_2_SPI_Bridge_everest2_ddr\SoftConsole53\bootloader_python\drivers\mt25ql01gbbb" -std=gnu11 -MMD -MP -MF"drivers/xmodem/xmodem.d" -MT"drivers/xmodem/xmodem.o" -c -o "drivers/xmodem/xmodem.o" "../drivers/xmodem/xmodem.c"
Finished building: ../drivers/xmodem/xmodem.c
 
Building file: ../drivers/mt25ql01gbbb/mt25ql01gbbb.c
Invoking: GNU RISC-V Cross C Compiler
riscv64-unknown-elf-gcc -march=rv32i -mabi=ilp32 -msmall-data-limit=8 -O0 -fmessage-length=0 -fsigned-char -ffunction-sections -fdata-sections  -g3 -I"C:\Microsemiprj_PF\apps\riscv_bootloader\UART_2_SPI_Bridge_everest2_ddr\SoftConsole53\bootloader_python" -I"C:\Microsemiprj_PF\apps\riscv_bootloader\UART_2_SPI_Bridge_everest2_ddr\SoftConsole53\bootloader_python\hal" -I"C:\Microsemiprj_PF\apps\riscv_bootloader\UART_2_SPI_Bridge_everest2_ddr\SoftConsole53\bootloader_python\riscv_hal" -I"C:\Microsemiprj_PF\apps\riscv_bootloader\UART_2_SPI_Bridge_everest2_ddr\SoftConsole53\bootloader_python\drivers\xmodem" -I"C:\Microsemiprj_PF\apps\riscv_bootloader\UART_2_SPI_Bridge_everest2_ddr\SoftConsole53\bootloader_python\drivers\CoreGPIO" -I"C:\Microsemiprj_PF\apps\riscv_bootloader\UART_2_SPI_Bridge_everest2_ddr\SoftConsole53\bootloader_python\drivers\CoreUARTapb" -I"C:\Microsemiprj_PF\apps\riscv_bootloader\UART_2_SPI_Bridge_everest2_ddr\SoftConsole53\bootloader_python\drivers\CoreSPI" -I"C:\Microsemiprj_PF\apps\riscv_bootloader\UART_2_SPI_Bridge_everest2_ddr\SoftConsole53\bootloader_python\drivers\mt25ql01gbbb" -std=gnu11 -MMD -MP -MF"drivers/mt25ql01gbbb/mt25ql01gbbb.d" -MT"drivers/mt25ql01gbbb/mt25ql01gbbb.o" -c -o "drivers/mt25ql01gbbb/mt25ql01gbbb.o" "../drivers/mt25ql01gbbb/mt25ql01gbbb.c"
Finished building: ../drivers/mt25ql01gbbb/mt25ql01gbbb.c
 
Building file: ../drivers/CoreUARTapb/core_uart_apb.c
Invoking: GNU RISC-V Cross C Compiler
riscv64-unknown-elf-gcc -march=rv32i -mabi=ilp32 -msmall-data-limit=8 -O0 -fmessage-length=0 -fsigned-char -ffunction-sections -fdata-sections  -g3 -I"C:\Microsemiprj_PF\apps\riscv_bootloader\UART_2_SPI_Bridge_everest2_ddr\SoftConsole53\bootloader_python" -I"C:\Microsemiprj_PF\apps\riscv_bootloader\UART_2_SPI_Bridge_everest2_ddr\SoftConsole53\bootloader_python\hal" -I"C:\Microsemiprj_PF\apps\riscv_bootloader\UART_2_SPI_Bridge_everest2_ddr\SoftConsole53\bootloader_python\riscv_hal" -I"C:\Microsemiprj_PF\apps\riscv_bootloader\UART_2_SPI_Bridge_everest2_ddr\SoftConsole53\bootloader_python\drivers\xmodem" -I"C:\Microsemiprj_PF\apps\riscv_bootloader\UART_2_SPI_Bridge_everest2_ddr\SoftConsole53\bootloader_python\drivers\CoreGPIO" -I"C:\Microsemiprj_PF\apps\riscv_bootloader\UART_2_SPI_Bridge_everest2_ddr\SoftConsole53\bootloader_python\drivers\CoreUARTapb" -I"C:\Microsemiprj_PF\apps\riscv_bootloader\UART_2_SPI_Bridge_everest2_ddr\SoftConsole53\bootloader_python\drivers\CoreSPI" -I"C:\Microsemiprj_PF\apps\riscv_bootloader\UART_2_SPI_Bridge_everest2_ddr\SoftConsole53\bootloader_python\drivers\mt25ql01gbbb" -std=gnu11 -MMD -MP -MF"drivers/CoreUARTapb/core_uart_apb.d" -MT"drivers/CoreUARTapb/core_uart_apb.o" -c -o "drivers/CoreUARTapb/core_uart_apb.o" "../drivers/CoreUARTapb/core_uart_apb.c"
Finished building: ../drivers/CoreUARTapb/core_uart_apb.c
 
Building file: ../drivers/CoreSPI/core_spi.c
Invoking: GNU RISC-V Cross C Compiler
riscv64-unknown-elf-gcc -march=rv32i -mabi=ilp32 -msmall-data-limit=8 -O0 -fmessage-length=0 -fsigned-char -ffunction-sections -fdata-sections  -g3 -I"C:\Microsemiprj_PF\apps\riscv_bootloader\UART_2_SPI_Bridge_everest2_ddr\SoftConsole53\bootloader_python" -I"C:\Microsemiprj_PF\apps\riscv_bootloader\UART_2_SPI_Bridge_everest2_ddr\SoftConsole53\bootloader_python\hal" -I"C:\Microsemiprj_PF\apps\riscv_bootloader\UART_2_SPI_Bridge_everest2_ddr\SoftConsole53\bootloader_python\riscv_hal" -I"C:\Microsemiprj_PF\apps\riscv_bootloader\UART_2_SPI_Bridge_everest2_ddr\SoftConsole53\bootloader_python\drivers\xmodem" -I"C:\Microsemiprj_PF\apps\riscv_bootloader\UART_2_SPI_Bridge_everest2_ddr\SoftConsole53\bootloader_python\drivers\CoreGPIO" -I"C:\Microsemiprj_PF\apps\riscv_bootloader\UART_2_SPI_Bridge_everest2_ddr\SoftConsole53\bootloader_python\drivers\CoreUARTapb" -I"C:\Microsemiprj_PF\apps\riscv_bootloader\UART_2_SPI_Bridge_everest2_ddr\SoftConsole53\bootloader_python\drivers\CoreSPI" -I"C:\Microsemiprj_PF\apps\riscv_bootloader\UART_2_SPI_Bridge_everest2_ddr\SoftConsole53\bootloader_python\drivers\mt25ql01gbbb" -std=gnu11 -MMD -MP -MF"drivers/CoreSPI/core_spi.d" -MT"drivers/CoreSPI/core_spi.o" -c -o "drivers/CoreSPI/core_spi.o" "../drivers/CoreSPI/core_spi.c"
Finished building: ../drivers/CoreSPI/core_spi.c
 
Building file: ../drivers/CoreGPIO/core_gpio.c
Invoking: GNU RISC-V Cross C Compiler
riscv64-unknown-elf-gcc -march=rv32i -mabi=ilp32 -msmall-data-limit=8 -O0 -fmessage-length=0 -fsigned-char -ffunction-sections -fdata-sections  -g3 -I"C:\Microsemiprj_PF\apps\riscv_bootloader\UART_2_SPI_Bridge_everest2_ddr\SoftConsole53\bootloader_python" -I"C:\Microsemiprj_PF\apps\riscv_bootloader\UART_2_SPI_Bridge_everest2_ddr\SoftConsole53\bootloader_python\hal" -I"C:\Microsemiprj_PF\apps\riscv_bootloader\UART_2_SPI_Bridge_everest2_ddr\SoftConsole53\bootloader_python\riscv_hal" -I"C:\Microsemiprj_PF\apps\riscv_bootloader\UART_2_SPI_Bridge_everest2_ddr\SoftConsole53\bootloader_python\drivers\xmodem" -I"C:\Microsemiprj_PF\apps\riscv_bootloader\UART_2_SPI_Bridge_everest2_ddr\SoftConsole53\bootloader_python\drivers\CoreGPIO" -I"C:\Microsemiprj_PF\apps\riscv_bootloader\UART_2_SPI_Bridge_everest2_ddr\SoftConsole53\bootloader_python\drivers\CoreUARTapb" -I"C:\Microsemiprj_PF\apps\riscv_bootloader\UART_2_SPI_Bridge_everest2_ddr\SoftConsole53\bootloader_python\drivers\CoreSPI" -I"C:\Microsemiprj_PF\apps\riscv_bootloader\UART_2_SPI_Bridge_everest2_ddr\SoftConsole53\bootloader_python\drivers\mt25ql01gbbb" -std=gnu11 -MMD -MP -MF"drivers/CoreGPIO/core_gpio.d" -MT"drivers/CoreGPIO/core_gpio.o" -c -o "drivers/CoreGPIO/core_gpio.o" "../drivers/CoreGPIO/core_gpio.c"
Finished building: ../drivers/CoreGPIO/core_gpio.c
 
Building file: ../main.c
Invoking: GNU RISC-V Cross C Compiler
riscv64-unknown-elf-gcc -march=rv32i -mabi=ilp32 -msmall-data-limit=8 -O0 -fmessage-length=0 -fsigned-char -ffunction-sections -fdata-sections  -g3 -I"C:\Microsemiprj_PF\apps\riscv_bootloader\UART_2_SPI_Bridge_everest2_ddr\SoftConsole53\bootloader_python" -I"C:\Microsemiprj_PF\apps\riscv_bootloader\UART_2_SPI_Bridge_everest2_ddr\SoftConsole53\bootloader_python\hal" -I"C:\Microsemiprj_PF\apps\riscv_bootloader\UART_2_SPI_Bridge_everest2_ddr\SoftConsole53\bootloader_python\riscv_hal" -I"C:\Microsemiprj_PF\apps\riscv_bootloader\UART_2_SPI_Bridge_everest2_ddr\SoftConsole53\bootloader_python\drivers\xmodem" -I"C:\Microsemiprj_PF\apps\riscv_bootloader\UART_2_SPI_Bridge_everest2_ddr\SoftConsole53\bootloader_python\drivers\CoreGPIO" -I"C:\Microsemiprj_PF\apps\riscv_bootloader\UART_2_SPI_Bridge_everest2_ddr\SoftConsole53\bootloader_python\drivers\CoreUARTapb" -I"C:\Microsemiprj_PF\apps\riscv_bootloader\UART_2_SPI_Bridge_everest2_ddr\SoftConsole53\bootloader_python\drivers\CoreSPI" -I"C:\Microsemiprj_PF\apps\riscv_bootloader\UART_2_SPI_Bridge_everest2_ddr\SoftConsole53\bootloader_python\drivers\mt25ql01gbbb" -std=gnu11 -MMD -MP -MF"main.d" -MT"main.o" -c -o "main.o" "../main.c"
../main.c: In function 'application_write':
../main.c:398:10: warning: assignment makes pointer from integer without a cast [-Wint-conversion]
  address = DDR3_base_address;
          ^
Finished building: ../main.c
 
Building target: bootloader_python.elf
Invoking: GNU RISC-V Cross C Linker
riscv64-unknown-elf-gcc -march=rv32i -mabi=ilp32 -msmall-data-limit=8 -O0 -fmessage-length=0 -fsigned-char -ffunction-sections -fdata-sections  -g3 -T "C:\Microsemiprj_PF\apps\riscv_bootloader\UART_2_SPI_Bridge_everest2_ddr\SoftConsole53\bootloader_python\riscv_hal\microsemi-riscv-ram7000.ld" -nostartfiles -Xlinker --gc-sections -Wl,-Map,"bootloader_python.map" --specs=nano.specs -o "bootloader_python.elf"  ./riscv_hal/entry.o ./riscv_hal/init.o ./riscv_hal/riscv_hal.o ./riscv_hal/riscv_hal_stubs.o ./riscv_hal/syscall.o  ./hal/hal_irq.o ./hal/hw_reg_access.o  ./drivers/xmodem/xmodem.o  ./drivers/mt25ql01gbbb/mt25ql01gbbb.o  ./drivers/CoreUARTapb/core_uart_apb.o  ./drivers/CoreSPI/core_spi.o  ./drivers/CoreGPIO/core_gpio.o  ./main.o    
Finished building target: bootloader_python.elf
 
Invoking: GNU RISC-V Cross Create Flash Image
riscv64-unknown-elf-objcopy -O ihex "bootloader_python.elf"  "bootloader_python.hex"
Finished building: bootloader_python.hex
 
Invoking: GNU RISC-V Cross Print Size
riscv64-unknown-elf-size --format=berkeley "bootloader_python.elf"
   text	   data	    bss	    dec	    hex	filename
  14128	    128	  12400	  26656	   6820	bootloader_python.elf
Finished building: bootloader_python.siz
 

08:43:59 Build Finished (took 36s.969ms)

